$ date -R
Fri, 31 Jan 2025 09:52:06 +1100
$ git checkout master
Already on 'master'
$ git reset --hard stable
HEAD is now at ebbb8be421ee Merge tag 'regulator-fix-v6.14-merge-window' of git://git.kernel.org/pub/scm/linux/kernel/git/broonie/regulator
Merging origin/master (b4b0881156fb Merge tag 'docs-6.14-2' of git://git.lwn.net/linux)
$ git merge -m Merge branch 'master' of git://git.kernel.org/pub/scm/linux/kernel/git/torvalds/linux.git origin/master
Updating ebbb8be421ee..b4b0881156fb
Fast-forward (no commit created; -m option ignored)
 Documentation/block/ublk.rst                       |   2 -
 .../devicetree/bindings/dma/adi,axi-dmac.txt       |  61 ---
 .../devicetree/bindings/dma/adi,axi-dmac.yaml      | 129 +++++
 .../bindings/dma/allwinner,sun4i-a10-dma.yaml      |   4 +-
 .../devicetree/bindings/dma/atmel,sama5d4-dma.yaml |  79 +++
 .../devicetree/bindings/dma/atmel-xdma.txt         |  54 --
 .../devicetree/bindings/dma/fsl,edma.yaml          |  34 ++
 .../bindings/dma/nvidia,tegra210-adma.yaml         |  60 ++-
 .../devicetree/bindings/dma/qcom,gpi.yaml          |   4 +
 .../bindings/dma/stm32/st,stm32-dmamux.yaml        |  10 +
 .../devicetree/bindings/dma/ti/k3-bcdma.yaml       |   5 +-
 .../bindings/phy/phy-rockchip-naneng-combphy.yaml  |   1 +
 .../bindings/phy/qcom,ipq8074-qmp-pcie-phy.yaml    |  21 +-
 .../devicetree/bindings/phy/qcom,qusb2-phy.yaml    |   1 +
 .../bindings/phy/qcom,sc8280xp-qmp-pcie-phy.yaml   |   6 +
 .../phy/qcom,sc8280xp-qmp-usb3-uni-phy.yaml        |   2 +
 .../phy/qcom,sc8280xp-qmp-usb43dp-phy.yaml         |   2 +
 Documentation/filesystems/locking.rst              |   7 +-
 Documentation/filesystems/porting.rst              |  16 +
 Documentation/filesystems/vfs.rst                  |  24 +-
 Documentation/power/video.rst                      |   2 +-
 MAINTAINERS                                        |  11 +-
 arch/s390/Kconfig                                  |   9 +-
 arch/s390/Makefile                                 |   2 +-
 arch/s390/boot/als.c                               |  10 +-
 arch/s390/boot/boot.h                              |  26 +-
 arch/s390/boot/decompressor.c                      |  12 +-
 arch/s390/boot/ipl_parm.c                          |  20 +-
 arch/s390/boot/ipl_report.c                        |   3 +-
 arch/s390/boot/kaslr.c                             |   4 +-
 arch/s390/boot/pgm_check_info.c                    |  53 +-
 arch/s390/boot/physmem_info.c                      | 103 +++-
 arch/s390/boot/printk.c                            | 224 +++++++-
 arch/s390/boot/startup.c                           |  47 +-
 arch/s390/boot/vmem.c                              | 135 +++--
 arch/s390/include/asm/asm-extable.h                |  14 +-
 arch/s390/include/asm/asm.h                        |   2 +-
 arch/s390/include/asm/bitops.h                     |   2 +-
 arch/s390/include/asm/boot_data.h                  |  51 ++
 arch/s390/include/asm/fpu-insn.h                   | 199 ++++----
 arch/s390/include/asm/ftrace.h                     |   1 +
 arch/s390/include/asm/futex.h                      | 107 ++--
 arch/s390/include/asm/page.h                       |   4 +
 arch/s390/include/asm/physmem_info.h               |   4 +-
 arch/s390/include/asm/sclp.h                       |   1 +
 arch/s390/include/asm/uaccess.h                    | 562 +++++++++++----------
 arch/s390/kernel/early.c                           |   3 +-
 arch/s390/kernel/ftrace.c                          |   5 -
 arch/s390/kernel/setup.c                           |  37 +-
 arch/s390/kernel/vmlinux.lds.S                     |   1 -
 arch/s390/lib/uaccess.c                            |  90 ----
 arch/s390/mm/extable.c                             |  30 +-
 arch/s390/mm/vmem.c                                |   2 +-
 arch/s390/pci/pci_bus.c                            |   1 -
 arch/s390/purgatory/Makefile                       |   2 +-
 arch/s390/tools/gen_opcode_table.c                 |  27 +-
 drivers/dma/Kconfig                                |   6 +-
 drivers/dma/Makefile                               |   1 -
 drivers/dma/amd/Kconfig                            |  28 +
 drivers/dma/amd/Makefile                           |   2 +
 drivers/dma/amd/ae4dma/Makefile                    |  10 +
 drivers/dma/amd/ae4dma/ae4dma-dev.c                | 157 ++++++
 drivers/dma/amd/ae4dma/ae4dma-pci.c                | 158 ++++++
 drivers/dma/amd/ae4dma/ae4dma.h                    | 100 ++++
 drivers/dma/{ => amd}/ptdma/Makefile               |   0
 drivers/dma/{ => amd}/ptdma/ptdma-debugfs.c        |  75 ++-
 drivers/dma/{ => amd}/ptdma/ptdma-dev.c            |   0
 drivers/dma/{ => amd}/ptdma/ptdma-dmaengine.c      | 226 ++++++++-
 drivers/dma/{ => amd}/ptdma/ptdma-pci.c            |   0
 drivers/dma/{ => amd}/ptdma/ptdma.h                |   4 +-
 drivers/dma/amd/qdma/qdma.c                        |  22 +-
 drivers/dma/bcm2835-dma.c                          |  22 +
 drivers/dma/fsl-edma-common.c                      |  36 +-
 drivers/dma/fsl-edma-common.h                      |   3 +
 drivers/dma/fsl-edma-main.c                        | 115 ++++-
 drivers/dma/idxd/cdev.c                            |   5 -
 drivers/dma/idxd/idxd.h                            |  15 +-
 drivers/dma/idxd/init.c                            | 481 ++++++++++++++++--
 drivers/dma/idxd/irq.c                             |  85 ++--
 drivers/dma/idxd/registers.h                       |   1 +
 drivers/dma/idxd/sysfs.c                           |  10 -
 drivers/dma/mv_xor.c                               |   5 +-
 drivers/dma/ptdma/Kconfig                          |  13 -
 drivers/dma/qcom/bam_dma.c                         |  24 +-
 drivers/dma/qcom/gpi.c                             |  31 +-
 drivers/dma/sh/rcar-dmac.c                         |   4 +
 drivers/dma/sun4i-dma.c                            | 208 ++++++--
 drivers/dma/tegra210-adma.c                        |  86 +++-
 drivers/dma/ti/edma.c                              |   7 +-
 drivers/dma/ti/k3-udma.c                           |  16 +
 drivers/dma/xilinx/xdma.c                          |   8 +-
 drivers/dma/xilinx/xilinx_dma.c                    |  20 +-
 drivers/gpio/gpio-mxc.c                            |   3 +-
 drivers/phy/allwinner/phy-sun4i-usb.c              |   1 -
 drivers/phy/freescale/phy-fsl-samsung-hdmi.c       |  47 +-
 drivers/phy/hisilicon/phy-hi3670-pcie.c            |  11 +-
 drivers/phy/marvell/phy-mvebu-cp110-comphy.c       |   2 +-
 drivers/phy/mediatek/phy-mtk-hdmi-mt8195.c         |  44 ++
 drivers/phy/mediatek/phy-mtk-hdmi-mt8195.h         |   3 +
 drivers/phy/mediatek/phy-mtk-hdmi.c                |  28 +
 drivers/phy/mediatek/phy-mtk-hdmi.h                |   4 +
 drivers/phy/phy-core.c                             |  23 +-
 drivers/phy/qualcomm/phy-qcom-qmp-combo.c          | 100 ++++
 drivers/phy/qualcomm/phy-qcom-qmp-pcie.c           | 278 +++++++++-
 drivers/phy/qualcomm/phy-qcom-qmp-pcs-pcie-v4_20.h |   5 +-
 drivers/phy/qualcomm/phy-qcom-qmp-pcs-pcie-v5_20.h |   5 +-
 drivers/phy/qualcomm/phy-qcom-qmp-pcs-pcie-v6.h    |   3 +
 drivers/phy/qualcomm/phy-qcom-qmp-pcs-v2.h         |   1 +
 drivers/phy/qualcomm/phy-qcom-qmp-pcs-v6.h         |   2 +
 .../phy/qualcomm/phy-qcom-qmp-qserdes-txrx-v6.h    |   1 +
 drivers/phy/qualcomm/phy-qcom-qmp-usb.c            |   3 +
 drivers/phy/qualcomm/phy-qcom-qusb2.c              |  55 ++
 drivers/phy/rockchip/phy-rockchip-naneng-combphy.c | 279 ++++++++++
 drivers/phy/rockchip/phy-rockchip-pcie.c           | 146 ++----
 drivers/phy/rockchip/phy-rockchip-typec.c          |   2 +-
 drivers/phy/samsung/Kconfig                        |   1 +
 drivers/phy/samsung/phy-samsung-ufs.c              |   6 +-
 drivers/phy/tegra/Kconfig                          |   5 +-
 drivers/s390/char/sclp.c                           |  12 +-
 drivers/s390/char/vmlogrdr.c                       |   8 +-
 drivers/soundwire/amd_manager.c                    |   5 +-
 drivers/soundwire/bus.c                            |  65 ++-
 drivers/soundwire/bus.h                            |   3 +
 drivers/soundwire/bus_type.c                       |   3 -
 drivers/soundwire/generic_bandwidth_allocation.c   | 316 ++++++++++--
 drivers/soundwire/irq.c                            |  12 +-
 drivers/soundwire/irq.h                            |   5 -
 drivers/soundwire/mipi_disco.c                     |  40 +-
 drivers/soundwire/qcom.c                           |   2 +-
 drivers/soundwire/stream.c                         |  71 ++-
 fs/9p/v9fs.h                                       |   2 +-
 fs/9p/vfs_dentry.c                                 |  26 +-
 fs/afs/dir.c                                       |  40 +-
 fs/bcachefs/btree_cache.c                          |   5 +-
 fs/bcachefs/btree_iter.c                           |   3 +-
 fs/bcachefs/btree_key_cache.c                      |   4 +-
 fs/bcachefs/btree_trans_commit.c                   |   2 +-
 fs/bcachefs/compress.c                             |  31 +-
 fs/bcachefs/compress.h                             |   4 +-
 fs/bcachefs/data_update.c                          |  50 +-
 fs/bcachefs/debug.c                                |   1 +
 fs/bcachefs/io_write.c                             |   4 +-
 fs/bcachefs/io_write.h                             |   2 +
 fs/bcachefs/journal.c                              |  92 ++--
 fs/bcachefs/journal.h                              |   9 +-
 fs/bcachefs/journal_io.c                           |   2 +
 fs/bcachefs/journal_reclaim.c                      | 142 +++++-
 fs/bcachefs/journal_reclaim.h                      |   3 +
 fs/bcachefs/journal_types.h                        |  13 +-
 fs/bcachefs/movinggc.c                             |  11 +-
 fs/bcachefs/opts.h                                 |   4 +-
 fs/bcachefs/sb-errors_format.h                     |   2 +-
 fs/bcachefs/str_hash.c                             |  24 +-
 fs/bcachefs/trace.h                                |  26 +-
 fs/ceph/dir.c                                      |  25 +-
 fs/ceph/mds_client.c                               |   9 +-
 fs/ceph/mds_client.h                               |   2 +
 fs/coda/dir.c                                      |   3 +-
 fs/crypto/fname.c                                  |  22 +-
 fs/dcache.c                                        | 103 ++--
 fs/ecryptfs/dentry.c                               |  18 +-
 fs/exfat/namei.c                                   |  11 +-
 fs/ext4/fast_commit.c                              |  29 +-
 fs/ext4/fast_commit.h                              |   3 +-
 fs/fat/namei_vfat.c                                |  19 +-
 fs/fuse/dir.c                                      |  20 +-
 fs/gfs2/dentry.c                                   |  31 +-
 fs/hfs/sysdep.c                                    |   3 +-
 fs/jfs/namei.c                                     |   3 +-
 fs/kernfs/dir.c                                    |   3 +-
 fs/libfs.c                                         |  15 +-
 fs/namei.c                                         |  18 +-
 fs/nfs/dir.c                                       |  62 +--
 fs/nfs/namespace.c                                 |   2 +-
 fs/nfs/nfs3proc.c                                  |   5 +-
 fs/nfs/nfs4proc.c                                  |  20 +-
 fs/nfs/proc.c                                      |   6 +-
 fs/ntfs3/attrib.c                                  |  15 +-
 fs/ntfs3/dir.c                                     |   2 +-
 fs/ntfs3/frecord.c                                 |  74 +--
 fs/ntfs3/fsntfs.c                                  |   6 +-
 fs/ntfs3/index.c                                   |   6 +-
 fs/ntfs3/inode.c                                   |   3 +
 fs/ntfs3/ntfs_fs.h                                 |  21 +-
 fs/ntfs3/record.c                                  |  79 +--
 fs/ocfs2/dcache.c                                  |  14 +-
 fs/orangefs/dcache.c                               |  22 +-
 fs/overlayfs/super.c                               |  22 +-
 fs/proc/base.c                                     |   6 +-
 fs/proc/fd.c                                       |   3 +-
 fs/proc/generic.c                                  |   6 +-
 fs/proc/proc_sysctl.c                              |   3 +-
 fs/smb/client/dir.c                                |   3 +-
 fs/tracefs/inode.c                                 |   3 +-
 fs/vboxsf/dir.c                                    |   3 +-
 include/linux/dcache.h                             |  23 +-
 include/linux/fscrypt.h                            |   7 +-
 include/linux/nfs_xdr.h                            |   2 +-
 include/linux/soundwire/sdw.h                      | 154 +++---
 tools/testing/selftests/bpf/progs/find_vma.c       |   2 +-
 tools/testing/selftests/gpio/gpio-sim.sh           |  31 +-
 201 files changed, 5390 insertions(+), 1966 deletions(-)
 delete mode 100644 Documentation/devicetree/bindings/dma/adi,axi-dmac.txt
 create mode 100644 Documentation/devicetree/bindings/dma/adi,axi-dmac.yaml
 create mode 100644 Documentation/devicetree/bindings/dma/atmel,sama5d4-dma.yaml
 delete mode 100644 Documentation/devicetree/bindings/dma/atmel-xdma.txt
 create mode 100644 drivers/dma/amd/ae4dma/Makefile
 create mode 100644 drivers/dma/amd/ae4dma/ae4dma-dev.c
 create mode 100644 drivers/dma/amd/ae4dma/ae4dma-pci.c
 create mode 100644 drivers/dma/amd/ae4dma/ae4dma.h
 rename drivers/dma/{ => amd}/ptdma/Makefile (100%)
 rename drivers/dma/{ => amd}/ptdma/ptdma-debugfs.c (52%)
 rename drivers/dma/{ => amd}/ptdma/ptdma-dev.c (100%)
 rename drivers/dma/{ => amd}/ptdma/ptdma-dmaengine.c (59%)
 rename drivers/dma/{ => amd}/ptdma/ptdma-pci.c (100%)
 rename drivers/dma/{ => amd}/ptdma/ptdma.h (99%)
 delete mode 100644 drivers/dma/ptdma/Kconfig
Merging fixes/fixes (fac04efc5c79 Linux 6.13-rc2)
$ git merge -m Merge branch 'fixes' of git://git.kernel.org/pub/scm/linux/kernel/git/sfr/next-fixes.git fixes/fixes
Already up to date.
Merging ext4-fixes/fixes (4bbf9020becb Linux 6.13-rc4)
$ git merge -m Merge branch 'fixes' of git://git.kernel.org/pub/scm/linux/kernel/git/tytso/ext4.git ext4-fixes/fixes
Already up to date.
Merging vfs-brauner-fixes/vfs.fixes (1623bc27a85a Merge branch 'vfs-6.14.poll' into vfs.fixes)
$ git merge -m Merge branch 'vfs.fixes' of git://git.kernel.org/pub/scm/linux/kernel/git/vfs/vfs.git vfs-brauner-fixes/vfs.fixes
Already up to date.
Merging fscrypt-current/for-current (8e929cb546ee Linux 6.12-rc3)
$ git merge -m Merge branch 'for-current' of git://git.kernel.org/pub/scm/fs/fscrypt/linux.git fscrypt-current/for-current
Already up to date.
Merging fsverity-current/for-current (8e929cb546ee Linux 6.12-rc3)
$ git merge -m Merge branch 'for-current' of git://git.kernel.org/pub/scm/fs/fsverity/linux.git fsverity-current/for-current
Already up to date.
Merging btrfs-fixes/next-fixes (e035c671070f Merge branch 'misc-6.14' into next-fixes)
$ git merge -m Merge branch 'next-fixes' of git://git.kernel.org/pub/scm/linux/kernel/git/kdave/linux.git btrfs-fixes/next-fixes
Merge made by the 'ort' strategy.
 fs/btrfs/ctree.c        |  2 ++
 fs/btrfs/ordered-data.c | 12 ++++++++++++
 fs/btrfs/qgroup.c       | 11 +++++------
 fs/btrfs/transaction.c  |  4 +++-
 4 files changed, 22 insertions(+), 7 deletions(-)
Merging vfs-fixes/fixes (60a600243244 hostfs: fix string handling in __dentry_name())
$ git merge -m Merge branch 'fixes' of git://git.kernel.org/pub/scm/linux/kernel/git/viro/vfs.git vfs-fixes/fixes
Merge made by the 'ort' strategy.
 fs/hostfs/hostfs_kern.c | 27 ++++++---------------------
 1 file changed, 6 insertions(+), 21 deletions(-)
Merging erofs-fixes/fixes (6422cde1b0d5 erofs: use buffered I/O for file-backed mounts by default)
$ git merge -m Merge branch 'fixes' of git://git.kernel.org/pub/scm/linux/kernel/git/xiang/erofs.git erofs-fixes/fixes
Already up to date.
Merging nfsd-fixes/nfsd-fixes (ffd294d346d1 Linux 6.13)
$ git merge -m Merge branch 'nfsd-fixes' of git://git.kernel.org/pub/scm/linux/kernel/git/cel/linux nfsd-fixes/nfsd-fixes
Already up to date.
Merging v9fs-fixes/fixes/next (ffd294d346d1 Linux 6.13)
$ git merge -m Merge branch 'fixes/next' of git://git.kernel.org/pub/scm/linux/kernel/git/ericvh/v9fs.git v9fs-fixes/fixes/next
Already up to date.
Merging overlayfs-fixes/ovl-fixes (228a1157fb9f Merge tag '6.13-rc-part1-SMB3-client-fixes' of git://git.samba.org/sfrench/cifs-2.6)
$ git merge -m Merge branch 'ovl-fixes' of git://git.kernel.org/pub/scm/linux/kernel/git/overlayfs/vfs.git overlayfs-fixes/ovl-fixes
Already up to date.
Merging bcachefs/for-next (11fe16cf3622 bcachefs: bch2_btree_node_rewrite_key())
$ git merge -m Merge branch 'for-next' of git://evilpiepirate.org/bcachefs.git bcachefs/for-next
Auto-merging fs/bcachefs/move.c
CONFLICT (content): Merge conflict in fs/bcachefs/move.c
Resolved 'fs/bcachefs/move.c' using previous resolution.
Automatic merge failed; fix conflicts and then commit the result.
$ git commit --no-edit -v -a
[fs-next 7cf1ff6f1269] Merge branch 'for-next' of git://evilpiepirate.org/bcachefs.git
$ git diff -M --stat --summary HEAD^..
 fs/bcachefs/alloc_foreground.c      |  25 +-
 fs/bcachefs/alloc_foreground.h      |  17 ++
 fs/bcachefs/backpointers.c          |  36 +--
 fs/bcachefs/btree_update_interior.c |  20 ++
 fs/bcachefs/btree_update_interior.h |   4 +
 fs/bcachefs/data_update.c           | 173 ++++++++++---
 fs/bcachefs/data_update.h           |   9 +-
 fs/bcachefs/errcode.h               |   5 +
 fs/bcachefs/fs-io-buffered.c        |  23 +-
 fs/bcachefs/fs-io-direct.c          |  20 +-
 fs/bcachefs/io_read.c               | 479 +++++++++++++++++-------------------
 fs/bcachefs/io_read.h               |  70 ++++--
 fs/bcachefs/io_write.c              |  82 +++---
 fs/bcachefs/io_write.h              |  29 ++-
 fs/bcachefs/io_write_types.h        |   2 +-
 fs/bcachefs/move.c                  |  64 ++---
 fs/bcachefs/rebalance.c             |   4 +-
 17 files changed, 586 insertions(+), 476 deletions(-)
$ git am -3 ../patches/0001-fix-up-for-block-Delete-bio_set_prio.patch
Applying: fix up for "block: Delete bio_set_prio()"
$ git reset HEAD^
Unstaged changes after reset:
M	fs/bcachefs/data_update.c
$ git add -A .
$ git commit -v -a --amend
[fs-next 29a6e4917e44] Merge branch 'for-next' of git://evilpiepirate.org/bcachefs.git
 Date: Fri Jan 31 10:14:10 2025 +1100
Merging fscrypt/for-next (8e929cb546ee Linux 6.12-rc3)
$ git merge -m Merge branch 'for-next' of git://git.kernel.org/pub/scm/fs/fscrypt/linux.git fscrypt/for-next
Already up to date.
Merging btrfs/for-next (2c32919597a7 Merge branch 'for-next-next-v6.14-20250123' into for-next-20250123)
$ git merge -m Merge branch 'for-next' of git://git.kernel.org/pub/scm/linux/kernel/git/kdave/linux.git btrfs/for-next
Auto-merging fs/btrfs/inode.c
Merge made by the 'ort' strategy.
 fs/btrfs/Kconfig       |   1 +
 fs/btrfs/extent-tree.c |  12 ++++-
 fs/btrfs/inode.c       |  39 ++++++++------
 fs/btrfs/scrub.c       | 142 +++++++++++++------------------------------------
 fs/btrfs/volumes.c     |   2 +-
 fs/btrfs/zoned.c       |   9 ++++
 6 files changed, 82 insertions(+), 123 deletions(-)
Merging ceph/master (3981be13ec1b ceph: exchange hardcoded value on NAME_MAX)
$ git merge -m Merge branch 'master' of git://github.com/ceph/ceph-client.git ceph/master
Auto-merging fs/ceph/mds_client.c
Merge made by the 'ort' strategy.
 fs/ceph/debugfs.c            |  2 +-
 fs/ceph/mds_client.c         | 32 ++++++++++++++++----------------
 include/linux/ceph/ceph_fs.h | 14 --------------
 3 files changed, 17 insertions(+), 31 deletions(-)
Merging cifs/for-next (7746596c2f35 cifs: update internal version number)
$ git merge -m Merge branch 'for-next' of git://git.samba.org/sfrench/cifs-2.6.git cifs/for-next
Merge made by the 'ort' strategy.
 fs/smb/client/asn1.c         |   2 +
 fs/smb/client/cifs_spnego.c  |   4 +-
 fs/smb/client/cifsacl.c      |  25 ++-
 fs/smb/client/cifsfs.c       |   4 +
 fs/smb/client/cifsfs.h       |   4 +-
 fs/smb/client/cifsglob.h     |  62 ++++--
 fs/smb/client/cifspdu.h      | 102 +++++----
 fs/smb/client/cifsproto.h    |   4 +-
 fs/smb/client/cifssmb.c      |   4 +-
 fs/smb/client/connect.c      |   4 +
 fs/smb/client/fs_context.c   | 104 +++++++++
 fs/smb/client/fs_context.h   |  21 ++
 fs/smb/client/inode.c        |   2 +-
 fs/smb/client/link.c         |  60 +++--
 fs/smb/client/netmisc.c      |  10 +-
 fs/smb/client/nterr.c        |   1 +
 fs/smb/client/nterr.h        |   1 +
 fs/smb/client/reparse.c      | 519 +++++++++++++++++++++++++++++++++++++------
 fs/smb/client/reparse.h      |   2 +
 fs/smb/client/sess.c         |   3 +-
 fs/smb/client/smb1ops.c      |  30 +--
 fs/smb/client/smb2file.c     |   1 -
 fs/smb/client/smb2maperror.c |   4 +-
 fs/smb/client/smb2ops.c      |  23 +-
 fs/smb/client/smb2pdu.c      |   2 +-
 fs/smb/client/smb2proto.h    |   2 +-
 fs/smb/common/smb2pdu.h      |  14 +-
 27 files changed, 821 insertions(+), 193 deletions(-)
Merging configfs/for-next (84147f4e84c4 configfs: improve item creation performance)
$ git merge -m Merge branch 'for-next' of git://git.infradead.org/users/hch/configfs.git configfs/for-next
Already up to date.
Merging ecryptfs/next (fba133a34118 ecryptfs: Remove unused declartion ecryptfs_fill_zeros())
$ git merge -m Merge branch 'next' of git://git.kernel.org/pub/scm/linux/kernel/git/tyhicks/ecryptfs.git ecryptfs/next
Auto-merging fs/ecryptfs/crypto.c
Auto-merging fs/ecryptfs/ecryptfs_kernel.h
Merge made by the 'ort' strategy.
 fs/ecryptfs/crypto.c          | 2 +-
 fs/ecryptfs/ecryptfs_kernel.h | 1 -
 fs/ecryptfs/keystore.c        | 4 ++--
 3 files changed, 3 insertions(+), 4 deletions(-)
Merging dlm/next (6784ed98fde5 dlm: return -ENOENT if no comm was found)
$ git merge -m Merge branch 'next' of git://git.kernel.org/pub/scm/linux/kernel/git/teigland/linux-dlm.git dlm/next
Already up to date.
Merging erofs/dev (8f9530aeeb4f erofs: refine z_erofs_get_extent_compressedlen())
$ git merge -m Merge branch 'dev' of git://git.kernel.org/pub/scm/linux/kernel/git/xiang/erofs.git erofs/dev
Already up to date.
Merging exfat/dev (d86099d63786 exfat: fix just enough dentries but allocate a new cluster to dir)
$ git merge -m Merge branch 'dev' of git://git.kernel.org/pub/scm/linux/kernel/git/linkinjeon/exfat.git exfat/dev
Auto-merging fs/exfat/namei.c
Merge made by the 'ort' strategy.
 fs/exfat/namei.c | 2 +-
 1 file changed, 1 insertion(+), 1 deletion(-)
Merging exportfs/exportfs-next (adc218676eef Linux 6.12)
$ git merge -m Merge branch 'exportfs-next' of git://git.kernel.org/pub/scm/linux/kernel/git/cel/linux exportfs/exportfs-next
Already up to date.
Merging ext3/for_next (94dfee45999c Merge fix for access beyond end of bitmap in fanotify_init(2).)
$ git merge -m Merge branch 'for_next' of git://git.kernel.org/pub/scm/linux/kernel/git/jack/linux-fs.git ext3/for_next
Merge made by the 'ort' strategy.
Merging ext4/dev (4bbf9020becb Linux 6.13-rc4)
$ git merge -m Merge branch 'dev' of git://git.kernel.org/pub/scm/linux/kernel/git/tytso/ext4.git ext4/dev
Already up to date.
Merging f2fs/dev (05dbaf8dd8bf Merge tag 'x86-urgent-2025-01-28' of git://git.kernel.org/pub/scm/linux/kernel/git/tip/tip)
$ git merge -m Merge branch 'dev' of git://git.kernel.org/pub/scm/linux/kernel/git/jaegeuk/f2fs.git f2fs/dev
Already up to date.
Merging fsverity/for-next (8e929cb546ee Linux 6.12-rc3)
$ git merge -m Merge branch 'for-next' of git://git.kernel.org/pub/scm/fs/fsverity/linux.git fsverity/for-next
Already up to date.
Merging fuse/for-next (9afd7336f3ac fuse: add default_request_timeout and max_request_timeout sysctls)
$ git merge -m Merge branch 'for-next' of git://git.kernel.org/pub/scm/linux/kernel/git/mszeredi/fuse.git fuse/for-next
Auto-merging Documentation/admin-guide/sysctl/fs.rst
Auto-merging fs/fuse/sysctl.c
CONFLICT (content): Merge conflict in fs/fuse/sysctl.c
Resolved 'fs/fuse/sysctl.c' using previous resolution.
Automatic merge failed; fix conflicts and then commit the result.
$ git commit --no-edit -v -a
[fs-next 5dbccf7ee3f7] Merge branch 'for-next' of git://git.kernel.org/pub/scm/linux/kernel/git/mszeredi/fuse.git
$ git diff -M --stat --summary HEAD^..
 Documentation/admin-guide/sysctl/fs.rst | 25 +++++++++
 fs/fuse/dev.c                           | 98 +++++++++++++++++++++++++++++++++
 fs/fuse/dev_uring.c                     | 27 +++++++++
 fs/fuse/dev_uring_i.h                   |  6 ++
 fs/fuse/fuse_dev_i.h                    |  3 +
 fs/fuse/fuse_i.h                        | 30 ++++++++++
 fs/fuse/inode.c                         | 43 ++++++++++++++-
 fs/fuse/sysctl.c                        | 24 ++++++++
 include/uapi/linux/fuse.h               | 10 +++-
 9 files changed, 263 insertions(+), 3 deletions(-)
Merging gfs2/for-next (bcbda32b49d1 gfs2: Add GLF_PENDING_REPLY flag)
$ git merge -m Merge branch 'for-next' of git://git.kernel.org/pub/scm/linux/kernel/git/gfs2/linux-gfs2.git gfs2/for-next
Merge made by the 'ort' strategy.
 fs/gfs2/glock.c      | 5 +++++
 fs/gfs2/incore.h     | 1 +
 fs/gfs2/trace_gfs2.h | 8 +++++++-
 3 files changed, 13 insertions(+), 1 deletion(-)
Merging jfs/jfs-next (a174706ba4da jfs: add a check to prevent array-index-out-of-bounds in dbAdjTree)
$ git merge -m Merge branch 'jfs-next' of git://github.com/kleikamp/linux-shaggy.git jfs/jfs-next
Already up to date.
Merging ksmbd/ksmbd-for-next (e0b1f5914274 Merge tag 'v6.14-rc-smb3-client-fixes-part' of git://git.samba.org/sfrench/cifs-2.6)
$ git merge -m Merge branch 'ksmbd-for-next' of https://github.com/smfrench/smb3-kernel.git ksmbd/ksmbd-for-next
Already up to date.
Merging nfs/linux-next (4bbf9020becb Linux 6.13-rc4)
$ git merge -m Merge branch 'linux-next' of git://git.linux-nfs.org/projects/trondmy/nfs-2.6.git nfs/linux-next
Already up to date.
Merging nfs-anna/linux-next (6f56971841a1 SUNRPC: do not retry on EKEYEXPIRED when user TGT ticket expired)
$ git merge -m Merge branch 'linux-next' of git://git.linux-nfs.org/projects/anna/linux-nfs.git nfs-anna/linux-next
Already up to date.
Merging nfsd/nfsd-next (c92066e78600 sunrpc: Remove gss_{de,en}crypt_xdr_buf deadcode)
$ git merge -m Merge branch 'nfsd-next' of git://git.kernel.org/pub/scm/linux/kernel/git/cel/linux nfsd/nfsd-next
Already up to date.
Merging ntfs3/master (334e1e91d5b1 fs/ntfs3: Fix WARNING in ntfs_extend_initialized_size)
$ git merge -m Merge branch 'master' of https://github.com/Paragon-Software-Group/linux-ntfs3.git ntfs3/master
Merge made by the 'ort' strategy.
 fs/ntfs3/attrib.c  |  1 +
 fs/ntfs3/file.c    | 22 ++++++++------
 fs/ntfs3/frecord.c |  6 ++--
 fs/ntfs3/super.c   | 89 ++++++++++++++++++++++++++++++++++--------------------
 4 files changed, 74 insertions(+), 44 deletions(-)
Merging orangefs/for-next (96319dacaf15 orangefs: Constify struct kobj_type)
$ git merge -m Merge branch 'for-next' of git://git.kernel.org/pub/scm/linux/kernel/git/hubcap/linux orangefs/for-next
Already up to date.
Merging overlayfs/overlayfs-next (c8b359dddb41 ovl: Filter invalid inodes with missing lookup function)
$ git merge -m Merge branch 'overlayfs-next' of git://git.kernel.org/pub/scm/linux/kernel/git/overlayfs/vfs.git overlayfs/overlayfs-next
Already up to date.
Merging ubifs/next (69146a8c893f ubi: ubi_get_ec_info: Fix compiling error 'cast specifies array type')
$ git merge -m Merge branch 'next' of git://git.kernel.org/pub/scm/linux/kernel/git/rw/ubifs.git ubifs/next
Merge made by the 'ort' strategy.
 drivers/mtd/ubi/build.c     |  2 +-
 drivers/mtd/ubi/cdev.c      | 70 +++++++++++++++++++++++++++++++++++++++++++++
 drivers/mtd/ubi/ubi.h       |  2 --
 drivers/mtd/ubi/wl.c        | 21 --------------
 fs/ubifs/debug.c            | 23 ++++++++-------
 fs/ubifs/lpt_commit.c       |  1 -
 include/uapi/mtd/ubi-user.h | 33 +++++++++++++++++++++
 7 files changed, 117 insertions(+), 35 deletions(-)
Merging v9fs/9p-next (a22a29655c42 net/9p/fd: support ipv6 for trans=tcp)
$ git merge -m Merge branch '9p-next' of git://github.com/martinetd/linux v9fs/9p-next
Merge made by the 'ort' strategy.
 net/9p/trans_fd.c | 56 ++++++++++++++++++++++++-------------------------------
 1 file changed, 24 insertions(+), 32 deletions(-)
Merging v9fs-ericvh/ericvh/for-next (ffd294d346d1 Linux 6.13)
$ git merge -m Merge branch 'ericvh/for-next' of git://git.kernel.org/pub/scm/linux/kernel/git/ericvh/v9fs.git v9fs-ericvh/ericvh/for-next
Already up to date.
Merging xfs/for-next (a9ab28b3d21a xfs: remove xfs_buf_cache.bc_lock)
$ git merge -m Merge branch 'for-next' of git://git.kernel.org/pub/scm/fs/xfs/xfs-linux.git xfs/for-next
Auto-merging fs/xfs/xfs_buf.c
Merge made by the 'ort' strategy.
 fs/xfs/libxfs/xfs_bmap.c | 13 +++++----
 fs/xfs/xfs_buf.c         | 36 ++++++++++++------------
 fs/xfs/xfs_buf.h         |  1 -
 fs/xfs/xfs_exchrange.c   | 71 ++++++++++++++++++------------------------------
 fs/xfs/xfs_inode.c       |  7 +++--
 fs/xfs/xfs_iomap.c       |  6 ++--
 6 files changed, 58 insertions(+), 76 deletions(-)
Merging zonefs/for-next (c4b3c1332f55 zonefs: add support for FS_IOC_GETFSSYSFSPATH)
$ git merge -m Merge branch 'for-next' of git://git.kernel.org/pub/scm/linux/kernel/git/dlemoal/zonefs.git zonefs/for-next
Already up to date.
Merging file-locks/locks-next (e0152e7481c6 Merge tag 'riscv-for-linus-6.6-mw1' of git://git.kernel.org/pub/scm/linux/kernel/git/riscv/linux)
$ git merge -m Merge branch 'locks-next' of git://git.kernel.org/pub/scm/linux/kernel/git/jlayton/linux.git file-locks/locks-next
Already up to date.
Merging vfs-brauner/vfs.all (6554b3d21309 Merge branch 'vfs-6.14.afs' into vfs.all)
$ git merge -m Merge branch 'vfs.all' of git://git.kernel.org/pub/scm/linux/kernel/git/vfs/vfs.git vfs-brauner/vfs.all
Auto-merging fs/dcache.c
Auto-merging fs/erofs/zdata.c
Auto-merging fs/namespace.c
Auto-merging kernel/pid.c
Auto-merging mm/shmem.c
Merge made by the 'ort' strategy.
Merging vfs/for-next (2e72b1e0aac2 Merge branch 'work.d_revalidate' into for-next)
$ git merge -m Merge branch 'for-next' of git://git.kernel.org/pub/scm/linux/kernel/git/viro/vfs.git vfs/for-next
Auto-merging fs/bcachefs/fsck.c
Auto-merging fs/bcachefs/recovery.c
CONFLICT (content): Merge conflict in fs/bcachefs/recovery.c
Auto-merging fs/bcachefs/util.h
Auto-merging fs/erofs/xattr.c
Auto-merging fs/file_table.c
Auto-merging fs/overlayfs/namei.c
Resolved 'fs/bcachefs/recovery.c' using previous resolution.
Automatic merge failed; fix conflicts and then commit the result.
$ git commit --no-edit -v -a
[fs-next 9180210f9984] Merge branch 'for-next' of git://git.kernel.org/pub/scm/linux/kernel/git/viro/vfs.git
$ git diff -M --stat --summary HEAD^..
 fs/anon_inodes.c       |  4 ++--
 fs/bcachefs/fsck.c     |  2 +-
 fs/bcachefs/recovery.c |  2 --
 fs/bcachefs/util.h     |  2 --
 fs/erofs/xattr.c       |  2 +-
 fs/file_table.c        |  4 +---
 fs/kernfs/file.c       |  2 +-
 fs/overlayfs/namei.c   |  2 --
 include/linux/dcache.h |  1 +
 mm/secretmem.c         |  3 +--
 net/sunrpc/rpc_pipe.c  | 14 +++++---------
 11 files changed, 13 insertions(+), 25 deletions(-)
Merging mm-hotfixes/mm-hotfixes-unstable (84dbf53d56e5 mm/hugetlb: fix hugepage allocation for interleaved memory nodes)
$ git merge -m Merge branch 'mm-hotfixes-unstable' of git://git.kernel.org/pub/scm/linux/kernel/git/akpm/mm mm-hotfixes/mm-hotfixes-unstable
Auto-merging MAINTAINERS
Auto-merging mm/compaction.c
Auto-merging mm/hugetlb.c
Merge made by the 'ort' strategy.
 .mailmap                                   |  6 +++++
 Documentation/translations/sp_SP/index.rst |  2 +-
 MAINTAINERS                                |  2 +-
 drivers/acpi/numa/srat.c                   | 11 ++++++++-
 fs/nilfs2/inode.c                          |  6 ++---
 fs/ocfs2/super.c                           |  2 +-
 include/linux/page-flags.h                 | 37 ++++++++++++++++++++++++++++++
 include/linux/page_ref.h                   |  2 +-
 include/linux/swap.h                       |  1 +
 kernel/events/uprobes.c                    |  4 ++++
 kernel/fork.c                              | 17 +++++++++++---
 mm/compaction.c                            | 29 +++++++++++++++++++----
 mm/gup.c                                   | 14 ++++-------
 mm/hugetlb.c                               |  2 +-
 mm/kfence/core.c                           |  2 ++
 mm/kmemleak.c                              |  2 +-
 mm/page_isolation.c                        |  9 +++++++-
 mm/vmscan.c                                | 13 +++++++----
 mm/zsmalloc.c                              |  2 +-
 scripts/gdb/linux/cpus.py                  |  2 +-
 20 files changed, 131 insertions(+), 34 deletions(-)
Merging fs-current (e103ea35f700 Merge branch 'fixes' of git://git.kernel.org/pub/scm/linux/kernel/git/viro/vfs.git)
$ git merge -m Merge branch 'fs-current' of linux-next fs-current
Merge made by the 'ort' strategy.
 fs/btrfs/ctree.c        |  2 ++
 fs/btrfs/ordered-data.c | 12 ++++++++++++
 fs/btrfs/qgroup.c       | 11 +++++------
 fs/btrfs/transaction.c  |  4 +++-
 fs/hostfs/hostfs_kern.c | 27 ++++++---------------------
 5 files changed, 28 insertions(+), 28 deletions(-)
Merging kbuild-current/fixes (9d89551994a4 Linux 6.13-rc6)
$ git merge -m Merge branch 'fixes' of git://git.kernel.org/pub/scm/linux/kernel/git/masahiroy/linux-kbuild.git kbuild-current/fixes
Already up to date.
Merging arc-current/for-curr (78d4f34e2115 Linux 6.13-rc3)
$ git merge -m Merge branch 'for-curr' of git://git.kernel.org/pub/scm/linux/kernel/git/vgupta/arc.git arc-current/for-curr
Already up to date.
Merging arm-current/fixes (0c66c6f4e21c ARM: 9359/1: flush: check if the folio is reserved for no-mapping addresses)
$ git merge -m Merge branch 'fixes' of git://git.kernel.org/pub/scm/linux/kernel/git/rmk/linux.git arm-current/fixes
Already up to date.
Merging arm64-fixes/for-next/fixes (926e86205897 arm64/signal: Silence sparse warning storing GCSPR_EL0)
$ git merge -m Merge branch 'for-next/fixes' of git://git.kernel.org/pub/scm/linux/kernel/git/arm64/linux arm64-fixes/for-next/fixes
Already up to date.
Merging arm-soc-fixes/arm/fixes (352bba6c19cd Merge tag 'ti-driver-soc-for-v6.14' of https://git.kernel.org/pub/scm/linux/kernel/git/ti/linux into arm/fixes)
$ git merge -m Merge branch 'arm/fixes' of git://git.kernel.org/pub/scm/linux/kernel/git/soc/soc.git arm-soc-fixes/arm/fixes
Already up to date.
Merging davinci-current/davinci/for-current (9852d85ec9d4 Linux 6.12-rc1)
$ git merge -m Merge branch 'davinci/for-current' of git://git.kernel.org/pub/scm/linux/kernel/git/brgl/linux.git davinci-current/davinci/for-current
Already up to date.
Merging drivers-memory-fixes/fixes (40384c840ea1 Linux 6.13-rc1)
$ git merge -m Merge branch 'fixes' of https://git.kernel.org/pub/scm/linux/kernel/git/krzk/linux-mem-ctrl.git drivers-memory-fixes/fixes
Already up to date.
Merging sophgo-fixes/fixes (40384c840ea1 Linux 6.13-rc1)
$ git merge -m Merge branch 'fixes' of https://github.com/sophgo/linux.git sophgo-fixes/fixes
Already up to date.
Merging m68k-current/for-linus (bb2e0fb1e6aa m68k: libgcc: Fix lvalue abuse in umul_ppmm())
$ git merge -m Merge branch 'for-linus' of git://git.kernel.org/pub/scm/linux/kernel/git/geert/linux-m68k.git m68k-current/for-linus
Already up to date.
Merging powerpc-fixes/fixes (05aa156e156e powerpc/pseries/vas: Add close() callback in vas_vm_ops struct)
$ git merge -m Merge branch 'fixes' of git://git.kernel.org/pub/scm/linux/kernel/git/powerpc/linux.git powerpc-fixes/fixes
Already up to date.
Merging s390-fixes/fixes (b999589956dd s390/tracing: Define ftrace_get_symaddr() for s390)
$ git merge -m Merge branch 'fixes' of git://git.kernel.org/pub/scm/linux/kernel/git/s390/linux.git s390-fixes/fixes
Already up to date.
Merging net/main (dfffaccffc53 Merge tag 'nf-25-01-30' of git://git.kernel.org/pub/scm/linux/kernel/git/netfilter/nf)
$ git merge -m Merge branch 'main' of git://git.kernel.org/pub/scm/linux/kernel/git/netdev/net.git net/main
Auto-merging Documentation/devicetree/bindings/net/qcom,ethqos.yaml
Auto-merging MAINTAINERS
Auto-merging drivers/net/ethernet/stmicro/stmmac/stmmac_main.c
Auto-merging net/core/page_pool.c
Merge made by the 'ort' strategy.
 Documentation/ABI/stable/sysfs-class-bluetooth     |   9 ++
 .../devicetree/bindings/net/qcom,ethqos.yaml       |   8 +-
 Documentation/networking/can.rst                   |   4 +-
 Documentation/networking/mptcp-sysctl.rst          |   2 +-
 Documentation/networking/napi.rst                  |   2 +-
 MAINTAINERS                                        |   3 +
 drivers/bluetooth/btnxpuart.c                      |   3 +-
 drivers/bluetooth/btusb.c                          |  12 +-
 drivers/net/bonding/bond_main.c                    |  19 ++--
 drivers/net/ethernet/broadcom/bgmac.h              |   3 +-
 drivers/net/ethernet/broadcom/tg3.c                |  35 +++++-
 drivers/net/ethernet/davicom/dm9000.c              |   3 +-
 drivers/net/ethernet/freescale/fec_main.c          |  31 +++++-
 drivers/net/ethernet/hisilicon/hns3/hnae3.c        |  15 +++
 drivers/net/ethernet/hisilicon/hns3/hnae3.h        |   2 +
 drivers/net/ethernet/hisilicon/hns3/hns3_enet.c    |   2 +
 .../ethernet/hisilicon/hns3/hns3pf/hclge_main.c    |   2 +
 .../ethernet/hisilicon/hns3/hns3vf/hclgevf_main.c  |   2 +
 drivers/net/ethernet/intel/iavf/iavf_main.c        |  19 +++-
 drivers/net/ethernet/intel/ice/ice_adminq_cmd.h    |   1 -
 drivers/net/ethernet/intel/ice/ice_ethtool.c       |   1 -
 drivers/net/ethernet/intel/ice/ice_ethtool.h       |   1 -
 drivers/net/ethernet/intel/ice/ice_parser.h        |   6 +-
 drivers/net/ethernet/intel/ice/ice_parser_rt.c     |  12 +-
 drivers/net/ethernet/intel/idpf/idpf_controlq.c    |   6 +
 drivers/net/ethernet/intel/idpf/idpf_main.c        |  15 ++-
 drivers/net/ethernet/intel/idpf/idpf_virtchnl.c    |  25 ++++-
 drivers/net/ethernet/marvell/mvneta.c              |   1 +
 drivers/net/ethernet/mediatek/airoha_eth.c         |   4 +-
 drivers/net/ethernet/mellanox/mlx5/core/en_main.c  |   2 +-
 drivers/net/ethernet/nvidia/forcedeth.c            |  32 ++----
 drivers/net/ethernet/realtek/8139too.c             |   4 +-
 drivers/net/ethernet/renesas/ravb_main.c           |  22 ++--
 drivers/net/ethernet/renesas/sh_eth.c              |   4 +
 drivers/net/ethernet/stmicro/stmmac/stmmac_main.c  |  57 +++++++---
 drivers/net/ethernet/sun/niu.c                     |  10 +-
 drivers/net/ethernet/via/via-rhine.c               |  11 +-
 drivers/net/netdevsim/ethtool.c                    |   2 +-
 drivers/net/netdevsim/netdevsim.h                  |   1 +
 drivers/net/netdevsim/udp_tunnels.c                |  23 ++--
 drivers/net/phy/marvell-88q2xxx.c                  |  33 ++++--
 drivers/net/phy/nxp-c45-tja11xx.c                  |   2 +
 drivers/net/usb/ipheth.c                           |  69 ++++++++----
 drivers/net/usb/rtl8150.c                          |  22 ++++
 drivers/net/vxlan/vxlan_vnifilter.c                |   5 +
 drivers/net/wireless/mediatek/mt76/mt7603/mac.c    |   9 +-
 drivers/net/wireless/mediatek/mt76/mt7615/pci.c    |   8 +-
 .../net/wireless/mediatek/mt76/mt7615/pci_mac.c    |   8 +-
 drivers/net/wireless/mediatek/mt76/mt76x0/pci.c    |   8 +-
 drivers/net/wireless/mediatek/mt76/mt76x02_mmio.c  |   8 +-
 drivers/net/wireless/mediatek/mt76/mt76x2/pci.c    |   7 +-
 drivers/net/wireless/mediatek/mt76/mt7915/mac.c    |  17 ++-
 drivers/net/wireless/mediatek/mt76/mt7921/pci.c    |   7 +-
 .../net/wireless/mediatek/mt76/mt7921/pci_mac.c    |   7 +-
 drivers/net/wireless/mediatek/mt76/mt7925/pci.c    |   7 +-
 .../net/wireless/mediatek/mt76/mt7925/pci_mac.c    |   7 +-
 drivers/net/wireless/mediatek/mt76/mt7996/mac.c    |  12 +-
 drivers/ptp/ptp_chardev.c                          |   4 +
 drivers/ptp/ptp_clock.c                            |   8 ++
 include/linux/netdevice.h                          |   4 +-
 include/net/page_pool/types.h                      |   1 -
 include/net/xfrm.h                                 |  16 ++-
 net/bluetooth/l2cap_sock.c                         |   4 +-
 net/core/dev.c                                     |  39 ++-----
 net/core/page_pool.c                               |   2 +
 net/core/page_pool_priv.h                          |   2 +
 net/core/page_pool_user.c                          |  15 ++-
 net/ethtool/ioctl.c                                |   2 +-
 net/hsr/hsr_forward.c                              |   7 +-
 net/ipv4/esp4.c                                    |   2 +-
 net/ipv4/ipmr_base.c                               |   3 -
 net/ipv4/tcp_output.c                              |   9 +-
 net/ipv6/esp6.c                                    |   2 +-
 net/ipv6/xfrm6_output.c                            |   4 +-
 net/mptcp/ctrl.c                                   |   4 +-
 net/mptcp/options.c                                |  13 +--
 net/mptcp/pm_netlink.c                             |   3 +-
 net/mptcp/protocol.c                               |   4 +-
 net/mptcp/protocol.h                               |  30 ++---
 net/ncsi/ncsi-manage.c                             |  13 ++-
 net/ncsi/ncsi-rsp.c                                |  18 ++-
 net/netfilter/nf_tables_api.c                      |   8 +-
 net/nfc/nci/hci.c                                  |   2 +
 net/rose/rose_timer.c                              |  15 +++
 net/rxrpc/peer_event.c                             |  16 +--
 net/rxrpc/peer_object.c                            |  12 +-
 net/sched/sch_ets.c                                |   2 +
 net/vmw_vsock/af_vsock.c                           |  13 ++-
 net/xfrm/xfrm_interface_core.c                     |   2 +-
 net/xfrm/xfrm_output.c                             |   7 +-
 net/xfrm/xfrm_policy.c                             |   2 +-
 net/xfrm/xfrm_replay.c                             |  10 +-
 net/xfrm/xfrm_state.c                              |  93 ++++++++++++----
 tools/net/ynl/lib/ynl.c                            |   2 +-
 .../drivers/net/netdevsim/udp_tunnel_nic.sh        |  16 +--
 tools/testing/selftests/net/bpf_offload.py         |  14 ++-
 tools/testing/selftests/net/lib/Makefile           |   2 +-
 tools/testing/selftests/net/mptcp/Makefile         |   2 +-
 tools/testing/selftests/net/openvswitch/Makefile   |   2 +-
 .../selftests/net/packetdrill/ksft_runner.sh       |   4 +-
 tools/testing/vsock/util.c                         |  88 ++++++---------
 tools/testing/vsock/util.h                         |   2 +
 tools/testing/vsock/vsock_test.c                   | 122 ++++++++++++++++++---
 103 files changed, 877 insertions(+), 420 deletions(-)
 create mode 100644 Documentation/ABI/stable/sysfs-class-bluetooth
Merging bpf/master (c78f4afbd962 bpf: Fix deadlock when freeing cgroup storage)
$ git merge -m Merge branch 'master' of git://git.kernel.org/pub/scm/linux/kernel/git/bpf/bpf.git bpf/master
Auto-merging kernel/bpf/syscall.c
Merge made by the 'ort' strategy.
 Documentation/networking/strparser.rst             |   9 +-
 include/linux/skmsg.h                              |   2 +
 include/net/strparser.h                            |   2 +
 include/net/tcp.h                                  |   8 +
 kernel/bpf/bpf_cgrp_storage.c                      |   2 +-
 kernel/bpf/ringbuf.c                               |   4 -
 kernel/bpf/syscall.c                               |  25 +-
 net/bpf/test_run.c                                 |   5 +-
 net/core/bpf_sk_storage.c                          |  13 +-
 net/core/skmsg.c                                   |   7 +
 net/core/sock_map.c                                |   5 +-
 net/ipv4/tcp.c                                     |  29 +-
 net/ipv4/tcp_bpf.c                                 |  36 ++
 net/strparser/strparser.c                          |  11 +-
 .../selftests/bpf/prog_tests/sockmap_basic.c       |  59 +--
 .../selftests/bpf/prog_tests/sockmap_strp.c        | 454 +++++++++++++++++++++
 .../selftests/bpf/prog_tests/xdp_cpumap_attach.c   |   4 +-
 .../selftests/bpf/prog_tests/xdp_devmap_attach.c   |   8 +-
 .../selftests/bpf/progs/test_sockmap_strp.c        |  53 +++
 19 files changed, 636 insertions(+), 100 deletions(-)
 create mode 100644 tools/testing/selftests/bpf/prog_tests/sockmap_strp.c
 create mode 100644 tools/testing/selftests/bpf/progs/test_sockmap_strp.c
Merging ipsec/master (6c9b7db96db6 xfrm: Don't disable preemption while looking up cache state.)
$ git merge -m Merge branch 'master' of git://git.kernel.org/pub/scm/linux/kernel/git/klassert/ipsec.git ipsec/master
Already up to date.
Merging netfilter/main (dfffaccffc53 Merge tag 'nf-25-01-30' of git://git.kernel.org/pub/scm/linux/kernel/git/netfilter/nf)
$ git merge -m Merge branch 'main' of git://git.kernel.org/pub/scm/linux/kernel/git/netfilter/nf.git netfilter/main
Already up to date.
Merging ipvs/main (0a5b8fff01bd selftests: net: Adapt ethtool mq tests to fix in qdisc graft)
$ git merge -m Merge branch 'main' of git://git.kernel.org/pub/scm/linux/kernel/git/horms/ipvs.git ipvs/main
Already up to date.
Merging wireless/for-next (3319569bf9d8 Merge tag 'ath-current-20250124' of git://git.kernel.org/pub/scm/linux/kernel/git/ath/ath)
$ git merge -m Merge branch 'for-next' of git://git.kernel.org/pub/scm/linux/kernel/git/wireless/wireless.git wireless/for-next
Merge made by the 'ort' strategy.
 drivers/net/wireless/ath/ath12k/wmi.c              | 61 ++++++++++++++++------
 drivers/net/wireless/ath/ath12k/wmi.h              |  1 -
 .../wireless/broadcom/brcm80211/brcmfmac/pcie.c    |  4 +-
 3 files changed, 47 insertions(+), 19 deletions(-)
Merging ath/for-current (3319569bf9d8 Merge tag 'ath-current-20250124' of git://git.kernel.org/pub/scm/linux/kernel/git/ath/ath)
$ git merge -m Merge branch 'for-current' of git://git.kernel.org/pub/scm/linux/kernel/git/ath/ath.git ath/for-current
Already up to date.
Merging wpan/master (8ce4f287524c net: libwx: fix firmware mailbox abnormal return)
$ git merge -m Merge branch 'master' of git://git.kernel.org/pub/scm/linux/kernel/git/wpan/wpan.git wpan/master
Already up to date.
Merging rdma-fixes/for-rc (45d339fefaa3 RDMA/mlx5: Enable multiplane mode only when it is supported)
$ git merge -m Merge branch 'for-rc' of git://git.kernel.org/pub/scm/linux/kernel/git/rdma/rdma.git rdma-fixes/for-rc
Already up to date.
Merging sound-current/for-linus (8c2fa44132e8 ALSA: hda/realtek: Workaround for resume on Dell Venue 11 Pro 7130)
$ git merge -m Merge branch 'for-linus' of git://git.kernel.org/pub/scm/linux/kernel/git/tiwai/sound.git sound-current/for-linus
Auto-merging Documentation/devicetree/bindings/arm/fsl.yaml
Merge made by the 'ort' strategy.
 Documentation/devicetree/bindings/arm/fsl.yaml     |  3 ++
 .../devicetree/bindings/sound/ti,pcm1681.yaml      |  2 +-
 drivers/firmware/cirrus/Kconfig                    |  6 +--
 sound/core/pcm_native.c                            |  2 +-
 sound/pci/hda/hda_auto_parser.c                    |  8 ++-
 sound/pci/hda/hda_auto_parser.h                    |  1 +
 sound/pci/hda/patch_realtek.c                      | 18 ++++++-
 sound/soc/amd/acp/acp-i2s.c                        |  1 +
 sound/soc/amd/yc/acp6x-mach.c                      | 28 ++++++++++
 sound/soc/codecs/da7213.c                          |  2 +
 sound/soc/codecs/es8316.c                          |  2 +-
 sound/soc/codecs/es8326.c                          |  4 +-
 sound/soc/codecs/rt5514.c                          |  3 +-
 sound/soc/fsl/Kconfig                              |  1 +
 sound/soc/fsl/fsl_asrc_m2m.c                       | 16 +++---
 sound/soc/generic/audio-graph-card2.c              | 62 ++++++++++------------
 sound/soc/intel/boards/bytcr_rt5640.c              | 17 +++++-
 sound/soc/renesas/Kconfig                          |  2 +-
 sound/soc/rockchip/rockchip_i2s_tdm.c              | 31 ++++++++++-
 sound/soc/sof/imx/imx8.c                           | 24 ++++++++-
 sound/soc/sof/imx/imx8m.c                          | 52 +++++++++++++++++-
 sound/soc/sof/imx/imx8ulp.c                        |  3 +-
 sound/soc/sof/intel/bdw.c                          |  3 +-
 sound/soc/sof/intel/byt.c                          |  3 +-
 sound/soc/sof/mediatek/mt8186/mt8186.c             |  2 +-
 sound/soc/sof/mediatek/mt8195/mt8195.c             |  6 +--
 sound/usb/quirks.c                                 |  2 +
 27 files changed, 233 insertions(+), 71 deletions(-)
Merging sound-asoc-fixes/for-linus (d91054313ab7 Merge remote-tracking branch 'asoc/for-6.13' into asoc-linus)
$ git merge -m Merge branch 'for-linus' of git://git.kernel.org/pub/scm/linux/kernel/git/broonie/sound.git sound-asoc-fixes/for-linus
Merge made by the 'ort' strategy.
Merging regmap-fixes/for-linus (5bc55a333a2f Linux 6.13-rc7)
$ git merge -m Merge branch 'for-linus' of git://git.kernel.org/pub/scm/linux/kernel/git/broonie/regmap.git regmap-fixes/for-linus
Already up to date.
Merging regulator-fixes/for-linus (3c28eb3350c8 Merge remote-tracking branch 'regulator/for-6.13' into regulator-linus)
$ git merge -m Merge branch 'for-linus' of git://git.kernel.org/pub/scm/linux/kernel/git/broonie/regulator.git regulator-fixes/for-linus
Merge made by the 'ort' strategy.
Merging spi-fixes/for-linus (ff9e24437b18 Merge remote-tracking branch 'spi/for-6.13' into spi-linus)
$ git merge -m Merge branch 'for-linus' of git://git.kernel.org/pub/scm/linux/kernel/git/broonie/spi.git spi-fixes/for-linus
Merge made by the 'ort' strategy.
Merging pci-current/for-linus (d555ed45a5a1 PCI: Restore original INTX_DISABLE bit by pcim_intx())
$ git merge -m Merge branch 'for-linus' of git://git.kernel.org/pub/scm/linux/kernel/git/pci/pci.git pci-current/for-linus
Merge made by the 'ort' strategy.
 drivers/pci/devres.c | 34 +++++++++++++++++++---------------
 1 file changed, 19 insertions(+), 15 deletions(-)
Merging driver-core.current/driver-core-linus (57b314752ec0 debugfs: Fix the missing initializations in __debugfs_file_get())
$ git merge -m Merge branch 'driver-core-linus' of git://git.kernel.org/pub/scm/linux/kernel/git/gregkh/driver-core.git driver-core.current/driver-core-linus
Merge made by the 'ort' strategy.
 fs/debugfs/file.c | 20 ++++++++++++--------
 1 file changed, 12 insertions(+), 8 deletions(-)
Merging tty.current/tty-linus (72deda0abee6 Merge tag 'soundwire-6.14-rc1' of git://git.kernel.org/pub/scm/linux/kernel/git/vkoul/soundwire)
$ git merge -m Merge branch 'tty-linus' of git://git.kernel.org/pub/scm/linux/kernel/git/gregkh/tty.git tty.current/tty-linus
Already up to date.
Merging usb.current/usb-linus (72deda0abee6 Merge tag 'soundwire-6.14-rc1' of git://git.kernel.org/pub/scm/linux/kernel/git/vkoul/soundwire)
$ git merge -m Merge branch 'usb-linus' of git://git.kernel.org/pub/scm/linux/kernel/git/gregkh/usb.git usb.current/usb-linus
Already up to date.
Merging usb-serial-fixes/usb-linus (5bc55a333a2f Linux 6.13-rc7)
$ git merge -m Merge branch 'usb-linus' of git://git.kernel.org/pub/scm/linux/kernel/git/johan/usb-serial.git usb-serial-fixes/usb-linus
Already up to date.
Merging phy/fixes (17194c2998d3 phy: mediatek: phy-mtk-hdmi: add regulator dependency)
$ git merge -m Merge branch 'fixes' of git://git.kernel.org/pub/scm/linux/kernel/git/phy/linux-phy.git phy/fixes
Already up to date.
Merging staging.current/staging-linus (72deda0abee6 Merge tag 'soundwire-6.14-rc1' of git://git.kernel.org/pub/scm/linux/kernel/git/vkoul/soundwire)
$ git merge -m Merge branch 'staging-linus' of git://git.kernel.org/pub/scm/linux/kernel/git/gregkh/staging.git staging.current/staging-linus
Already up to date.
Merging iio-fixes/fixes-togreg (71fa11c1bc6c iio: adc: ad7192: fix channel select)
$ git merge -m Merge branch 'fixes-togreg' of git://git.kernel.org/pub/scm/linux/kernel/git/jic23/iio.git iio-fixes/fixes-togreg
Merge made by the 'ort' strategy.
 drivers/iio/adc/ad7192.c            |  2 +-
 drivers/iio/adc/at91-sama5d2_adc.c  | 68 ++++++++++++++++++++++---------------
 drivers/iio/adc/pac1921.c           |  2 +-
 drivers/iio/light/apds9306.c        |  4 +--
 drivers/iio/light/hid-sensor-prox.c |  7 ++--
 drivers/iio/proximity/hx9023s.c     |  3 +-
 6 files changed, 50 insertions(+), 36 deletions(-)
Merging counter-current/counter-current (fac04efc5c79 Linux 6.13-rc2)
$ git merge -m Merge branch 'counter-current' of git://git.kernel.org/pub/scm/linux/kernel/git/wbg/counter.git counter-current/counter-current
Already up to date.
Merging char-misc.current/char-misc-linus (6d61a53dd6f5 Merge tag 'f2fs-for-6.14-rc1' of git://git.kernel.org/pub/scm/linux/kernel/git/jaegeuk/f2fs)
$ git merge -m Merge branch 'char-misc-linus' of git://git.kernel.org/pub/scm/linux/kernel/git/gregkh/char-misc.git char-misc.current/char-misc-linus
Already up to date.
Merging soundwire-fixes/fixes (40384c840ea1 Linux 6.13-rc1)
$ git merge -m Merge branch 'fixes' of git://git.kernel.org/pub/scm/linux/kernel/git/vkoul/soundwire.git soundwire-fixes/fixes
Already up to date.
Merging thunderbolt-fixes/fixes (ffd294d346d1 Linux 6.13)
$ git merge -m Merge branch 'fixes' of git://git.kernel.org/pub/scm/linux/kernel/git/westeri/thunderbolt.git thunderbolt-fixes/fixes
Already up to date.
Merging input-current/for-linus (3a6e5ed2372b Input: xpad - add support for Nacon Evol-X Xbox One Controller)
$ git merge -m Merge branch 'for-linus' of git://git.kernel.org/pub/scm/linux/kernel/git/dtor/input.git input-current/for-linus
Already up to date.
Merging crypto-current/master (9d4f8e54cef2 rhashtable: Fix rhashtable_try_insert test)
$ git merge -m Merge branch 'master' of git://git.kernel.org/pub/scm/linux/kernel/git/herbert/crypto-2.6.git crypto-current/master
Already up to date.
Merging vfio-fixes/for-linus (09dfc8a5f2ce vfio/pci: Fallback huge faults for unaligned pfn)
$ git merge -m Merge branch 'for-linus' of git://github.com/awilliam/linux-vfio.git vfio-fixes/for-linus
Already up to date.
Merging kselftest-fixes/fixes (777f290ab328 selftests/ftrace: adjust offset for kprobe syntax error test)
$ git merge -m Merge branch 'fixes' of git://git.kernel.org/pub/scm/linux/kernel/git/shuah/linux-kselftest.git kselftest-fixes/fixes
Already up to date.
Merging dmaengine-fixes/fixes (ebc008699fd9 dmaengine: tegra: Return correct DMA status when paused)
$ git merge -m Merge branch 'fixes' of git://git.kernel.org/pub/scm/linux/kernel/git/vkoul/dmaengine.git dmaengine-fixes/fixes
Already up to date.
Merging backlight-fixes/for-backlight-fixes (1613e604df0c Linux 6.10-rc1)
$ git merge -m Merge branch 'for-backlight-fixes' of git://git.kernel.org/pub/scm/linux/kernel/git/lee/backlight.git backlight-fixes/for-backlight-fixes
Already up to date.
Merging mtd-fixes/mtd/fixes (d15638bf76ad Revert "mtd: spi-nor: core: replace dummy buswidth from addr to data")
$ git merge -m Merge branch 'mtd/fixes' of git://git.kernel.org/pub/scm/linux/kernel/git/mtd/linux.git mtd-fixes/mtd/fixes
Already up to date.
Merging mfd-fixes/for-mfd-fixes (68f860426d50 mfd: axp20x: AXP717: Fix missing IRQ status registers range)
$ git merge -m Merge branch 'for-mfd-fixes' of git://git.kernel.org/pub/scm/linux/kernel/git/lee/mfd.git mfd-fixes/for-mfd-fixes
Already up to date.
Merging v4l-dvb-fixes/fixes (8b55f8818900 media: mediatek: vcodec: mark vdec_vp9_slice_map_counts_eob_coef noinline)
$ git merge -m Merge branch 'fixes' of git://linuxtv.org/media-ci/media-pending.git v4l-dvb-fixes/fixes
Already up to date.
Merging reset-fixes/reset/fixes (1f8af9712413 reset: rzg2l-usbphy-ctrl: Assign proper of node to the allocated device)
$ git merge -m Merge branch 'reset/fixes' of https://git.pengutronix.de/git/pza/linux reset-fixes/reset/fixes
Already up to date.
Merging mips-fixes/mips-fixes (40384c840ea1 Linux 6.13-rc1)
$ git merge -m Merge branch 'mips-fixes' of git://git.kernel.org/pub/scm/linux/kernel/git/mips/linux.git mips-fixes/mips-fixes
Already up to date.
Merging at91-fixes/at91-fixes (40384c840ea1 Linux 6.13-rc1)
$ git merge -m Merge branch 'at91-fixes' of git://git.kernel.org/pub/scm/linux/kernel/git/at91/linux.git at91-fixes/at91-fixes
Already up to date.
Merging omap-fixes/fixes (40384c840ea1 Linux 6.13-rc1)
$ git merge -m Merge branch 'fixes' of git://git.kernel.org/pub/scm/linux/kernel/git/khilman/linux-omap.git omap-fixes/fixes
Already up to date.
Merging kvm-fixes/master (a5546c2f0dc4 Merge tag 'kvm-s390-master-6.13-1' of https://git.kernel.org/pub/scm/linux/kernel/git/kvms390/linux into HEAD)
$ git merge -m Merge branch 'master' of git://git.kernel.org/pub/scm/virt/kvm/kvm.git kvm-fixes/master
Already up to date.
Merging kvms390-fixes/master (e376d958871c KVM: s390: selftests: Add has device attr check to uc_attr_mem_limit selftest)
$ git merge -m Merge branch 'master' of git://git.kernel.org/pub/scm/linux/kernel/git/kvms390/linux.git kvms390-fixes/master
Already up to date.
Merging hwmon-fixes/hwmon (57419616be03 hwmon: (peci/dimmtemp) Do not provide fake thresholds data)
$ git merge -m Merge branch 'hwmon' of git://git.kernel.org/pub/scm/linux/kernel/git/groeck/linux-staging.git hwmon-fixes/hwmon
Merge made by the 'ort' strategy.
 drivers/hwmon/peci/dimmtemp.c | 10 ++++------
 1 file changed, 4 insertions(+), 6 deletions(-)
Merging nvdimm-fixes/libnvdimm-fixes (265e98f72bac acpi: nfit: vmalloc-out-of-bounds Read in acpi_nfit_ctl)
$ git merge -m Merge branch 'libnvdimm-fixes' of git://git.kernel.org/pub/scm/linux/kernel/git/nvdimm/nvdimm.git nvdimm-fixes/libnvdimm-fixes
Already up to date.
Merging cxl-fixes/fixes (fc033cf25e61 Linux 6.13-rc5)
$ git merge -m Merge branch 'fixes' of git://git.kernel.org/pub/scm/linux/kernel/git/cxl/cxl.git cxl-fixes/fixes
Already up to date.
Merging dma-mapping-fixes/for-linus (78b2770c935f dma-mapping: fix tracing dma_alloc/free with vmalloc'd memory)
$ git merge -m Merge branch 'for-linus' of git://git.infradead.org/users/hch/dma-mapping.git dma-mapping-fixes/for-linus
Already up to date.
Merging drivers-x86-fixes/fixes (4afd0e58a679 platform/x86/intel: pmc: fix ltr decode in pmc_core_ltr_show())
$ git merge -m Merge branch 'fixes' of git://git.kernel.org/pub/scm/linux/kernel/git/pdx86/platform-drivers-x86.git drivers-x86-fixes/fixes
Merge made by the 'ort' strategy.
 drivers/platform/x86/ideapad-laptop.c | 2 +-
 drivers/platform/x86/intel/pmc/core.c | 4 ++--
 2 files changed, 3 insertions(+), 3 deletions(-)
Merging samsung-krzk-fixes/fixes (40384c840ea1 Linux 6.13-rc1)
$ git merge -m Merge branch 'fixes' of git://git.kernel.org/pub/scm/linux/kernel/git/krzk/linux.git samsung-krzk-fixes/fixes
Already up to date.
Merging pinctrl-samsung-fixes/fixes (40384c840ea1 Linux 6.13-rc1)
$ git merge -m Merge branch 'fixes' of git://git.kernel.org/pub/scm/linux/kernel/git/pinctrl/samsung.git pinctrl-samsung-fixes/fixes
Already up to date.
Merging devicetree-fixes/dt/linus (f0e5e4ac75b8 of: address: Add kunit test for __of_address_resource_bounds())
$ git merge -m Merge branch 'dt/linus' of git://git.kernel.org/pub/scm/linux/kernel/git/robh/linux.git devicetree-fixes/dt/linus
Merge made by the 'ort' strategy.
 .../devicetree/bindings/clock/qcom,gpucc.yaml      |   3 +
 .../bindings/clock/qcom,sa8775p-camcc.yaml         |   6 +-
 .../bindings/clock/qcom,sa8775p-videocc.yaml       |   1 +
 drivers/of/address.c                               |   5 +-
 drivers/of/of_private.h                            |   4 +
 drivers/of/of_test.c                               | 119 ++++++++++++++++++++-
 include/dt-bindings/clock/qcom,qcs8300-camcc.h     |  16 +++
 include/dt-bindings/clock/qcom,qcs8300-gpucc.h     |  17 +++
 8 files changed, 168 insertions(+), 3 deletions(-)
 create mode 100644 include/dt-bindings/clock/qcom,qcs8300-camcc.h
 create mode 100644 include/dt-bindings/clock/qcom,qcs8300-gpucc.h
Merging dt-krzk-fixes/fixes (40384c840ea1 Linux 6.13-rc1)
$ git merge -m Merge branch 'fixes' of git://git.kernel.org/pub/scm/linux/kernel/git/krzk/linux-dt.git dt-krzk-fixes/fixes
Already up to date.
Merging scsi-fixes/fixes (63ca02221cc5 scsi: iscsi: Fix redundant response for ISCSI_UEVENT_GET_HOST_STATS request)
$ git merge -m Merge branch 'fixes' of git://git.kernel.org/pub/scm/linux/kernel/git/mkp/scsi.git scsi-fixes/fixes
Already up to date.
Merging drm-fixes/drm-fixes (9b1c673a1648 Merge tag 'drm-xe-fixes-2025-01-16' of https://gitlab.freedesktop.org/drm/xe/kernel into drm-fixes)
$ git merge -m Merge branch 'drm-fixes' of https://gitlab.freedesktop.org/drm/kernel.git drm-fixes/drm-fixes
Already up to date.
Merging drm-intel-fixes/for-linux-next-fixes (ffd294d346d1 Linux 6.13)
$ git merge -m Merge branch 'for-linux-next-fixes' of https://gitlab.freedesktop.org/drm/i915/kernel drm-intel-fixes/for-linux-next-fixes
Already up to date.
Merging mmc-fixes/fixes (8d90a86ed053 mmc: sdhci-msm: fix crypto key eviction)
$ git merge -m Merge branch 'fixes' of git://git.kernel.org/pub/scm/linux/kernel/git/ulfh/mmc.git mmc-fixes/fixes
Already up to date.
Merging rtc-fixes/rtc-fixes (40384c840ea1 Linux 6.13-rc1)
$ git merge -m Merge branch 'rtc-fixes' of git://git.kernel.org/pub/scm/linux/kernel/git/abelloni/linux.git rtc-fixes/rtc-fixes
Already up to date.
Merging gnss-fixes/gnss-linus (40384c840ea1 Linux 6.13-rc1)
$ git merge -m Merge branch 'gnss-linus' of git://git.kernel.org/pub/scm/linux/kernel/git/johan/gnss.git gnss-fixes/gnss-linus
Already up to date.
Merging hyperv-fixes/hyperv-fixes (175c71c2acee tools/hv: reduce resource usage in hv_kvp_daemon)
$ git merge -m Merge branch 'hyperv-fixes' of git://git.kernel.org/pub/scm/linux/kernel/git/hyperv/linux.git hyperv-fixes/hyperv-fixes
Already up to date.
Merging risc-v-fixes/fixes (6f6ecce59d99 Merge patch series "SBI PMU event related fixes")
$ git merge -m Merge branch 'fixes' of git://git.kernel.org/pub/scm/linux/kernel/git/riscv/linux.git risc-v-fixes/fixes
Already up to date.
Merging riscv-dt-fixes/riscv-dt-fixes (8d19d5a76bf6 riscv: dts: starfive: Fix a typo in StarFive JH7110 pin function definitions)
$ git merge -m Merge branch 'riscv-dt-fixes' of git://git.kernel.org/pub/scm/linux/kernel/git/conor/linux.git riscv-dt-fixes/riscv-dt-fixes
Merge made by the 'ort' strategy.
 arch/riscv/boot/dts/starfive/jh7110-pinfunc.h | 2 +-
 1 file changed, 1 insertion(+), 1 deletion(-)
Merging riscv-soc-fixes/riscv-soc-fixes (48808b55b07c firmware: microchip: fix UL_IAP lock check in mpfs_auto_update_state())
$ git merge -m Merge branch 'riscv-soc-fixes' of git://git.kernel.org/pub/scm/linux/kernel/git/conor/linux.git riscv-soc-fixes/riscv-soc-fixes
Already up to date.
Merging fpga-fixes/fixes (1613e604df0c Linux 6.10-rc1)
$ git merge -m Merge branch 'fixes' of git://git.kernel.org/pub/scm/linux/kernel/git/fpga/linux-fpga.git fpga-fixes/fixes
Already up to date.
Merging spdx/spdx-linus (b62cef9a5c67 Merge tag 'hwmon-for-v6.13-rc7' of git://git.kernel.org/pub/scm/linux/kernel/git/groeck/linux-staging)
$ git merge -m Merge branch 'spdx-linus' of git://git.kernel.org/pub/scm/linux/kernel/git/gregkh/spdx.git spdx/spdx-linus
Already up to date.
Merging gpio-brgl-fixes/gpio/for-current (f8524ac33cd4 selftests: gpio: gpio-sim: Fix missing chip disablements)
$ git merge -m Merge branch 'gpio/for-current' of git://git.kernel.org/pub/scm/linux/kernel/git/brgl/linux.git gpio-brgl-fixes/gpio/for-current
Already up to date.
Merging gpio-intel-fixes/fixes (9852d85ec9d4 Linux 6.12-rc1)
$ git merge -m Merge branch 'fixes' of git://git.kernel.org/pub/scm/linux/kernel/git/andy/linux-gpio-intel.git gpio-intel-fixes/fixes
Already up to date.
Merging pinctrl-intel-fixes/fixes (40384c840ea1 Linux 6.13-rc1)
$ git merge -m Merge branch 'fixes' of git://git.kernel.org/pub/scm/linux/kernel/git/pinctrl/intel.git pinctrl-intel-fixes/fixes
Already up to date.
Merging auxdisplay-fixes/fixes (9852d85ec9d4 Linux 6.12-rc1)
$ git merge -m Merge branch 'fixes' of git://git.kernel.org/pub/scm/linux/kernel/git/andy/linux-auxdisplay.git auxdisplay-fixes/fixes
Already up to date.
Merging kunit-fixes/kunit-fixes (40384c840ea1 Linux 6.13-rc1)
$ git merge -m Merge branch 'kunit-fixes' of git://git.kernel.org/pub/scm/linux/kernel/git/shuah/linux-kselftest.git kunit-fixes/kunit-fixes
Already up to date.
Merging memblock-fixes/fixes (180bbad69864 arch_numa: Restore nid checks before registering a memblock with a node)
$ git merge -m Merge branch 'fixes' of git://git.kernel.org/pub/scm/linux/kernel/git/rppt/memblock.git memblock-fixes/fixes
Already up to date.
Merging renesas-fixes/fixes (124f4f1a1869 MAINTAINERS: Re-add cancelled Renesas driver sections)
$ git merge -m Merge branch 'fixes' of git://git.kernel.org/pub/scm/linux/kernel/git/geert/renesas-devel.git renesas-fixes/fixes
Auto-merging MAINTAINERS
CONFLICT (content): Merge conflict in MAINTAINERS
Resolved 'MAINTAINERS' using previous resolution.
Automatic merge failed; fix conflicts and then commit the result.
$ git commit --no-edit -v -a
[master 151ee3bad515] Merge branch 'fixes' of git://git.kernel.org/pub/scm/linux/kernel/git/geert/renesas-devel.git
$ git diff -M --stat --summary HEAD^..

Merging perf-current/perf-tools (9fae5884bb0e perf cpumap: Fix die and cluster IDs)
$ git merge -m Merge branch 'perf-tools' of git://git.kernel.org/pub/scm/linux/kernel/git/perf/perf-tools perf-current/perf-tools
Merge made by the 'ort' strategy.
 tools/perf/builtin-trace.c                         |  6 +-
 tools/perf/tests/shell/trace_btf_enum.sh           |  8 ++-
 tools/perf/util/annotate.c                         | 76 ++++++++++++++++++--
 tools/perf/util/annotate.h                         | 15 ++--
 .../util/bpf_skel/augmented_raw_syscalls.bpf.c     | 11 ++-
 tools/perf/util/cpumap.c                           |  4 +-
 tools/perf/util/disasm.c                           | 83 ++++------------------
 7 files changed, 113 insertions(+), 90 deletions(-)
Merging efi-fixes/urgent (145ac100b637 efi/esrt: remove esre_attribute::store())
$ git merge -m Merge branch 'urgent' of git://git.kernel.org/pub/scm/linux/kernel/git/efi/efi.git efi-fixes/urgent
Already up to date.
Merging zstd-fixes/zstd-linus (77618db34645 zstd: Fix array-index-out-of-bounds UBSAN warning)
$ git merge -m Merge branch 'zstd-linus' of https://github.com/terrelln/linux.git zstd-fixes/zstd-linus
Already up to date.
Merging battery-fixes/fixes (b3ded6072c56 power: supply: bq24190: Fix BQ24296 Vbus regulator support)
$ git merge -m Merge branch 'fixes' of git://git.kernel.org/pub/scm/linux/kernel/git/sre/linux-power-supply.git battery-fixes/fixes
Already up to date.
Merging iommufd-fixes/for-rc (2ca704f55e22 iommu/arm-smmu-v3: Improve uAPI comment for IOMMU_HW_INFO_TYPE_ARM_SMMUV3)
$ git merge -m Merge branch 'for-rc' of git://git.kernel.org/pub/scm/linux/kernel/git/jgg/iommufd.git iommufd-fixes/for-rc
Already up to date.
Merging rust-fixes/rust-fixes (78d4f34e2115 Linux 6.13-rc3)
$ git merge -m Merge branch 'rust-fixes' of https://github.com/Rust-for-Linux/linux.git rust-fixes/rust-fixes
Already up to date.
Merging w1-fixes/fixes (40384c840ea1 Linux 6.13-rc1)
$ git merge -m Merge branch 'fixes' of git://git.kernel.org/pub/scm/linux/kernel/git/krzk/linux-w1.git w1-fixes/fixes
Already up to date.
Merging pmdomain-fixes/fixes (726efa92e02b pmdomain: imx8mp-blk-ctrl: add missing loop break condition)
$ git merge -m Merge branch 'fixes' of git://git.kernel.org/pub/scm/linux/kernel/git/ulfh/linux-pm.git pmdomain-fixes/fixes
Already up to date.
Merging i2c-host-fixes/i2c/i2c-host-fixes (9d89551994a4 Linux 6.13-rc6)
$ git merge -m Merge branch 'i2c/i2c-host-fixes' of git://git.kernel.org/pub/scm/linux/kernel/git/andi.shyti/linux.git i2c-host-fixes/i2c/i2c-host-fixes
Already up to date.
Merging sparc-fixes/for-linus (6613476e225e Linux 6.8-rc1)
$ git merge -m Merge branch 'for-linus' of git://git.kernel.org/pub/scm/linux/kernel/git/alarsson/linux-sparc.git sparc-fixes/for-linus
Already up to date.
Merging clk-fixes/clk-fixes (5fb33b679763 clk: clk-loongson2: Fix the number count of clk provider)
$ git merge -m Merge branch 'clk-fixes' of git://git.kernel.org/pub/scm/linux/kernel/git/clk/linux.git clk-fixes/clk-fixes
Already up to date.
Merging pwrseq-fixes/pwrseq/for-current (40384c840ea1 Linux 6.13-rc1)
$ git merge -m Merge branch 'pwrseq/for-current' of git://git.kernel.org/pub/scm/linux/kernel/git/brgl/linux.git pwrseq-fixes/pwrseq/for-current
Already up to date.
Merging thead-dt-fixes/thead-dt-fixes (40384c840ea1 Linux 6.13-rc1)
$ git merge -m Merge branch 'thead-dt-fixes' of https://github.com/pdp7/linux.git thead-dt-fixes/thead-dt-fixes
Already up to date.
Merging ftrace-fixes/ftrace/fixes (789a8cff8d2d ftrace: Fix function profiler's filtering functionality)
$ git merge -m Merge branch 'ftrace/fixes' of git://git.kernel.org/pub/scm/linux/kernel/git/trace/linux-trace.git ftrace-fixes/ftrace/fixes
Already up to date.
Merging ring-buffer-fixes/ring-buffer/fixes (8cd63406d081 trace/ring-buffer: Do not use TP_printk() formatting for boot mapped buffers)
$ git merge -m Merge branch 'ring-buffer/fixes' of git://git.kernel.org/pub/scm/linux/kernel/git/trace/linux-trace.git ring-buffer-fixes/ring-buffer/fixes
Already up to date.
Merging trace-fixes/trace/fixes (60295b944ff6 tracing: gfp: Fix the GFP enum values shown for user space tracing tools)
$ git merge -m Merge branch 'trace/fixes' of git://git.kernel.org/pub/scm/linux/kernel/git/trace/linux-trace.git trace-fixes/trace/fixes
Already up to date.
Merging tracefs-fixes/tracefs/fixes (8b55572e5180 tracing/selftests: Add tracefs mount options test)
$ git merge -m Merge branch 'tracefs/fixes' of git://git.kernel.org/pub/scm/linux/kernel/git/trace/linux-trace.git tracefs-fixes/tracefs/fixes
Already up to date.
Merging spacemit-fixes/fixes (fac04efc5c79 Linux 6.13-rc2)
$ git merge -m Merge branch 'fixes' of https://github.com/spacemit-com/linux spacemit-fixes/fixes
Already up to date.
Merging tip-fixes/tip/urgent (8b44debe7c5b Merge branch into tip/master: 'timers/urgent')
$ git merge -m Merge branch 'tip/urgent' of git://git.kernel.org/pub/scm/linux/kernel/git/tip/tip.git tip-fixes/tip/urgent
Merge made by the 'ort' strategy.
 .../microchip,lan966x-oic.yaml                     |   5 +-
 drivers/irqchip/Kconfig                            |   1 +
 drivers/irqchip/irq-apple-aic.c                    |   3 +-
 drivers/irqchip/irq-mvebu-icu.c                    |   3 +-
 drivers/irqchip/irq-riscv-imsic-early.c            |   2 +-
 drivers/irqchip/irq-thead-c900-aclint-sswi.c       |   2 +-
 include/linux/hrtimer_defs.h                       |   1 +
 io_uring/futex.c                                   |   2 +-
 kernel/futex/core.c                                |   5 +-
 kernel/futex/futex.h                               |  11 +-
 kernel/futex/pi.c                                  |   2 +-
 kernel/futex/waitwake.c                            |   4 +-
 kernel/sched/fair.c                                |  19 ++++
 kernel/time/clocksource.c                          |   3 +-
 kernel/time/hrtimer.c                              | 125 ++++++++++++++++-----
 15 files changed, 140 insertions(+), 48 deletions(-)
Merging slab-fixes/slab/for-next-fixes (b7ffecbe198e memcg: slub: fix SUnreclaim for post charged objects)
$ git merge -m Merge branch 'slab/for-next-fixes' of git://git.kernel.org/pub/scm/linux/kernel/git/vbabka/slab.git slab-fixes/slab/for-next-fixes
Already up to date.
Merging drm-msm-fixes/msm-fixes (789384eb1437 drm/msm/dpu: check dpu_plane_atomic_print_state() for valid sspp)
$ git merge -m Merge branch 'msm-fixes' of https://gitlab.freedesktop.org/drm/msm.git drm-msm-fixes/msm-fixes
Already up to date.
Merging drm-misc-fixes/for-linux-next-fixes (79fc672a092d drm/komeda: Add check for komeda_get_layer_fourcc_list())
$ git merge -m Merge branch 'for-linux-next-fixes' of https://gitlab.freedesktop.org/drm/misc/kernel.git drm-misc-fixes/for-linux-next-fixes
Auto-merging include/drm/drm_print.h
Merge made by the 'ort' strategy.
 drivers/gpu/drm/arm/display/komeda/komeda_wb_connector.c | 4 ++++
 drivers/gpu/drm/ast/ast_dp.c                             | 2 +-
 include/drm/drm_print.h                                  | 1 +
 3 files changed, 6 insertions(+), 1 deletion(-)
Merging linus/for-next (ffd294d346d1 Linux 6.13)
$ git merge -m Merge branch 'for-next' of git://git.kernel.org/pub/scm/linux/kernel/git/torvalds/linux.git linus/for-next
Already up to date.
Merging mm-stable/mm-stable (805ba04cb7cc Merge tag 'mips_6.14' of git://git.kernel.org/pub/scm/linux/kernel/git/mips/linux)
$ git merge -m Merge branch 'mm-stable' of git://git.kernel.org/pub/scm/linux/kernel/git/akpm/mm mm-stable/mm-stable
Already up to date.
Merging mm-nonmm-stable/mm-nonmm-stable (805ba04cb7cc Merge tag 'mips_6.14' of git://git.kernel.org/pub/scm/linux/kernel/git/mips/linux)
$ git merge -m Merge branch 'mm-nonmm-stable' of git://git.kernel.org/pub/scm/linux/kernel/git/akpm/mm mm-nonmm-stable/mm-nonmm-stable
Already up to date.
Merging kbuild/for-next (a409fc1463d6 kconfig: fix memory leak in sym_warn_unmet_dep())
$ git merge -m Merge branch 'for-next' of git://git.kernel.org/pub/scm/linux/kernel/git/masahiroy/linux-kbuild.git kbuild/for-next
Auto-merging MAINTAINERS
Auto-merging arch/arc/Kconfig
Auto-merging include/linux/module.h
Auto-merging init/Kconfig
Auto-merging kernel/gen_kheaders.sh
Auto-merging kernel/module/Kconfig
Auto-merging kernel/module/internal.h
Auto-merging kernel/module/main.c
Auto-merging rust/Makefile
Auto-merging scripts/Makefile
Merge made by the 'ort' strategy.
 Documentation/kbuild/gendwarfksyms.rst     |  308 ++++++++
 Documentation/kbuild/index.rst             |    1 +
 Documentation/kbuild/modules.rst           |   20 +
 Documentation/process/changes.rst          |    6 -
 MAINTAINERS                                |    7 +
 arch/arc/Kconfig                           |    7 +-
 arch/arc/Makefile                          |    3 -
 arch/arc/boot/dts/Makefile                 |    9 +-
 arch/arc/configs/axs101_defconfig          |    2 +-
 arch/arc/configs/axs103_defconfig          |    2 +-
 arch/arc/configs/axs103_smp_defconfig      |    2 +-
 arch/arc/configs/haps_hs_defconfig         |    2 +-
 arch/arc/configs/haps_hs_smp_defconfig     |    2 +-
 arch/arc/configs/hsdk_defconfig            |    2 +-
 arch/arc/configs/nsim_700_defconfig        |    2 +-
 arch/arc/configs/nsimosci_defconfig        |    2 +-
 arch/arc/configs/nsimosci_hs_defconfig     |    2 +-
 arch/arc/configs/nsimosci_hs_smp_defconfig |    2 +-
 arch/arc/configs/tb10x_defconfig           |    2 +-
 arch/arc/configs/vdk_hs38_defconfig        |    2 +-
 arch/arc/configs/vdk_hs38_smp_defconfig    |    2 +-
 arch/powerpc/kernel/module_64.c            |   24 +-
 include/linux/export.h                     |   15 +
 include/linux/module.h                     |    4 +-
 init/Kconfig                               |    3 +-
 kernel/gen_kheaders.sh                     |   42 +-
 kernel/module/Kconfig                      |   55 ++
 kernel/module/internal.h                   |   21 +-
 kernel/module/main.c                       |   94 ++-
 kernel/module/version.c                    |   47 +-
 rust/Makefile                              |   34 +-
 scripts/Makefile                           |    3 +-
 scripts/Makefile.build                     |   35 +-
 scripts/Makefile.defconf                   |   13 +-
 scripts/Makefile.modinst                   |    2 +-
 scripts/Makefile.modpost                   |    2 +
 scripts/gendwarfksyms/.gitignore           |    2 +
 scripts/gendwarfksyms/Makefile             |   12 +
 scripts/gendwarfksyms/cache.c              |   51 ++
 scripts/gendwarfksyms/die.c                |  166 ++++
 scripts/gendwarfksyms/dwarf.c              | 1159 ++++++++++++++++++++++++++++
 scripts/gendwarfksyms/examples/kabi.h      |  157 ++++
 scripts/gendwarfksyms/examples/kabi_ex.c   |   30 +
 scripts/gendwarfksyms/examples/kabi_ex.h   |  263 +++++++
 scripts/gendwarfksyms/examples/symbolptr.c |   33 +
 scripts/gendwarfksyms/gendwarfksyms.c      |  187 +++++
 scripts/gendwarfksyms/gendwarfksyms.h      |  296 +++++++
 scripts/gendwarfksyms/kabi.c               |  336 ++++++++
 scripts/gendwarfksyms/symbols.c            |  341 ++++++++
 scripts/gendwarfksyms/types.c              |  481 ++++++++++++
 scripts/genksyms/Makefile                  |   18 -
 scripts/genksyms/genksyms.c                |  107 ++-
 scripts/genksyms/genksyms.h                |    9 +-
 scripts/genksyms/lex.l                     |   17 +-
 scripts/genksyms/parse.y                   |  168 ++--
 scripts/kconfig/Makefile                   |    4 +-
 scripts/kconfig/confdata.c                 |    6 +-
 scripts/kconfig/qconf.cc                   |    8 +-
 scripts/kconfig/symbol.c                   |    1 +
 scripts/mod/modpost.c                      |   71 +-
 scripts/package/PKGBUILD                   |    1 -
 scripts/package/builddeb                   |   24 +-
 scripts/package/install-extmod-build       |   33 +-
 scripts/package/mkdebian                   |    2 +-
 64 files changed, 4477 insertions(+), 287 deletions(-)
 create mode 100644 Documentation/kbuild/gendwarfksyms.rst
 create mode 100644 scripts/gendwarfksyms/.gitignore
 create mode 100644 scripts/gendwarfksyms/Makefile
 create mode 100644 scripts/gendwarfksyms/cache.c
 create mode 100644 scripts/gendwarfksyms/die.c
 create mode 100644 scripts/gendwarfksyms/dwarf.c
 create mode 100644 scripts/gendwarfksyms/examples/kabi.h
 create mode 100644 scripts/gendwarfksyms/examples/kabi_ex.c
 create mode 100644 scripts/gendwarfksyms/examples/kabi_ex.h
 create mode 100644 scripts/gendwarfksyms/examples/symbolptr.c
 create mode 100644 scripts/gendwarfksyms/gendwarfksyms.c
 create mode 100644 scripts/gendwarfksyms/gendwarfksyms.h
 create mode 100644 scripts/gendwarfksyms/kabi.c
 create mode 100644 scripts/gendwarfksyms/symbols.c
 create mode 100644 scripts/gendwarfksyms/types.c
Merging clang-format/clang-format (c147f663b6a5 clang-format: Update with v6.11-rc1's `for_each` macro list)
$ git merge -m Merge branch 'clang-format' of https://github.com/ojeda/linux.git clang-format/clang-format
Already up to date.
Merging perf/perf-tools-next (8ce0d2da14d3 perf stat: Fix find_stat for mixed legacy/non-legacy events)
$ git merge -m Merge branch 'perf-tools-next' of git://git.kernel.org/pub/scm/linux/kernel/git/perf/perf-tools-next.git perf/perf-tools-next
Auto-merging tools/perf/builtin-trace.c
Merge made by the 'ort' strategy.
 tools/perf/builtin-trace.c                         |   2 +-
 .../pmu-events/arch/arm64/arm/neoverse-n3/bus.json |  18 +
 .../arch/arm64/arm/neoverse-n3/exception.json      |  62 +++
 .../arch/arm64/arm/neoverse-n3/fp_operation.json   |  22 +
 .../arch/arm64/arm/neoverse-n3/general.json        |  10 +
 .../arch/arm64/arm/neoverse-n3/l1d_cache.json      |  50 +++
 .../arch/arm64/arm/neoverse-n3/l1i_cache.json      |  14 +
 .../arch/arm64/arm/neoverse-n3/l2_cache.json       |  78 ++++
 .../arch/arm64/arm/neoverse-n3/l3_cache.json       |  26 ++
 .../arch/arm64/arm/neoverse-n3/ll_cache.json       |  22 +
 .../arch/arm64/arm/neoverse-n3/memory.json         |  54 +++
 .../arch/arm64/arm/neoverse-n3/metrics.json        | 457 +++++++++++++++++++++
 .../arch/arm64/arm/neoverse-n3/retired.json        |  90 ++++
 .../pmu-events/arch/arm64/arm/neoverse-n3/spe.json |  42 ++
 .../arch/arm64/arm/neoverse-n3/spec_operation.json |  90 ++++
 .../arch/arm64/arm/neoverse-n3/stall.json          |  86 ++++
 .../pmu-events/arch/arm64/arm/neoverse-n3/sve.json |  50 +++
 .../pmu-events/arch/arm64/arm/neoverse-n3/tlb.json |  74 ++++
 .../arch/arm64/arm/neoverse-n3/trace.json          |  42 ++
 .../arch/arm64/arm/neoverse-v3/brbe.json           |   6 +
 .../pmu-events/arch/arm64/arm/neoverse-v3/bus.json |  18 +
 .../arch/arm64/arm/neoverse-v3/exception.json      |  62 +++
 .../arch/arm64/arm/neoverse-v3/fp_operation.json   |  22 +
 .../arch/arm64/arm/neoverse-v3/general.json        |  40 ++
 .../arch/arm64/arm/neoverse-v3/l1d_cache.json      |  74 ++++
 .../arch/arm64/arm/neoverse-v3/l1i_cache.json      |  62 +++
 .../arch/arm64/arm/neoverse-v3/l2_cache.json       |  78 ++++
 .../arch/arm64/arm/neoverse-v3/ll_cache.json       |  10 +
 .../arch/arm64/arm/neoverse-v3/memory.json         |  58 +++
 .../arch/arm64/arm/neoverse-v3/metrics.json        | 457 +++++++++++++++++++++
 .../arch/arm64/arm/neoverse-v3/retired.json        |  98 +++++
 .../pmu-events/arch/arm64/arm/neoverse-v3/spe.json |  42 ++
 .../arch/arm64/arm/neoverse-v3/spec_operation.json | 126 ++++++
 .../arch/arm64/arm/neoverse-v3/stall.json          | 124 ++++++
 .../pmu-events/arch/arm64/arm/neoverse-v3/sve.json |  50 +++
 .../pmu-events/arch/arm64/arm/neoverse-v3/tlb.json | 138 +++++++
 .../arch/arm64/common-and-microarch.json           | 310 ++++++++++++++
 tools/perf/pmu-events/arch/arm64/mapfile.csv       |   2 +
 tools/perf/util/evsel.c                            |  10 +
 tools/perf/util/evsel.h                            |   1 +
 tools/perf/util/pmus.c                             |  20 +-
 tools/perf/util/stat-shadow.c                      |   3 +-
 42 files changed, 3095 insertions(+), 5 deletions(-)
 create mode 100644 tools/perf/pmu-events/arch/arm64/arm/neoverse-n3/bus.json
 create mode 100644 tools/perf/pmu-events/arch/arm64/arm/neoverse-n3/exception.json
 create mode 100644 tools/perf/pmu-events/arch/arm64/arm/neoverse-n3/fp_operation.json
 create mode 100644 tools/perf/pmu-events/arch/arm64/arm/neoverse-n3/general.json
 create mode 100644 tools/perf/pmu-events/arch/arm64/arm/neoverse-n3/l1d_cache.json
 create mode 100644 tools/perf/pmu-events/arch/arm64/arm/neoverse-n3/l1i_cache.json
 create mode 100644 tools/perf/pmu-events/arch/arm64/arm/neoverse-n3/l2_cache.json
 create mode 100644 tools/perf/pmu-events/arch/arm64/arm/neoverse-n3/l3_cache.json
 create mode 100644 tools/perf/pmu-events/arch/arm64/arm/neoverse-n3/ll_cache.json
 create mode 100644 tools/perf/pmu-events/arch/arm64/arm/neoverse-n3/memory.json
 create mode 100644 tools/perf/pmu-events/arch/arm64/arm/neoverse-n3/metrics.json
 create mode 100644 tools/perf/pmu-events/arch/arm64/arm/neoverse-n3/retired.json
 create mode 100644 tools/perf/pmu-events/arch/arm64/arm/neoverse-n3/spe.json
 create mode 100644 tools/perf/pmu-events/arch/arm64/arm/neoverse-n3/spec_operation.json
 create mode 100644 tools/perf/pmu-events/arch/arm64/arm/neoverse-n3/stall.json
 create mode 100644 tools/perf/pmu-events/arch/arm64/arm/neoverse-n3/sve.json
 create mode 100644 tools/perf/pmu-events/arch/arm64/arm/neoverse-n3/tlb.json
 create mode 100644 tools/perf/pmu-events/arch/arm64/arm/neoverse-n3/trace.json
 create mode 100644 tools/perf/pmu-events/arch/arm64/arm/neoverse-v3/brbe.json
 create mode 100644 tools/perf/pmu-events/arch/arm64/arm/neoverse-v3/bus.json
 create mode 100644 tools/perf/pmu-events/arch/arm64/arm/neoverse-v3/exception.json
 create mode 100644 tools/perf/pmu-events/arch/arm64/arm/neoverse-v3/fp_operation.json
 create mode 100644 tools/perf/pmu-events/arch/arm64/arm/neoverse-v3/general.json
 create mode 100644 tools/perf/pmu-events/arch/arm64/arm/neoverse-v3/l1d_cache.json
 create mode 100644 tools/perf/pmu-events/arch/arm64/arm/neoverse-v3/l1i_cache.json
 create mode 100644 tools/perf/pmu-events/arch/arm64/arm/neoverse-v3/l2_cache.json
 create mode 100644 tools/perf/pmu-events/arch/arm64/arm/neoverse-v3/ll_cache.json
 create mode 100644 tools/perf/pmu-events/arch/arm64/arm/neoverse-v3/memory.json
 create mode 100644 tools/perf/pmu-events/arch/arm64/arm/neoverse-v3/metrics.json
 create mode 100644 tools/perf/pmu-events/arch/arm64/arm/neoverse-v3/retired.json
 create mode 100644 tools/perf/pmu-events/arch/arm64/arm/neoverse-v3/spe.json
 create mode 100644 tools/perf/pmu-events/arch/arm64/arm/neoverse-v3/spec_operation.json
 create mode 100644 tools/perf/pmu-events/arch/arm64/arm/neoverse-v3/stall.json
 create mode 100644 tools/perf/pmu-events/arch/arm64/arm/neoverse-v3/sve.json
 create mode 100644 tools/perf/pmu-events/arch/arm64/arm/neoverse-v3/tlb.json
Merging compiler-attributes/compiler-attributes (98f7e32f20d2 Linux 6.11)
$ git merge -m Merge branch 'compiler-attributes' of https://github.com/ojeda/linux.git compiler-attributes/compiler-attributes
Already up to date.
Merging dma-mapping/for-next (aef7ee7649e0 dma-debug: fix physical address calculation for struct dma_debug_entry)
$ git merge -m Merge branch 'for-next' of git://git.infradead.org/users/hch/dma-mapping.git dma-mapping/for-next
Already up to date.
Merging asm-generic/master (0af8e32343f8 empty include/asm-generic/vga.h)
$ git merge -m Merge branch 'master' of git://git.kernel.org/pub/scm/linux/kernel/git/arnd/asm-generic.git asm-generic/master
Already up to date.
Merging arc/for-next (0bb80ecc33a8 Linux 6.6-rc1)
$ git merge -m Merge branch 'for-next' of git://git.kernel.org/pub/scm/linux/kernel/git/vgupta/arc.git arc/for-next
Already up to date.
Merging arm/for-next (f520fab580c9 ARM: 9440/1: cacheinfo fix format field mask)
$ git merge -m Merge branch 'for-next' of git://git.kernel.org/pub/scm/linux/kernel/git/rmk/linux.git arm/for-next
Already up to date.
Merging arm64/for-next/core (1dd3393696ef Merge branch 'for-next/perf' into for-next/core)
$ git merge -m Merge branch 'for-next/core' of git://git.kernel.org/pub/scm/linux/kernel/git/arm64/linux arm64/for-next/core
Already up to date.
Merging arm-perf/for-next/perf (ba113ecad81a perf docs: arm_spe: Document new discard mode)
$ git merge -m Merge branch 'for-next/perf' of git://git.kernel.org/pub/scm/linux/kernel/git/will/linux.git arm-perf/for-next/perf
Already up to date.
Merging arm-soc/for-next (5bc55a333a2f Linux 6.13-rc7)
$ git merge -m Merge branch 'for-next' of git://git.kernel.org/pub/scm/linux/kernel/git/soc/soc.git arm-soc/for-next
Already up to date.
Merging amlogic/for-next (953913df9c3a Merge branch 'v6.15/arm64-dt' into for-next)
$ git merge -m Merge branch 'for-next' of git://git.kernel.org/pub/scm/linux/kernel/git/amlogic/linux.git amlogic/for-next
Merge made by the 'ort' strategy.
 arch/arm/boot/dts/amlogic/meson8.dtsi              | 18 ++++++++++--
 arch/arm/boot/dts/amlogic/meson8b-ec100.dts        |  2 --
 arch/arm/boot/dts/amlogic/meson8b-mxq.dts          |  2 --
 arch/arm/boot/dts/amlogic/meson8b-odroidc1.dts     |  2 --
 arch/arm/boot/dts/amlogic/meson8b.dtsi             | 18 ++++++++++--
 arch/arm64/boot/dts/amlogic/meson-axg.dtsi         | 24 +++++++++++++---
 arch/arm64/boot/dts/amlogic/meson-g12-common.dtsi  | 33 ++++++++++++++++++----
 arch/arm64/boot/dts/amlogic/meson-g12a-fbx8am.dts  |  4 ---
 .../boot/dts/amlogic/meson-g12a-radxa-zero.dts     |  4 ---
 arch/arm64/boot/dts/amlogic/meson-g12a-sei510.dts  |  4 ---
 arch/arm64/boot/dts/amlogic/meson-g12a-u200.dts    |  2 --
 arch/arm64/boot/dts/amlogic/meson-g12a-x96-max.dts |  4 ---
 .../dts/amlogic/meson-g12b-a311d-libretech-cc.dts  |  2 --
 .../boot/dts/amlogic/meson-g12b-bananapi-cm4.dtsi  |  4 ---
 .../boot/dts/amlogic/meson-g12b-bananapi.dtsi      |  4 ---
 .../boot/dts/amlogic/meson-g12b-khadas-vim3.dtsi   |  4 ---
 arch/arm64/boot/dts/amlogic/meson-g12b-odroid.dtsi |  4 ---
 .../boot/dts/amlogic/meson-g12b-radxa-zero2.dts    |  8 ------
 arch/arm64/boot/dts/amlogic/meson-g12b-w400.dtsi   |  6 ----
 .../boot/dts/amlogic/meson-gx-libretech-pc.dtsi    |  6 ----
 .../arm64/boot/dts/amlogic/meson-gx-p23x-q20x.dtsi |  2 --
 arch/arm64/boot/dts/amlogic/meson-gx.dtsi          |  8 +++---
 .../boot/dts/amlogic/meson-gxbb-nanopi-k2.dts      |  2 --
 .../boot/dts/amlogic/meson-gxbb-nexbox-a95x.dts    |  2 --
 arch/arm64/boot/dts/amlogic/meson-gxbb-p20x.dtsi   |  2 --
 .../boot/dts/amlogic/meson-gxbb-vega-s95.dtsi      |  2 --
 arch/arm64/boot/dts/amlogic/meson-gxbb-wetek.dtsi  |  2 --
 arch/arm64/boot/dts/amlogic/meson-gxbb.dtsi        | 25 ++++++++++++++++
 .../boot/dts/amlogic/meson-gxl-s805x-p241.dts      |  2 --
 .../amlogic/meson-gxl-s905w-jethome-jethub-j80.dts |  2 --
 .../dts/amlogic/meson-gxl-s905x-hwacom-amazetv.dts |  2 --
 .../dts/amlogic/meson-gxl-s905x-khadas-vim.dts     |  2 --
 .../dts/amlogic/meson-gxl-s905x-nexbox-a95x.dts    |  2 --
 .../boot/dts/amlogic/meson-gxl-s905x-p212.dtsi     |  2 --
 arch/arm64/boot/dts/amlogic/meson-gxl.dtsi         | 25 ++++++++++++++++
 .../boot/dts/amlogic/meson-gxm-khadas-vim2.dts     |  4 ---
 arch/arm64/boot/dts/amlogic/meson-gxm-rbox-pro.dts |  2 --
 .../dts/amlogic/meson-libretech-cottonwood.dtsi    |  6 ----
 arch/arm64/boot/dts/amlogic/meson-sm1-ac2xx.dtsi   |  6 ----
 .../arm64/boot/dts/amlogic/meson-sm1-bananapi.dtsi |  2 --
 .../boot/dts/amlogic/meson-sm1-khadas-vim3l.dts    |  2 --
 arch/arm64/boot/dts/amlogic/meson-sm1-odroid.dtsi  |  2 --
 arch/arm64/boot/dts/amlogic/meson-sm1-sei610.dts   |  6 ----
 43 files changed, 132 insertions(+), 135 deletions(-)
Merging asahi-soc/asahi-soc/for-next (ffc253263a13 Linux 6.6)
$ git merge -m Merge branch 'asahi-soc/for-next' of https://github.com/AsahiLinux/linux.git asahi-soc/asahi-soc/for-next
Already up to date.
Merging aspeed/for-next (3540adcccc71 ARM: dts: aspeed: yosemite4: adjust secondary flash name)
$ git merge -m Merge branch 'for-next' of git://git.kernel.org/pub/scm/linux/kernel/git/joel/bmc.git aspeed/for-next
Already up to date.
Merging at91/at91-next (bbc393c6e77b Merge branch 'at91-dt' into at91-next)
$ git merge -m Merge branch 'at91-next' of git://git.kernel.org/pub/scm/linux/kernel/git/at91/linux.git at91/at91-next
Merge made by the 'ort' strategy.
Merging broadcom/next (82a9d82d35f9 Merge branch 'devicetree-arm64/next' into next)
$ git merge -m Merge branch 'next' of https://github.com/Broadcom/stblinux.git broadcom/next
Auto-merging arch/arm64/boot/dts/broadcom/bcm2712.dtsi
Merge made by the 'ort' strategy.
 arch/arm64/boot/dts/broadcom/bcm2712-rpi-5-b.dts |   8 ++
 arch/arm64/boot/dts/broadcom/bcm2712.dtsi        | 147 +++++++++++++++++++++++
 2 files changed, 155 insertions(+)
Merging davinci/davinci/for-next (9852d85ec9d4 Linux 6.12-rc1)
$ git merge -m Merge branch 'davinci/for-next' of git://git.kernel.org/pub/scm/linux/kernel/git/brgl/linux.git davinci/davinci/for-next
Already up to date.
Merging drivers-memory/for-next (af995eea227f Merge branch 'mem-ctrl-next' into for-next)
$ git merge -m Merge branch 'for-next' of https://git.kernel.org/pub/scm/linux/kernel/git/krzk/linux-mem-ctrl.git drivers-memory/for-next
Merge made by the 'ort' strategy.
Merging imx-mxs/for-next (f89ee1bb86d7 Merge branch 'imx/defconfig' into for-next)
$ git merge -m Merge branch 'for-next' of git://git.kernel.org/pub/scm/linux/kernel/git/shawnguo/linux.git imx-mxs/for-next
Merge made by the 'ort' strategy.
Merging mediatek/for-next (7605336e9d13 Merge branch 'v6.13-next/soc' into for-next)
$ git merge -m Merge branch 'for-next' of git://git.kernel.org/pub/scm/linux/kernel/git/mediatek/linux.git mediatek/for-next
Merge made by the 'ort' strategy.
Merging mvebu/for-next (a34c9fac85b2 arm64: dts: marvell: drop additional phy-names for sata)
$ git merge -m Merge branch 'for-next' of git://git.kernel.org/pub/scm/linux/kernel/git/gclement/mvebu.git mvebu/for-next
Already up to date.
Merging omap/for-next (e1fc1384cf70 Merge branch 'omap-for-v6.14/drivers' into tmp/omap-next-20250107.145157)
$ git merge -m Merge branch 'for-next' of git://git.kernel.org/pub/scm/linux/kernel/git/khilman/linux-omap.git omap/for-next
Merge made by the 'ort' strategy.
 drivers/input/touchscreen/tsc2007.h      | 2 ++
 drivers/input/touchscreen/tsc2007_core.c | 5 ++---
 2 files changed, 4 insertions(+), 3 deletions(-)
Merging qcom/for-next (aa82c3c323a6 Merge branches 'arm32-for-6.14', 'arm64-defconfig-for-6.14', 'arm64-fixes-for-6.13', 'arm64-for-6.14', 'clk-for-6.14' and 'drivers-for-6.14' into for-next)
$ git merge -m Merge branch 'for-next' of git://git.kernel.org/pub/scm/linux/kernel/git/qcom/linux.git qcom/for-next
Merge made by the 'ort' strategy.
 arch/arm64/boot/dts/qcom/sc8280xp-pmics.dtsi |  58 ++++++-
 arch/arm64/boot/dts/qcom/x1e80100.dtsi       | 236 +++++++++++++--------------
 drivers/clk/qcom/gcc-x1e80100.c              |  30 ----
 drivers/firmware/qcom/qcom_scm.c             |   4 +-
 drivers/soc/qcom/pmic_glink.c                |   2 +-
 drivers/soc/qcom/qcom_aoss.c                 |   3 +-
 6 files changed, 180 insertions(+), 153 deletions(-)
Merging renesas/next (14af1e5de568 Merge branches 'renesas-arm-defconfig-for-v6.14', 'renesas-drivers-for-v6.14' and 'renesas-dts-for-v6.14' into renesas-next)
$ git merge -m Merge branch 'next' of git://git.kernel.org/pub/scm/linux/kernel/git/geert/renesas-devel.git renesas/next
Merge made by the 'ort' strategy.
Merging reset/reset/next (72bb8275a3b0 reset: amlogic: aux: drop aux registration helper)
$ git merge -m Merge branch 'reset/next' of https://git.pengutronix.de/git/pza/linux reset/reset/next
Already up to date.
Merging rockchip/for-next (4ec376748558 Merge branch 'v6.14-armsoc/dts64' into for-next)
$ git merge -m Merge branch 'for-next' of git://git.kernel.org/pub/scm/linux/kernel/git/mmind/linux-rockchip.git rockchip/for-next
Merge made by the 'ort' strategy.
Merging samsung-krzk/for-next (61a0af40d810 Merge branch 'next/clk' into for-next)
$ git merge -m Merge branch 'for-next' of git://git.kernel.org/pub/scm/linux/kernel/git/krzk/linux.git samsung-krzk/for-next
Merge made by the 'ort' strategy.
Merging scmi/for-linux-next (b81ada150448 Merge tag 'scmi-updates-6.14' of ssh://gitolite.kernel.org/pub/scm/linux/kernel/git/sudeep.holla/linux into for-linux-next)
$ git merge -m Merge branch 'for-linux-next' of git://git.kernel.org/pub/scm/linux/kernel/git/sudeep.holla/linux.git scmi/for-linux-next
Merge made by the 'ort' strategy.
Merging sophgo/for-next (40384c840ea1 Linux 6.13-rc1)
$ git merge -m Merge branch 'for-next' of https://github.com/sophgo/linux.git sophgo/for-next
Already up to date.
Merging spacemit/for-next (3d72d603afa7 riscv: dts: spacemit: move aliases to board dts)
$ git merge -m Merge branch 'for-next' of https://github.com/spacemit-com/linux spacemit/for-next
Already up to date.
Merging stm32/stm32-next (b7ebfb84a09d arm64: dts: st: enable imx335/csi/dcmipp pipeline on stm32mp257f-ev1)
$ git merge -m Merge branch 'stm32-next' of git://git.kernel.org/pub/scm/linux/kernel/git/atorgue/stm32.git stm32/stm32-next
Merge made by the 'ort' strategy.
Merging sunxi/sunxi/for-next (cc47f07a40d6 Merge branches 'sunxi/clk-fixes-for-6.13', 'sunxi/dt-for-6.14' and 'sunxi/clk-for-6.14' into sunxi/for-next)
$ git merge -m Merge branch 'sunxi/for-next' of git://git.kernel.org/pub/scm/linux/kernel/git/sunxi/linux.git sunxi/sunxi/for-next
Merge made by the 'ort' strategy.
Merging tee/next (a7562ff02879 Merge branch 'optee_for_v6.14' into next)
$ git merge -m Merge branch 'next' of https://git.linaro.org/people/jens.wiklander/linux-tee.git tee/next
Merge made by the 'ort' strategy.
Merging tegra/for-next (0a891b9fcd9b Merge branch for-6.14/arm64/dt into for-next)
$ git merge -m Merge branch 'for-next' of git://git.kernel.org/pub/scm/linux/kernel/git/tegra/linux.git tegra/for-next
Merge made by the 'ort' strategy.
Merging thead-dt/thead-dt-for-next (c95c1362e5bc riscv: dts: thead: Add mailbox node)
$ git merge -m Merge branch 'thead-dt-for-next' of https://github.com/pdp7/linux.git thead-dt/thead-dt-for-next
Already up to date.
Merging ti/ti-next (86e856a18264 Merge branches 'ti-k3-dts-next' and 'ti-k3-config-next' into ti-next)
$ git merge -m Merge branch 'ti-next' of git://git.kernel.org/pub/scm/linux/kernel/git/ti/linux.git ti/ti-next
Merge made by the 'ort' strategy.
Merging xilinx/for-next (3d431068ed63 Merge branch 'zynq/dt' into for-next)
$ git merge -m Merge branch 'for-next' of git://github.com/Xilinx/linux-xlnx.git xilinx/for-next
Merge made by the 'ort' strategy.
 arch/arm/boot/dts/xilinx/zynq-7000.dtsi         | 31 ++++++++-
 arch/arm/boot/dts/xilinx/zynq-cc108.dts         | 41 +++++++++++-
 arch/arm/boot/dts/xilinx/zynq-microzed.dts      | 10 ++-
 arch/arm/boot/dts/xilinx/zynq-parallella.dts    |  1 -
 arch/arm/boot/dts/xilinx/zynq-zc702.dts         | 85 +++++++++++++++++--------
 arch/arm/boot/dts/xilinx/zynq-zc706.dts         | 67 +++++++++++++++----
 arch/arm/boot/dts/xilinx/zynq-zc770-xm010.dts   | 39 +++++++++++-
 arch/arm/boot/dts/xilinx/zynq-zc770-xm011.dts   | 31 +++++++++
 arch/arm/boot/dts/xilinx/zynq-zc770-xm012.dts   | 35 ++++++++++
 arch/arm/boot/dts/xilinx/zynq-zc770-xm013.dts   | 41 +++++++++++-
 arch/arm/boot/dts/xilinx/zynq-zed.dts           | 43 ++++++++++++-
 arch/arm/boot/dts/xilinx/zynq-zturn-common.dtsi |  8 +++
 arch/arm/boot/dts/xilinx/zynq-zybo-z7.dts       | 10 ++-
 arch/arm/boot/dts/xilinx/zynq-zybo.dts          |  9 ++-
 arch/arm64/boot/dts/xilinx/zynqmp-clk-ccf.dtsi  | 15 +++--
 15 files changed, 412 insertions(+), 54 deletions(-)
Merging clk/clk-next (53c9c27672bb Merge branch 'clk-fixes' into clk-next)
$ git merge -m Merge branch 'clk-next' of git://git.kernel.org/pub/scm/linux/kernel/git/clk/linux.git clk/clk-next
Already up to date.
Merging clk-imx/for-next (48806be08636 clk: imx: Apply some clks only for i.MX93)
$ git merge -m Merge branch 'for-next' of git://git.kernel.org/pub/scm/linux/kernel/git/abelvesa/linux.git clk-imx/for-next
Already up to date.
Merging clk-renesas/renesas-clk (e91609f1c3b0 dt-bindings: clock: renesas,r9a08g045-vbattb: Fix include guard)
$ git merge -m Merge branch 'renesas-clk' of git://git.kernel.org/pub/scm/linux/kernel/git/geert/renesas-drivers.git clk-renesas/renesas-clk
Already up to date.
Merging csky/linux-next (2b48804336be csky: fix csky_cmpxchg_fixup not working)
$ git merge -m Merge branch 'linux-next' of git://github.com/c-sky/csky-linux.git csky/linux-next
Merge made by the 'ort' strategy.
 arch/csky/mm/fault.c | 4 ++--
 1 file changed, 2 insertions(+), 2 deletions(-)
Merging loongarch/loongarch-next (531936dee53e LoongArch: Extend the maximum number of watchpoints)
$ git merge -m Merge branch 'loongarch-next' of git://git.kernel.org/pub/scm/linux/kernel/git/chenhuacai/linux-loongson.git loongarch/loongarch-next
Already up to date.
Merging m68k/for-next (bb2e0fb1e6aa m68k: libgcc: Fix lvalue abuse in umul_ppmm())
$ git merge -m Merge branch 'for-next' of git://git.kernel.org/pub/scm/linux/kernel/git/geert/linux-m68k.git m68k/for-next
Already up to date.
Merging m68knommu/for-next (a0a8306c8239 m68k: coldfire: Use proper clock rate for timers)
$ git merge -m Merge branch 'for-next' of git://git.kernel.org/pub/scm/linux/kernel/git/gerg/m68knommu.git m68knommu/for-next
Already up to date.
Merging microblaze/next (920354d7818b microblaze: Use of_property_present() for non-boolean properties)
$ git merge -m Merge branch 'next' of git://git.monstr.eu/linux-2.6-microblaze.git microblaze/next
Merge made by the 'ort' strategy.
 arch/microblaze/kernel/timer.c | 2 +-
 1 file changed, 1 insertion(+), 1 deletion(-)
Merging mips/mips-next (df1b8d6e89db MIPS: pci-legacy: Override pci_address_to_pio)
$ git merge -m Merge branch 'mips-next' of git://git.kernel.org/pub/scm/linux/kernel/git/mips/linux.git mips/mips-next
Already up to date.
Merging openrisc/for-next (ea1413e5b53a rseq/selftests: Add support for OpenRISC)
$ git merge -m Merge branch 'for-next' of git://github.com/openrisc/linux.git openrisc/for-next
Already up to date.
Merging parisc-hd/for-next (ffd294d346d1 Linux 6.13)
$ git merge -m Merge branch 'for-next' of git://git.kernel.org/pub/scm/linux/kernel/git/deller/parisc-linux.git parisc-hd/for-next
Already up to date.
Merging powerpc/next (17391cb2613b powerpc/pseries/iommu: Don't unset window if it was never set)
$ git merge -m Merge branch 'next' of git://git.kernel.org/pub/scm/linux/kernel/git/powerpc/linux.git powerpc/next
Already up to date.
Merging risc-v/for-next (101971298be2 riscv: add a warning when physical memory address overflows)
$ git merge -m Merge branch 'for-next' of git://git.kernel.org/pub/scm/linux/kernel/git/riscv/linux.git risc-v/for-next
Auto-merging Documentation/devicetree/bindings/riscv/cpus.yaml
Auto-merging arch/riscv/configs/defconfig
Auto-merging arch/riscv/kernel/process.c
Auto-merging arch/riscv/kernel/vector.c
Auto-merging arch/riscv/mm/init.c
CONFLICT (modify/delete): tools/testing/selftests/riscv/vector/v_initval_nolibc.c deleted in risc-v/for-next and modified in HEAD.  Version HEAD of tools/testing/selftests/riscv/vector/v_initval_nolibc.c left in tree.
Auto-merging tools/testing/selftests/riscv/vector/vstate_prctl.c
CONFLICT (content): Merge conflict in tools/testing/selftests/riscv/vector/vstate_prctl.c
Recorded preimage for 'tools/testing/selftests/riscv/vector/vstate_prctl.c'
Automatic merge failed; fix conflicts and then commit the result.
$ git rm -f tools/testing/selftests/riscv/vector/v_initval_nolibc.c
rm 'tools/testing/selftests/riscv/vector/v_initval_nolibc.c'
$ git commit --no-edit -v -a
Recorded resolution for 'tools/testing/selftests/riscv/vector/vstate_prctl.c'.
[master 26fcca13b397] Merge branch 'for-next' of git://git.kernel.org/pub/scm/linux/kernel/git/riscv/linux.git
$ git diff -M --stat --summary HEAD^..
 Documentation/arch/riscv/hwprobe.rst               |  10 +
 Documentation/devicetree/bindings/riscv/cpus.yaml  |  19 ++
 .../devicetree/bindings/riscv/extensions.yaml      |  10 +
 arch/riscv/Kconfig.errata                          |  11 +
 arch/riscv/Kconfig.vendor                          |  26 ++
 arch/riscv/boot/dts/allwinner/sun20i-d1s.dtsi      |   3 +-
 arch/riscv/configs/defconfig                       |   1 -
 arch/riscv/errata/thead/errata.c                   |  28 ++
 arch/riscv/include/asm/bugs.h                      |  22 ++
 arch/riscv/include/asm/cpufeature.h                |   2 +
 arch/riscv/include/asm/csr.h                       |  15 +
 arch/riscv/include/asm/errata_list.h               |   3 +-
 arch/riscv/include/asm/futex.h                     |   2 +-
 arch/riscv/include/asm/hwprobe.h                   |   5 +-
 arch/riscv/include/asm/switch_to.h                 |   2 +-
 arch/riscv/include/asm/vector.h                    | 222 +++++++++++----
 arch/riscv/include/asm/vendor_extensions/thead.h   |  47 ++++
 .../include/asm/vendor_extensions/thead_hwprobe.h  |  19 ++
 .../include/asm/vendor_extensions/vendor_hwprobe.h |  37 +++
 arch/riscv/include/uapi/asm/hwprobe.h              |   3 +-
 arch/riscv/include/uapi/asm/vendor/thead.h         |   3 +
 arch/riscv/kernel/Makefile                         |   2 +
 arch/riscv/kernel/bugs.c                           |  60 ++++
 arch/riscv/kernel/cpufeature.c                     |  59 +++-
 arch/riscv/kernel/kernel_mode_vector.c             |   8 +-
 arch/riscv/kernel/process.c                        |   4 +-
 arch/riscv/kernel/signal.c                         |   6 +-
 arch/riscv/kernel/sys_hwprobe.c                    |   5 +
 arch/riscv/kernel/vector.c                         |  26 +-
 arch/riscv/kernel/vendor_extensions.c              |  10 +
 arch/riscv/kernel/vendor_extensions/Makefile       |   2 +
 arch/riscv/kernel/vendor_extensions/thead.c        |  29 ++
 .../riscv/kernel/vendor_extensions/thead_hwprobe.c |  19 ++
 arch/riscv/mm/fault.c                              |  52 ++++
 arch/riscv/mm/init.c                               |   8 +-
 drivers/base/cpu.c                                 |   3 +
 include/linux/cpu.h                                |   1 +
 scripts/selinux/genheaders/genheaders              | Bin 0 -> 90112 bytes
 tools/testing/selftests/riscv/vector/.gitignore    |   3 +-
 tools/testing/selftests/riscv/vector/Makefile      |  17 +-
 .../selftests/riscv/vector/v_exec_initval_nolibc.c |  94 +++++++
 tools/testing/selftests/riscv/vector/v_helpers.c   |  68 +++++
 tools/testing/selftests/riscv/vector/v_helpers.h   |   8 +
 tools/testing/selftests/riscv/vector/v_initval.c   |  22 ++
 .../selftests/riscv/vector/v_initval_nolibc.c      |  72 -----
 .../selftests/riscv/vector/vstate_exec_nolibc.c    |  20 +-
 .../testing/selftests/riscv/vector/vstate_prctl.c  | 307 +++++++++++++--------
 47 files changed, 1113 insertions(+), 282 deletions(-)
 create mode 100644 arch/riscv/include/asm/bugs.h
 create mode 100644 arch/riscv/include/asm/vendor_extensions/thead.h
 create mode 100644 arch/riscv/include/asm/vendor_extensions/thead_hwprobe.h
 create mode 100644 arch/riscv/include/asm/vendor_extensions/vendor_hwprobe.h
 create mode 100644 arch/riscv/include/uapi/asm/vendor/thead.h
 create mode 100644 arch/riscv/kernel/bugs.c
 create mode 100644 arch/riscv/kernel/vendor_extensions/thead.c
 create mode 100644 arch/riscv/kernel/vendor_extensions/thead_hwprobe.c
 create mode 100755 scripts/selinux/genheaders/genheaders
 create mode 100644 tools/testing/selftests/riscv/vector/v_exec_initval_nolibc.c
 create mode 100644 tools/testing/selftests/riscv/vector/v_helpers.c
 create mode 100644 tools/testing/selftests/riscv/vector/v_helpers.h
 create mode 100644 tools/testing/selftests/riscv/vector/v_initval.c
 delete mode 100644 tools/testing/selftests/riscv/vector/v_initval_nolibc.c
Merging riscv-dt/riscv-dt-for-next (708d55db3edb riscv: dts: starfive: jh7110-milkv-mars: enable usb0 host function)
$ git merge -m Merge branch 'riscv-dt-for-next' of git://git.kernel.org/pub/scm/linux/kernel/git/conor/linux.git riscv-dt/riscv-dt-for-next
Already up to date.
Merging riscv-soc/riscv-soc-for-next (a5362510bafc Merge branch 'riscv-config-for-next' into riscv-soc-for-next)
$ git merge -m Merge branch 'riscv-soc-for-next' of git://git.kernel.org/pub/scm/linux/kernel/git/conor/linux.git riscv-soc/riscv-soc-for-next
Merge made by the 'ort' strategy.
Merging s390/for-next (afada90b61ad Merge branch 'fixes' into for-next)
$ git merge -m Merge branch 'for-next' of git://git.kernel.org/pub/scm/linux/kernel/git/s390/linux.git s390/for-next
Merge made by the 'ort' strategy.
Merging sh/for-next (63e72e551942 sh: intc: Fix use-after-free bug in register_intc_controller())
$ git merge -m Merge branch 'for-next' of git:git.kernel.org/pub/scm/linux/kernel/git/glaubitz/sh-linux.git sh/for-next
Already up to date.
Merging sparc/for-next (2cec2c4dc90c sparc/irq: Remove unneeded if check in sun4v_cookie_only_virqs())
$ git merge -m Merge branch 'for-next' of git://git.kernel.org/pub/scm/linux/kernel/git/alarsson/linux-sparc.git sparc/for-next
Already up to date.
Merging uml/next (2d2b61ae38bd um: Remove unused asm/archparam.h header)
$ git merge -m Merge branch 'next' of git://git.kernel.org/pub/scm/linux/kernel/git/uml/linux.git uml/next
Auto-merging arch/um/kernel/mem.c
Auto-merging fs/hostfs/hostfs_kern.c
Merge made by the 'ort' strategy.
 arch/um/drivers/rtc_kern.c         |  7 +++--
 arch/um/include/asm/fixmap.h       | 56 --------------------------------------
 arch/um/include/asm/pgtable.h      |  7 ++---
 arch/um/kernel/mem.c               | 15 +++-------
 arch/um/kernel/process.c           |  8 ------
 arch/um/kernel/um_arch.c           | 12 ++++----
 arch/um/os-Linux/main.c            |  8 ++----
 arch/x86/um/asm/archparam.h        | 20 --------------
 arch/x86/um/shared/sysdep/ptrace.h |  2 --
 fs/hostfs/hostfs_kern.c            | 48 +++++++++++++++-----------------
 10 files changed, 43 insertions(+), 140 deletions(-)
 delete mode 100644 arch/um/include/asm/fixmap.h
 delete mode 100644 arch/x86/um/asm/archparam.h
Merging xtensa/xtensa-for-next (d14b9a713b34 xtensa/simdisk: Use str_write_read() helper in simdisk_transfer())
$ git merge -m Merge branch 'xtensa-for-next' of git://github.com/jcmvbkbc/linux-xtensa.git xtensa/xtensa-for-next
Already up to date.
Merging fs-next (9180210f9984 Merge branch 'for-next' of git://git.kernel.org/pub/scm/linux/kernel/git/viro/vfs.git)
$ git merge -m Merge branch 'fs-next' of linux-next fs-next
Merge made by the 'ort' strategy.
 Documentation/admin-guide/sysctl/fs.rst |  25 ++
 drivers/mtd/ubi/build.c                 |   2 +-
 drivers/mtd/ubi/cdev.c                  |  70 +++++
 drivers/mtd/ubi/ubi.h                   |   2 -
 drivers/mtd/ubi/wl.c                    |  21 --
 fs/anon_inodes.c                        |   4 +-
 fs/bcachefs/alloc_foreground.c          |  25 +-
 fs/bcachefs/alloc_foreground.h          |  17 ++
 fs/bcachefs/backpointers.c              |  36 ++-
 fs/bcachefs/btree_update_interior.c     |  20 ++
 fs/bcachefs/btree_update_interior.h     |   4 +
 fs/bcachefs/data_update.c               | 173 ++++++++---
 fs/bcachefs/data_update.h               |   9 +-
 fs/bcachefs/errcode.h                   |   5 +
 fs/bcachefs/fs-io-buffered.c            |  23 +-
 fs/bcachefs/fs-io-direct.c              |  20 +-
 fs/bcachefs/fsck.c                      |   2 +-
 fs/bcachefs/io_read.c                   | 479 ++++++++++++++---------------
 fs/bcachefs/io_read.h                   |  70 +++--
 fs/bcachefs/io_write.c                  |  82 ++---
 fs/bcachefs/io_write.h                  |  29 +-
 fs/bcachefs/io_write_types.h            |   2 +-
 fs/bcachefs/move.c                      |  64 +---
 fs/bcachefs/rebalance.c                 |   4 +-
 fs/bcachefs/recovery.c                  |   2 -
 fs/bcachefs/util.h                      |   2 -
 fs/btrfs/Kconfig                        |   1 +
 fs/btrfs/extent-tree.c                  |  12 +-
 fs/btrfs/inode.c                        |  39 ++-
 fs/btrfs/scrub.c                        | 142 +++------
 fs/btrfs/volumes.c                      |   2 +-
 fs/btrfs/zoned.c                        |   9 +
 fs/ceph/debugfs.c                       |   2 +-
 fs/ceph/mds_client.c                    |  32 +-
 fs/ecryptfs/crypto.c                    |   2 +-
 fs/ecryptfs/ecryptfs_kernel.h           |   1 -
 fs/ecryptfs/keystore.c                  |   4 +-
 fs/erofs/xattr.c                        |   2 +-
 fs/exfat/namei.c                        |   2 +-
 fs/file_table.c                         |   4 +-
 fs/fuse/dev.c                           |  98 ++++++
 fs/fuse/dev_uring.c                     |  27 ++
 fs/fuse/dev_uring_i.h                   |   6 +
 fs/fuse/fuse_dev_i.h                    |   3 +
 fs/fuse/fuse_i.h                        |  30 ++
 fs/fuse/inode.c                         |  43 ++-
 fs/fuse/sysctl.c                        |  24 ++
 fs/gfs2/glock.c                         |   5 +
 fs/gfs2/incore.h                        |   1 +
 fs/gfs2/trace_gfs2.h                    |   8 +-
 fs/kernfs/file.c                        |   2 +-
 fs/ntfs3/attrib.c                       |   1 +
 fs/ntfs3/file.c                         |  22 +-
 fs/ntfs3/frecord.c                      |   6 +-
 fs/ntfs3/super.c                        |  89 ++++--
 fs/overlayfs/namei.c                    |   2 -
 fs/smb/client/asn1.c                    |   2 +
 fs/smb/client/cifs_spnego.c             |   4 +-
 fs/smb/client/cifsacl.c                 |  25 +-
 fs/smb/client/cifsfs.c                  |   4 +
 fs/smb/client/cifsfs.h                  |   4 +-
 fs/smb/client/cifsglob.h                |  62 +++-
 fs/smb/client/cifspdu.h                 | 102 ++++---
 fs/smb/client/cifsproto.h               |   4 +-
 fs/smb/client/cifssmb.c                 |   4 +-
 fs/smb/client/connect.c                 |   4 +
 fs/smb/client/fs_context.c              | 104 +++++++
 fs/smb/client/fs_context.h              |  21 ++
 fs/smb/client/inode.c                   |   2 +-
 fs/smb/client/link.c                    |  60 +++-
 fs/smb/client/netmisc.c                 |  10 +-
 fs/smb/client/nterr.c                   |   1 +
 fs/smb/client/nterr.h                   |   1 +
 fs/smb/client/reparse.c                 | 519 +++++++++++++++++++++++++++-----
 fs/smb/client/reparse.h                 |   2 +
 fs/smb/client/sess.c                    |   3 +-
 fs/smb/client/smb1ops.c                 |  30 +-
 fs/smb/client/smb2file.c                |   1 -
 fs/smb/client/smb2maperror.c            |   4 +-
 fs/smb/client/smb2ops.c                 |  23 +-
 fs/smb/client/smb2pdu.c                 |   2 +-
 fs/smb/client/smb2proto.h               |   2 +-
 fs/smb/common/smb2pdu.h                 |  14 +-
 fs/ubifs/debug.c                        |  23 +-
 fs/ubifs/lpt_commit.c                   |   1 -
 fs/xfs/libxfs/xfs_bmap.c                |  13 +-
 fs/xfs/xfs_buf.c                        |  36 ++-
 fs/xfs/xfs_buf.h                        |   1 -
 fs/xfs/xfs_exchrange.c                  |  71 ++---
 fs/xfs/xfs_inode.c                      |   7 +-
 fs/xfs/xfs_iomap.c                      |   6 +-
 include/linux/ceph/ceph_fs.h            |  14 -
 include/linux/dcache.h                  |   1 +
 include/uapi/linux/fuse.h               |  10 +-
 include/uapi/mtd/ubi-user.h             |  33 ++
 mm/secretmem.c                          |   3 +-
 net/9p/trans_fd.c                       |  56 ++--
 net/sunrpc/rpc_pipe.c                   |  14 +-
 98 files changed, 2072 insertions(+), 1044 deletions(-)
Merging printk/for-next (9022df7f5e05 Merge branch 'for-6.14-cpu_sync-fixup' into for-next)
$ git merge -m Merge branch 'for-next' of git://git.kernel.org/pub/scm/linux/kernel/git/printk/linux.git printk/for-next
Merge made by the 'ort' strategy.
Merging pci/next (647d69605c70 Merge tag 'pci-v6.14-changes' of git://git.kernel.org/pub/scm/linux/kernel/git/pci/pci)
$ git merge -m Merge branch 'next' of git://git.kernel.org/pub/scm/linux/kernel/git/pci/pci.git pci/next
Already up to date.
Merging pstore/for-next/pstore (067cdf020329 pstore/zone: avoid dereferencing zero sized ptr after init zones)
$ git merge -m Merge branch 'for-next/pstore' of git://git.kernel.org/pub/scm/linux/kernel/git/kees/linux.git pstore/for-next/pstore
Already up to date.
Merging hid/for-next (bb796ffb21b3 Merge branch 'for-6.13/upstream-fixes' into for-next)
$ git merge -m Merge branch 'for-next' of git://git.kernel.org/pub/scm/linux/kernel/git/hid/hid.git hid/for-next
Merge made by the 'ort' strategy.
Merging i2c/i2c/for-next (83ae27d87cdc i2c: Fix core-managed per-client debugfs handling)
$ git merge -m Merge branch 'i2c/for-next' of git://git.kernel.org/pub/scm/linux/kernel/git/wsa/linux.git i2c/i2c/for-next
Auto-merging drivers/i2c/i2c-core-base.c
Merge made by the 'ort' strategy.
 drivers/i2c/busses/Kconfig  |  1 +
 drivers/i2c/i2c-core-base.c | 11 ++++++++---
 2 files changed, 9 insertions(+), 3 deletions(-)
Merging i2c-host/i2c/i2c-host (fd4e93083129 i2c: i801: Add lis3lv02d for Dell Precision M6800)
$ git merge -m Merge branch 'i2c/i2c-host' of git://git.kernel.org/pub/scm/linux/kernel/git/andi.shyti/linux.git i2c-host/i2c/i2c-host
Already up to date.
Merging i3c/i3c/next (5eb6d3561f6c i3c: master: Improve initialization of numbered I2C adapters)
$ git merge -m Merge branch 'i3c/next' of git://git.kernel.org/pub/scm/linux/kernel/git/i3c/linux.git i3c/i3c/next
Already up to date.
Merging dmi/dmi-for-next (4d1b28a8119c firmware: dmi: Add info message for number of populated and total memory slots)
$ git merge -m Merge branch 'dmi-for-next' of git://git.kernel.org/pub/scm/linux/kernel/git/jdelvare/staging.git dmi/dmi-for-next
Already up to date.
Merging hwmon-staging/hwmon-next (a76539b29367 hwmon: pmbus: dps920ab: Add ability to instantiate through i2c)
$ git merge -m Merge branch 'hwmon-next' of git://git.kernel.org/pub/scm/linux/kernel/git/groeck/linux-staging.git hwmon-staging/hwmon-next
Already up to date.
Merging jc_docs/docs-next (35ddd9f3c132 Merge branch 'docs-mw' into docs-next)
$ git merge -m Merge branch 'docs-next' of git://git.lwn.net/linux.git jc_docs/docs-next
Auto-merging Documentation/admin-guide/media/ipu3.rst
CONFLICT (content): Merge conflict in Documentation/admin-guide/media/ipu3.rst
Resolved 'Documentation/admin-guide/media/ipu3.rst' using previous resolution.
Automatic merge failed; fix conflicts and then commit the result.
$ git commit --no-edit -v -a
[master 7c77337194a3] Merge branch 'docs-next' of git://git.lwn.net/linux.git
$ git diff -M --stat --summary HEAD^..
 Documentation/admin-guide/media/ipu3.rst | 1 +
 1 file changed, 1 insertion(+)
Merging v4l-dvb/next (c4b7779abc66 media: nuvoton: Fix an error check in npcm_video_ece_init())
$ git merge -m Merge branch 'next' of git://linuxtv.org/media-ci/media-pending.git v4l-dvb/next
Already up to date.
Merging v4l-dvb-next/master (b36c41c51e9d media: atomisp: set lock before calling vb2_queue_init())
$ git merge -m Merge branch 'master' of git://linuxtv.org/mchehab/media-next.git v4l-dvb-next/master
Already up to date.
Merging pm/linux-next (da6843bb99a2 Merge branch 'pm-sleep' into linux-next)
$ git merge -m Merge branch 'linux-next' of git://git.kernel.org/pub/scm/linux/kernel/git/rafael/linux-pm.git pm/linux-next
Auto-merging arch/x86/kernel/acpi/boot.c
Auto-merging include/linux/pm.h
Merge made by the 'ort' strategy.
 arch/x86/kernel/acpi/boot.c       |  50 +++++++++-
 drivers/acpi/x86/utils.c          |  13 +++
 drivers/base/power/main.c         |  29 ++++--
 drivers/cpufreq/Kconfig.arm       |   2 +-
 drivers/cpufreq/acpi-cpufreq.c    |   5 -
 drivers/cpufreq/cppc_cpufreq.c    |   5 +-
 drivers/cpufreq/cpufreq.c         |  20 +++-
 drivers/cpufreq/s3c64xx-cpufreq.c |  11 ++-
 drivers/cpuidle/governors/teo.c   | 197 +++++++++++++++++++-------------------
 drivers/powercap/powercap_sys.c   |   3 +-
 include/linux/pm.h                |   5 +-
 kernel/power/hibernate.c          |   7 +-
 kernel/sched/cpufreq_schedutil.c  |   6 +-
 kernel/sched/syscalls.c           |   7 ++
 14 files changed, 221 insertions(+), 139 deletions(-)
Merging cpufreq-arm/cpufreq/arm/linux-next (84cf9e541ccc cpufreq: airoha: Add EN7581 CPUFreq SMCCC driver)
$ git merge -m Merge branch 'cpufreq/arm/linux-next' of git://git.kernel.org/pub/scm/linux/kernel/git/vireshk/pm.git cpufreq-arm/cpufreq/arm/linux-next
Already up to date.
Merging cpupower/cpupower (3d6f25870d17 pm: cpupower: Add missing residency header changes in cpuidle.h to SWIG)
$ git merge -m Merge branch 'cpupower' of git://git.kernel.org/pub/scm/linux/kernel/git/shuah/linux.git cpupower/cpupower
Already up to date.
Merging devfreq/devfreq-next (f3253b23535f PM / devfreq: exynos: remove unused function parameter)
$ git merge -m Merge branch 'devfreq-next' of git://git.kernel.org/pub/scm/linux/kernel/git/chanwoo/linux.git devfreq/devfreq-next
Already up to date.
Merging pmdomain/next (885f5669f2ab pmdomain: airoha: Fix compilation error with Clang-20 and Thumb2 mode)
$ git merge -m Merge branch 'next' of git://git.kernel.org/pub/scm/linux/kernel/git/ulfh/linux-pm.git pmdomain/next
Already up to date.
Merging opp/opp/linux-next (b489e7946656 PM / OPP: Add reference counting helpers for Rust implementation)
$ git merge -m Merge branch 'opp/linux-next' of git://git.kernel.org/pub/scm/linux/kernel/git/vireshk/pm.git opp/opp/linux-next
Already up to date.
Merging thermal/thermal/linux-next (7d8abc5f3b5c thermal/drivers/imx_sc_thermal: Use dev_err_probe)
$ git merge -m Merge branch 'thermal/linux-next' of git://git.kernel.org/pub/scm/linux/kernel/git/thermal/linux.git thermal/thermal/linux-next
Already up to date.
Merging rdma/for-next (d3d930411ce3 RDMA/mlx5: Fix implicit ODP use after free)
$ git merge -m Merge branch 'for-next' of git://git.kernel.org/pub/scm/linux/kernel/git/rdma/rdma.git rdma/for-next
Already up to date.
Merging net-next/main (0ad9617c78ac Merge tag 'net-next-6.14' of git://git.kernel.org/pub/scm/linux/kernel/git/netdev/net-next)
$ git merge -m Merge branch 'main' of git://git.kernel.org/pub/scm/linux/kernel/git/netdev/net-next.git net-next/main
Already up to date.
Merging bpf-next/for-next (d0d106a2bd21 Merge tag 'bpf-next-6.14' of git://git.kernel.org/pub/scm/linux/kernel/git/bpf/bpf-next)
$ git merge -m Merge branch 'for-next' of git://git.kernel.org/pub/scm/linux/kernel/git/bpf/bpf-next.git bpf-next/for-next
Already up to date.
Merging ipsec-next/master (7082a6dc84eb net/mlx5e: Update TX ESN context for IPSec hardware offload)
$ git merge -m Merge branch 'master' of git://git.kernel.org/pub/scm/linux/kernel/git/klassert/ipsec-next.git ipsec-next/master
Already up to date.
Merging mlx5-next/mlx5-next (6ca00ec47b70 net/mlx5: Add nic_cap_reg and vhca_icm_ctrl registers)
$ git merge -m Merge branch 'mlx5-next' of git://git.kernel.org/pub/scm/linux/kernel/git/mellanox/linux.git mlx5-next/mlx5-next
Already up to date.
Merging netfilter-next/main (0ad9617c78ac Merge tag 'net-next-6.14' of git://git.kernel.org/pub/scm/linux/kernel/git/netdev/net-next)
$ git merge -m Merge branch 'main' of git://git.kernel.org/pub/scm/linux/kernel/git/netfilter/nf-next.git netfilter-next/main
Already up to date.
Merging ipvs-next/main (9c7ad3563229 Merge branch 'arrange-pse-core-and-update-tps23881-driver')
$ git merge -m Merge branch 'main' of git://git.kernel.org/pub/scm/linux/kernel/git/horms/ipvs-next.git ipvs-next/main
Already up to date.
Merging bluetooth/master (e3d78d54bed5 Bluetooth: btintel: Add DSBR support for ScP)
  07b6216dfc34 ("Bluetooth: Add ABI doc for sysfs reset")
  52f17be9931e ("Bluetooth: btnxpuart: Fix glitches seen in dual A2DP streaming")
  56cec66d6163 ("Bluetooth: L2CAP: accept zero as a special value for MTU auto-selection")
  9e2714de7384 ("Bluetooth: Fix possible infinite recursion of btusb_reset")
  ec5570088c6a ("Bluetooth: btusb: mediatek: Add locks for usb_driver_claim_interface()")
$ git merge -m Merge branch 'master' of git://git.kernel.org/pub/scm/linux/kernel/git/bluetooth/bluetooth-next.git bluetooth/master
Auto-merging MAINTAINERS
Auto-merging drivers/bluetooth/btusb.c
Auto-merging net/bluetooth/mgmt.c
Merge made by the 'ort' strategy.
 drivers/bluetooth/bfusb.c        |  3 +--
 drivers/bluetooth/btintel.c      |  8 ++++++++
 drivers/bluetooth/btintel.h      |  1 +
 drivers/bluetooth/btintel_pcie.c |  2 ++
 drivers/bluetooth/btusb.c        | 30 +++++++++++++++++++++++++++++-
 include/net/bluetooth/hci_core.h |  2 --
 net/bluetooth/l2cap_core.c       | 39 ++++++++++++++++++++++++++++++++++-----
 net/bluetooth/mgmt.c             | 40 ----------------------------------------
 net/bluetooth/mgmt_util.c        | 17 -----------------
 net/bluetooth/mgmt_util.h        |  4 ----
 10 files changed, 75 insertions(+), 71 deletions(-)
Merging wireless-next/for-next (59372af69d4d Merge tag 'batadv-next-pullrequest-20250117' of git://git.open-mesh.org/linux-merge)
$ git merge -m Merge branch 'for-next' of git://git.kernel.org/pub/scm/linux/kernel/git/wireless/wireless-next.git wireless-next/for-next
Already up to date.
Merging ath-next/for-next (89d62bcd2501 Merge tag 'ath-next-20250114' of git://git.kernel.org/pub/scm/linux/kernel/git/ath/ath)
$ git merge -m Merge branch 'for-next' of git://git.kernel.org/pub/scm/linux/kernel/git/ath/ath.git ath-next/for-next
Already up to date.
Merging wpan-next/master (3e5908172c05 Merge tag 'ieee802154-for-net-next-2025-01-03' of git://git.kernel.org/pub/scm/linux/kernel/git/wpan/wpan-next)
$ git merge -m Merge branch 'master' of git://git.kernel.org/pub/scm/linux/kernel/git/wpan/wpan-next.git wpan-next/master
Already up to date.
Merging wpan-staging/staging (3e5908172c05 Merge tag 'ieee802154-for-net-next-2025-01-03' of git://git.kernel.org/pub/scm/linux/kernel/git/wpan/wpan-next)
$ git merge -m Merge branch 'staging' of git://git.kernel.org/pub/scm/linux/kernel/git/wpan/wpan-next.git wpan-staging/staging
Already up to date.
Merging mtd/mtd/next (0ddeb4fe9d3b Merge tag 'nand/for-6.14' into mtd/next)
$ git merge -m Merge branch 'mtd/next' of git://git.kernel.org/pub/scm/linux/kernel/git/mtd/linux.git mtd/mtd/next
Already up to date.
Merging nand/nand/next (98b34d52004b mtd: spinand: skyhigh: Align with recent read from cache variant changes)
$ git merge -m Merge branch 'nand/next' of git://git.kernel.org/pub/scm/linux/kernel/git/mtd/linux.git nand/nand/next
Already up to date.
Merging spi-nor/spi-nor/next (943e5f856007 mtd: spi-nor: sysfs: constify 'struct bin_attribute')
$ git merge -m Merge branch 'spi-nor/next' of git://git.kernel.org/pub/scm/linux/kernel/git/mtd/linux.git spi-nor/spi-nor/next
Already up to date.
Merging crypto/master (9d4f8e54cef2 rhashtable: Fix rhashtable_try_insert test)
$ git merge -m Merge branch 'master' of git://git.kernel.org/pub/scm/linux/kernel/git/herbert/cryptodev-2.6.git crypto/master
Already up to date.
Merging drm/drm-next (8dcb26b493d3 Merge tag 'amd-drm-fixes-6.14-2025-01-29' of https://gitlab.freedesktop.org/agd5f/linux into drm-next)
$ git merge -m Merge branch 'drm-next' of https://gitlab.freedesktop.org/drm/kernel.git drm/drm-next
Merge made by the 'ort' strategy.
 drivers/gpu/drm/amd/amdgpu/gfx_v12_0.c                       | 11 -----------
 drivers/gpu/drm/amd/amdkfd/kfd_device_queue_manager.c        |  4 ++--
 drivers/gpu/drm/amd/amdkfd/kfd_process_queue_manager.c       |  7 +++++--
 drivers/gpu/drm/amd/display/amdgpu_dm/amdgpu_dm.c            | 12 ++++++++----
 drivers/gpu/drm/amd/display/dc/clk_mgr/dcn35/dcn35_clk_mgr.c |  2 +-
 drivers/gpu/drm/amd/pm/swsmu/smu13/aldebaran_ppt.c           |  1 -
 6 files changed, 16 insertions(+), 21 deletions(-)
Merging drm-exynos/for-linux-next (31b2be07afd0 drm/exynos: Remove unnecessary checking)
$ git merge -m Merge branch 'for-linux-next' of git://git.kernel.org/pub/scm/linux/kernel/git/daeinki/drm-exynos.git drm-exynos/for-linux-next
Auto-merging drivers/gpu/drm/exynos/exynos_drm_drv.c
Merge made by the 'ort' strategy.
 drivers/gpu/drm/exynos/exynos_drm_drv.c | 3 +--
 1 file changed, 1 insertion(+), 2 deletions(-)
Merging drm-misc/for-linux-next (6e64d6b3a3c3 drm/v3d: Assign job pointer to NULL before signaling the fence)
$ git merge -m Merge branch 'for-linux-next' of https://gitlab.freedesktop.org/drm/misc/kernel.git drm-misc/for-linux-next
Already up to date.
Merging amdgpu/drm-next (7f2b5237e313 drm/amd/display: restore invalid MSA timing check for freesync)
$ git merge -m Merge branch 'drm-next' of https://gitlab.freedesktop.org/agd5f/linux amdgpu/drm-next
Already up to date.
Merging drm-intel/for-linux-next (951a6bf30667 Merge tag 'drm-misc-next-fixes-2025-01-16' of https://gitlab.freedesktop.org/drm/misc/kernel into drm-next)
$ git merge -m Merge branch 'for-linux-next' of https://gitlab.freedesktop.org/drm/i915/kernel drm-intel/for-linux-next
Already up to date.
Merging drm-msm/msm-next (866e43b945bf drm/msm: UAPI error reporting)
$ git merge -m Merge branch 'msm-next' of https://gitlab.freedesktop.org/drm/msm.git drm-msm/msm-next
Already up to date.
Merging drm-msm-lumag/msm-next-lumag (a5463629299b drm/msm/dpu: Add RM support for allocating CWB)
$ git merge -m Merge branch 'msm-next-lumag' of https://gitlab.freedesktop.org/lumag/msm.git drm-msm-lumag/msm-next-lumag
Already up to date.
Merging drm-xe/drm-xe-next (220ed690436e Merge drm/drm-next into drm-xe-next)
$ git merge -m Merge branch 'drm-xe-next' of https://gitlab.freedesktop.org/drm/xe/kernel drm-xe/drm-xe-next
Auto-merging MAINTAINERS
Auto-merging drivers/gpu/drm/xe/xe_device.c
Merge made by the 'ort' strategy.
 MAINTAINERS                                        |   1 +
 drivers/gpu/drm/xe/Kconfig.profile                 |   1 +
 drivers/gpu/drm/xe/Makefile                        |  16 +-
 .../xe/compat-i915-headers/gem/i915_gem_stolen.h   |   5 +
 drivers/gpu/drm/xe/regs/xe_gt_regs.h               |   6 +
 drivers/gpu/drm/xe/regs/xe_oa_regs.h               |   6 +
 drivers/gpu/drm/xe/regs/xe_reg_defs.h              |  16 +-
 drivers/gpu/drm/xe/tests/xe_guc_buf_kunit.c        | 334 ++++++++++++++++++
 drivers/gpu/drm/xe/xe_bo.c                         |  39 ++-
 drivers/gpu/drm/xe/xe_bo.h                         |   2 +
 drivers/gpu/drm/xe/xe_devcoredump.c                |  42 +--
 drivers/gpu/drm/xe/xe_devcoredump.h                |   2 +-
 drivers/gpu/drm/xe/xe_device.c                     | 123 ++++++-
 drivers/gpu/drm/xe/xe_device_types.h               |  19 +-
 drivers/gpu/drm/xe/xe_gt.c                         |   7 +-
 drivers/gpu/drm/xe/xe_gt_idle.c                    |  23 +-
 drivers/gpu/drm/xe/xe_gt_idle.h                    |   1 +
 drivers/gpu/drm/xe/xe_gt_idle_types.h              |   3 +
 drivers/gpu/drm/xe/xe_gt_mcr.c                     |   8 +-
 drivers/gpu/drm/xe/xe_gt_pagefault.c               |   5 +-
 drivers/gpu/drm/xe/xe_gt_sriov_pf.c                |  57 +++-
 drivers/gpu/drm/xe/xe_gt_sriov_pf.h                |   6 +
 drivers/gpu/drm/xe/xe_gt_sriov_pf_config.c         | 109 +++---
 drivers/gpu/drm/xe/xe_gt_sriov_pf_policy.c         |  50 ++-
 drivers/gpu/drm/xe/xe_gt_sriov_pf_service.c        |  23 +-
 drivers/gpu/drm/xe/xe_gt_sriov_pf_types.h          |  10 +
 drivers/gpu/drm/xe/xe_gt_sriov_vf.c                |   3 +
 drivers/gpu/drm/xe/xe_gt_topology.c                |  16 +-
 drivers/gpu/drm/xe/xe_guc.c                        |   5 +
 drivers/gpu/drm/xe/xe_guc_buf.c                    | 176 ++++++++++
 drivers/gpu/drm/xe/xe_guc_buf.h                    |  47 +++
 drivers/gpu/drm/xe/xe_guc_buf_types.h              |  28 ++
 drivers/gpu/drm/xe/xe_guc_ct.c                     |   7 +-
 drivers/gpu/drm/xe/xe_guc_debugfs.c                |  15 +
 drivers/gpu/drm/xe/xe_guc_log.c                    |  13 +-
 drivers/gpu/drm/xe/xe_guc_pc.c                     |  59 ++++
 drivers/gpu/drm/xe/xe_guc_pc.h                     |   2 +
 drivers/gpu/drm/xe/xe_guc_types.h                  |   3 +
 drivers/gpu/drm/xe/xe_heci_gsc.c                   |   3 +-
 drivers/gpu/drm/xe/xe_mmio.c                       |  39 ---
 drivers/gpu/drm/xe/xe_oa.c                         |  21 +-
 drivers/gpu/drm/xe/xe_pci.c                        |  27 +-
 drivers/gpu/drm/xe/xe_pci_types.h                  |   2 -
 drivers/gpu/drm/xe/xe_pcode_api.h                  |  14 +
 drivers/gpu/drm/xe/xe_pmu.c                        | 374 +++++++++++++++++++++
 drivers/gpu/drm/xe/xe_pmu.h                        |  18 +
 drivers/gpu/drm/xe/xe_pmu_types.h                  |  39 +++
 drivers/gpu/drm/xe/xe_sa.c                         |  51 ++-
 drivers/gpu/drm/xe/xe_sa.h                         |  30 +-
 drivers/gpu/drm/xe/xe_sriov.c                      |   2 +-
 drivers/gpu/drm/xe/xe_survivability_mode.c         | 238 +++++++++++++
 drivers/gpu/drm/xe/xe_survivability_mode.h         |  18 +
 drivers/gpu/drm/xe/xe_survivability_mode_types.h   |  35 ++
 drivers/gpu/drm/xe/xe_tile.c                       |  12 +-
 drivers/gpu/drm/xe/xe_tile.h                       |   1 +
 drivers/gpu/drm/xe/xe_trace_bo.h                   |  19 +-
 drivers/gpu/drm/xe/xe_vm_doc.h                     |   2 +-
 drivers/gpu/drm/xe/xe_wa.c                         |   5 +
 drivers/gpu/drm/xe/xe_wa_oob.rules                 |   1 +
 include/drm/intel/pciids.h                         |  11 +-
 include/uapi/drm/xe_drm.h                          |  29 +-
 61 files changed, 2034 insertions(+), 245 deletions(-)
 create mode 100644 drivers/gpu/drm/xe/tests/xe_guc_buf_kunit.c
 create mode 100644 drivers/gpu/drm/xe/xe_guc_buf.c
 create mode 100644 drivers/gpu/drm/xe/xe_guc_buf.h
 create mode 100644 drivers/gpu/drm/xe/xe_guc_buf_types.h
 create mode 100644 drivers/gpu/drm/xe/xe_pmu.c
 create mode 100644 drivers/gpu/drm/xe/xe_pmu.h
 create mode 100644 drivers/gpu/drm/xe/xe_pmu_types.h
 create mode 100644 drivers/gpu/drm/xe/xe_survivability_mode.c
 create mode 100644 drivers/gpu/drm/xe/xe_survivability_mode.h
 create mode 100644 drivers/gpu/drm/xe/xe_survivability_mode_types.h
Merging etnaviv/etnaviv/next (6bde14ba5f7e drm/etnaviv: add optional reset support)
$ git merge -m Merge branch 'etnaviv/next' of https://git.pengutronix.de/git/lst/linux etnaviv/etnaviv/next
Already up to date.
Merging fbdev/for-next (ffd294d346d1 Linux 6.13)
$ git merge -m Merge branch 'for-next' of git://git.kernel.org/pub/scm/linux/kernel/git/deller/linux-fbdev.git fbdev/for-next
Already up to date.
Merging regmap/for-next (78798d887531 Merge remote-tracking branch 'regmap/for-6.14' into regmap-next)
$ git merge -m Merge branch 'for-next' of git://git.kernel.org/pub/scm/linux/kernel/git/broonie/regmap.git regmap/for-next
Merge made by the 'ort' strategy.
 drivers/base/regmap/regmap.c | 28 ++++++++++++++++++++++------
 1 file changed, 22 insertions(+), 6 deletions(-)
Merging sound/for-next (8c2fa44132e8 ALSA: hda/realtek: Workaround for resume on Dell Venue 11 Pro 7130)
$ git merge -m Merge branch 'for-next' of git://git.kernel.org/pub/scm/linux/kernel/git/tiwai/sound.git sound/for-next
Already up to date.
Merging ieee1394/for-next (352fafe97784 firewire: test: Fix potential null dereference in firewire kunit test)
$ git merge -m Merge branch 'for-next' of https://git.kernel.org/pub/scm/linux/kernel/git/ieee1394/linux1394.git ieee1394/for-next
Already up to date.
Merging sound-asoc/for-next (d91054313ab7 Merge remote-tracking branch 'asoc/for-6.13' into asoc-linus)
$ git merge -m Merge branch 'for-next' of git://git.kernel.org/pub/scm/linux/kernel/git/broonie/sound.git sound-asoc/for-next
Already up to date.
Merging modules/modules-next (48ecfdd92824 bug: Use RCU instead RCU-sched to protect module_bug_list.)
$ git merge -m Merge branch 'modules-next' of git://git.kernel.org/pub/scm/linux/kernel/git/modules/linux.git modules/modules-next
Auto-merging include/linux/module.h
Auto-merging kernel/module/internal.h
Auto-merging kernel/module/main.c
Auto-merging kernel/module/version.c
Merge made by the 'ort' strategy.
 arch/arm/kernel/module-plts.c            |   4 +-
 arch/arm64/kernel/ftrace.c               |   7 +--
 arch/loongarch/kernel/ftrace_dyn.c       |   9 ++-
 arch/loongarch/kernel/unwind_orc.c       |   4 +-
 arch/powerpc/kernel/trace/ftrace.c       |   6 +-
 arch/powerpc/kernel/trace/ftrace_64_pg.c |   6 +-
 arch/x86/kernel/callthunks.c             |   3 +-
 arch/x86/kernel/unwind_orc.c             |   4 +-
 include/linux/kallsyms.h                 |   3 +-
 include/linux/module.h                   |   2 +-
 kernel/cfi.c                             |   5 +-
 kernel/jump_label.c                      |  31 +++++-----
 kernel/kprobes.c                         |   2 +-
 kernel/livepatch/core.c                  |   4 +-
 kernel/module/internal.h                 |  11 ----
 kernel/module/kallsyms.c                 |  73 ++++++++--------------
 kernel/module/main.c                     | 103 +++++++++++--------------------
 kernel/module/tracking.c                 |   2 -
 kernel/module/tree_lookup.c              |   8 +--
 kernel/module/version.c                  |  14 ++---
 kernel/static_call_inline.c              |  13 ++--
 kernel/trace/bpf_trace.c                 |  24 +++----
 kernel/trace/trace_kprobe.c              |   9 +--
 lib/bug.c                                |  22 +++----
 24 files changed, 140 insertions(+), 229 deletions(-)
Merging input/next (08bd5b7c9a24 Input: synaptics - fix crash when enabling pass-through port)
$ git merge -m Merge branch 'next' of git://git.kernel.org/pub/scm/linux/kernel/git/dtor/input.git input/next
Already up to date.
Merging block/for-next (e99327036213 Merge branch 'io_uring-6.14' into for-next)
$ git merge -m Merge branch 'for-next' of git://git.kernel.dk/linux-block.git block/for-next
Auto-merging drivers/md/md.c
Auto-merging io_uring/futex.c
Auto-merging io_uring/io_uring.c
Merge made by the 'ort' strategy.
 block/blk-core.c               |   1 -
 block/blk-ia-ranges.c          |   4 --
 block/blk-mq-cpumap.c          |   3 +-
 block/blk-mq-sysfs.c           |  40 +++++-------
 block/blk-sysfs.c              |   5 --
 block/fops.c                   |   5 +-
 drivers/block/loop.c           |   3 +-
 drivers/md/md-bitmap.c         |   5 +-
 drivers/md/md.c                |   5 ++
 include/linux/blkdev.h         |   3 -
 include/linux/io_uring/cmd.h   |   2 +-
 include/linux/io_uring_types.h |   3 +-
 io_uring/Makefile              |   2 +-
 io_uring/alloc_cache.c         |  44 ++++++++++++++
 io_uring/alloc_cache.h         |  69 ++++++++++-----------
 io_uring/filetable.c           |   2 +-
 io_uring/futex.c               |   4 +-
 io_uring/io_uring.c            |  12 ++--
 io_uring/io_uring.h            |  21 +++----
 io_uring/msg_ring.c            |   4 +-
 io_uring/net.c                 | 134 +++++++++++++++++++++--------------------
 io_uring/net.h                 |  20 +++---
 io_uring/poll.c                |   6 +-
 io_uring/register.c            |   8 ++-
 io_uring/rsrc.c                |  88 ++++++++++++++-------------
 io_uring/rsrc.h                |   5 +-
 io_uring/rw.c                  |  41 +++----------
 io_uring/rw.h                  |  27 +++++----
 io_uring/timeout.c             |   2 +-
 io_uring/uring_cmd.c           |  19 ++----
 io_uring/waitid.c              |   2 +-
 31 files changed, 300 insertions(+), 289 deletions(-)
 create mode 100644 io_uring/alloc_cache.c
Merging device-mapper/for-next (8b8f80377657 dm-crypt: track tag_offset in convert_context)
$ git merge -m Merge branch 'for-next' of git://git.kernel.org/pub/scm/linux/kernel/git/device-mapper/linux-dm.git device-mapper/for-next
Already up to date.
Merging libata/for-next (6e74e53b34b6 ata: libata-sff: Ensure that we cannot write outside the allocated buffer)
$ git merge -m Merge branch 'for-next' of git://git.kernel.org/pub/scm/linux/kernel/git/libata/linux libata/for-next
Merge made by the 'ort' strategy.
 drivers/ata/libata-core.c |  4 ++++
 drivers/ata/libata-sff.c  | 18 ++++++++++--------
 2 files changed, 14 insertions(+), 8 deletions(-)
Merging pcmcia/pcmcia-next (0630e3bc0e91 pcmcia: add missing MODULE_DESCRIPTION() macros)
$ git merge -m Merge branch 'pcmcia-next' of git://git.kernel.org/pub/scm/linux/kernel/git/brodo/linux.git pcmcia/pcmcia-next
Already up to date.
Merging mmc/next (20a0c37e4406 mmc: sdhci-msm: Correctly set the load for the regulator)
$ git merge -m Merge branch 'next' of git://git.kernel.org/pub/scm/linux/kernel/git/ulfh/mmc.git mmc/next
Already up to date.
Merging mfd/for-mfd-next (2816b0c949af MAINTAINERS: Adjust the file entry for the qnap-mcu header)
$ git merge -m Merge branch 'for-mfd-next' of git://git.kernel.org/pub/scm/linux/kernel/git/lee/mfd.git mfd/for-mfd-next
Already up to date.
Merging backlight/for-backlight-next (40384c840ea1 Linux 6.13-rc1)
$ git merge -m Merge branch 'for-backlight-next' of git://git.kernel.org/pub/scm/linux/kernel/git/lee/backlight.git backlight/for-backlight-next
Already up to date.
Merging battery/for-next (b4a95b8fd3e6 power: supply: max1720x: add support for reading internal and thermistor temperatures)
$ git merge -m Merge branch 'for-next' of git://git.kernel.org/pub/scm/linux/kernel/git/sre/linux-power-supply.git battery/for-next
Already up to date.
Merging regulator/for-next (3c28eb3350c8 Merge remote-tracking branch 'regulator/for-6.13' into regulator-linus)
$ git merge -m Merge branch 'for-next' of git://git.kernel.org/pub/scm/linux/kernel/git/broonie/regulator.git regulator/for-next
Already up to date.
Merging security/next (714d87c90a76 lockdown: initialize local array before use to quiet static analysis)
$ git merge -m Merge branch 'next' of git://git.kernel.org/pub/scm/linux/kernel/git/pcmoore/lsm.git security/next
Already up to date.
Merging apparmor/apparmor-next (e6b087676954 apparmor: fix dbus permission queries to v9 ABI)
$ git merge -m Merge branch 'apparmor-next' of git://git.kernel.org/pub/scm/linux/kernel/git/jj/linux-apparmor apparmor/apparmor-next
Auto-merging security/apparmor/apparmorfs.c
Auto-merging security/apparmor/lsm.c
Merge made by the 'ort' strategy.
 security/apparmor/Makefile             |   2 +-
 security/apparmor/af_unix.c            | 702 +++++++++++++++++++++++++++++++++
 security/apparmor/apparmorfs.c         |  30 +-
 security/apparmor/audit.c              |   2 +-
 security/apparmor/capability.c         |  56 +++
 security/apparmor/domain.c             | 114 +++---
 security/apparmor/file.c               |  56 ++-
 security/apparmor/include/af_unix.h    |  57 +++
 security/apparmor/include/apparmor.h   |   4 +-
 security/apparmor/include/capability.h |   1 +
 security/apparmor/include/file.h       |   9 +-
 security/apparmor/include/ipc.h        |   3 +
 security/apparmor/include/label.h      |  24 +-
 security/apparmor/include/lib.h        |  37 +-
 security/apparmor/include/net.h        |  31 +-
 security/apparmor/include/path.h       |   1 +
 security/apparmor/include/policy.h     |  46 ++-
 security/apparmor/include/sig_names.h  |   6 +-
 security/apparmor/include/signal.h     |  19 +
 security/apparmor/ipc.c                |  10 +-
 security/apparmor/label.c              |  35 +-
 security/apparmor/lib.c                |  91 +++++
 security/apparmor/lsm.c                | 247 ++++++++++--
 security/apparmor/net.c                | 180 ++++++++-
 security/apparmor/policy.c             |  35 +-
 security/apparmor/policy_compat.c      |   6 +-
 security/apparmor/policy_ns.c          |   2 +-
 security/apparmor/policy_unpack.c      |  29 +-
 security/apparmor/procattr.c           |   6 +-
 29 files changed, 1622 insertions(+), 219 deletions(-)
 create mode 100644 security/apparmor/af_unix.c
 create mode 100644 security/apparmor/include/af_unix.h
 create mode 100644 security/apparmor/include/signal.h
Merging integrity/next-integrity (4785ed362a24 ima: ignore suffixed policy rule comments)
$ git merge -m Merge branch 'next-integrity' of git://git.kernel.org/pub/scm/linux/kernel/git/zohar/linux-integrity integrity/next-integrity
Already up to date.
Merging selinux/next (854bc7623602 Automated merge of 'dev' into 'next')
$ git merge -m Merge branch 'next' of git://git.kernel.org/pub/scm/linux/kernel/git/pcmoore/selinux.git selinux/next
Merge made by the 'ort' strategy.
Merging smack/next (6f71ad02aae8 smack: deduplicate access to string conversion)
$ git merge -m Merge branch 'next' of git://github.com/cschaufler/smack-next smack/next
Already up to date.
Merging tomoyo/master (bdc35f164b0f tomoyo: use better patterns for procfs in learning mode)
$ git merge -m Merge branch 'master' of git://git.code.sf.net/p/tomoyo/tomoyo.git tomoyo/master
Merge made by the 'ort' strategy.
 security/tomoyo/common.c        | 145 +++++++++++++++++++++++++++++++---------
 security/tomoyo/domain.c        |   2 +-
 security/tomoyo/securityfs_if.c |   6 +-
 security/tomoyo/tomoyo.c        |   5 +-
 4 files changed, 117 insertions(+), 41 deletions(-)
Merging tpmdd/next (b46c89c08f41 Merge tag 'spi-fix-v6.14-merge-window' of git://git.kernel.org/pub/scm/linux/kernel/git/broonie/spi)
$ git merge -m Merge branch 'next' of git://git.kernel.org/pub/scm/linux/kernel/git/jarkko/linux-tpmdd.git tpmdd/next
Already up to date.
Merging watchdog/master (b3db0b5356ff dt-bindings: watchdog: Document Qualcomm IPQ5424)
$ git merge -m Merge branch 'master' of git://www.linux-watchdog.org/linux-watchdog-next.git watchdog/master
Already up to date.
Merging iommu/next (125f34e4c107 Merge branches 'arm/smmu/updates', 'arm/smmu/bindings', 'qualcomm/msm', 'rockchip', 'riscv', 'core', 'intel/vt-d' and 'amd/amd-vi' into next)
$ git merge -m Merge branch 'next' of git://git.kernel.org/pub/scm/linux/kernel/git/iommu/linux.git iommu/next
Already up to date.
Merging audit/next (8bea8f86f7a1 Automated merge of 'dev' into 'next')
$ git merge -m Merge branch 'next' of git://git.kernel.org/pub/scm/linux/kernel/git/pcmoore/audit.git audit/next
Merge made by the 'ort' strategy.
Merging devicetree/for-next (15e2f65f2ecf of: address: Fix empty resource handling in __of_address_resource_bounds())
$ git merge -m Merge branch 'for-next' of git://git.kernel.org/pub/scm/linux/kernel/git/robh/linux.git devicetree/for-next
Already up to date.
Merging dt-krzk/for-next (dcdd69c1e196 Merge branch 'next/dt' into for-next)
$ git merge -m Merge branch 'for-next' of git://git.kernel.org/pub/scm/linux/kernel/git/krzk/linux-dt.git dt-krzk/for-next
Merge made by the 'ort' strategy.
Merging mailbox/for-next (4783ce32b080 riscv: export __cpuid_to_hartid_map)
$ git merge -m Merge branch 'for-next' of git://git.kernel.org/pub/scm/linux/kernel/git/jassibrar/mailbox.git mailbox/for-next
Already up to date.
Merging spi/for-next (ff9e24437b18 Merge remote-tracking branch 'spi/for-6.13' into spi-linus)
$ git merge -m Merge branch 'for-next' of git://git.kernel.org/pub/scm/linux/kernel/git/broonie/spi.git spi/for-next
Already up to date.
Merging tip/master (25cb07b28aa8 Merge branch into tip/master: 'x86/mm')
$ git merge -m Merge branch 'master' of git://git.kernel.org/pub/scm/linux/kernel/git/tip/tip.git tip/master
Merge made by the 'ort' strategy.
 arch/x86/include/asm/mmu.h         |  2 ++
 arch/x86/include/asm/mmu_context.h |  1 +
 arch/x86/include/asm/tlbflush.h    |  1 +
 arch/x86/kernel/alternative.c      | 10 +++++--
 arch/x86/mm/fault.c                |  1 -
 arch/x86/mm/tlb.c                  | 59 ++++++++++++++++++++++++++++----------
 include/linux/mm_types.h           |  1 +
 tools/testing/selftests/x86/lam.c  |  2 +-
 8 files changed, 57 insertions(+), 20 deletions(-)
Merging clockevents/timers/drivers/next (08b97fbd13de clocksource/drivers/arm_arch_timer: Use of_property_present() for non-boolean properties)
$ git merge -m Merge branch 'timers/drivers/next' of https://git.linaro.org/people/daniel.lezcano/linux.git clockevents/timers/drivers/next
Already up to date.
Merging edac/edac-for-next (1d1a6ae52176 Merge edac-drivers into for-next)
$ git merge -m Merge branch 'edac-for-next' of git://git.kernel.org/pub/scm/linux/kernel/git/ras/ras.git edac/edac-for-next
Merge made by the 'ort' strategy.
Merging ftrace/for-next (04787ae88833 Merge tools/for-next)
$ git merge -m Merge branch 'for-next' of git://git.kernel.org/pub/scm/linux/kernel/git/trace/linux-trace.git ftrace/for-next
Merge made by the 'ort' strategy.
Merging rcu/next (4b5c2205526c Merge branches 'fixes.2024.12.14a', 'rcutorture.2024.12.14a', 'srcu.2024.12.14a' and 'torture-test.2024.12.14a' into rcu-merge.2024.12.14a)
$ git merge -m Merge branch 'next' of git://git.kernel.org/pub/scm/linux/kernel/git/rcu/linux.git rcu/next
Already up to date.
Merging paulmck/non-rcu/next (b6f62437f431 Merge branches 'csd-lock.2024.10.11a', 'lkmm.2024.11.09a' and 'scftorture.2024.11.09a', tag 'nolibc.2024.11.01a' into HEAD)
$ git merge -m Merge branch 'non-rcu/next' of git://git.kernel.org/pub/scm/linux/kernel/git/paulmck/linux-rcu.git paulmck/non-rcu/next
Merge made by the 'ort' strategy.
 .../Documentation/herd-representation.txt          |  49 ++++---
 tools/memory-model/README                          |   2 +-
 tools/memory-model/linux-kernel.bell               |  33 +++--
 tools/memory-model/linux-kernel.cat                |  10 ++
 tools/memory-model/linux-kernel.cfg                |   1 +
 tools/memory-model/linux-kernel.def                | 157 ++++++++++++---------
 6 files changed, 155 insertions(+), 97 deletions(-)
Merging kvm/next (f7bafceba76e KVM: remove kvm_arch_post_init_vm)
$ git merge -m Merge branch 'next' of git://git.kernel.org/pub/scm/virt/kvm/kvm.git kvm/next
Merge made by the 'ort' strategy.
 arch/x86/kvm/x86.c       |  7 +------
 include/linux/kvm_host.h |  1 -
 virt/kvm/kvm_main.c      | 15 ---------------
 3 files changed, 1 insertion(+), 22 deletions(-)
Merging kvm-arm/next (01009b06a6b5 arm64/sysreg: Get rid of TRFCR_ELx SysregFields)
$ git merge -m Merge branch 'next' of git://git.kernel.org/pub/scm/linux/kernel/git/kvmarm/kvmarm.git kvm-arm/next
Already up to date.
Merging kvms390/next (8bc53739bc8f KVM: s390: selftests: Streamline uc_skey test to issue iske after sske)
$ git merge -m Merge branch 'next' of git://git.kernel.org/pub/scm/linux/kernel/git/kvms390/linux.git kvms390/next
Auto-merging virt/kvm/kvm_main.c
Merge made by the 'ort' strategy.
 Documentation/virt/kvm/api.rst                   |   2 +-
 arch/s390/include/asm/gmap.h                     |  20 +-
 arch/s390/include/asm/kvm_host.h                 |   6 +-
 arch/s390/include/asm/pgtable.h                  |  21 +-
 arch/s390/include/asm/uv.h                       |   6 +-
 arch/s390/kernel/uv.c                            | 292 +---------
 arch/s390/kvm/Makefile                           |   2 +-
 arch/s390/kvm/gaccess.c                          |  44 +-
 arch/s390/kvm/gmap-vsie.c                        | 142 +++++
 arch/s390/kvm/gmap.c                             | 212 +++++++
 arch/s390/kvm/gmap.h                             |  39 ++
 arch/s390/kvm/intercept.c                        |   7 +-
 arch/s390/kvm/interrupt.c                        |  19 +-
 arch/s390/kvm/kvm-s390.c                         | 237 ++++++--
 arch/s390/kvm/kvm-s390.h                         |  19 +
 arch/s390/kvm/pv.c                               |  21 +
 arch/s390/kvm/vsie.c                             | 106 ++--
 arch/s390/mm/gmap.c                              | 681 +++++------------------
 arch/s390/mm/pgalloc.c                           |   2 -
 tools/testing/selftests/kvm/s390/ucontrol_test.c |  32 +-
 virt/kvm/kvm_main.c                              |  10 +-
 21 files changed, 990 insertions(+), 930 deletions(-)
 create mode 100644 arch/s390/kvm/gmap-vsie.c
 create mode 100644 arch/s390/kvm/gmap.c
 create mode 100644 arch/s390/kvm/gmap.h
Merging kvm-ppc/topic/ppc-kvm (fac04efc5c79 Linux 6.13-rc2)
$ git merge -m Merge branch 'topic/ppc-kvm' of git://git.kernel.org/pub/scm/linux/kernel/git/powerpc/linux.git kvm-ppc/topic/ppc-kvm
Already up to date.
Merging kvm-riscv/riscv_kvm_next (af79caa83f6a RISC-V: KVM: Add new exit statstics for redirected traps)
$ git merge -m Merge branch 'riscv_kvm_next' of https://github.com/kvm-riscv/linux.git kvm-riscv/riscv_kvm_next
Already up to date.
Merging kvm-x86/next (eb723766b103 Merge branches 'memslots', 'misc', 'mmu', 'selftests', 'svm', 'vcpu_array' and 'vmx')
$ git merge -m Merge branch 'next' of https://github.com/kvm-x86/linux.git kvm-x86/next
Merge made by the 'ort' strategy.
 .../selftests/kvm/access_tracking_perf_test.c      |  2 +-
 tools/testing/selftests/kvm/include/test_util.h    |  2 +-
 .../testing/selftests/kvm/include/x86/processor.h  | 47 ++++++++++++++++++++++
 tools/testing/selftests/kvm/x86/hyperv_ipi.c       |  6 ++-
 .../testing/selftests/kvm/x86/pmu_counters_test.c  | 15 +++----
 tools/testing/selftests/kvm/x86/svm_int_ctl_test.c |  5 +--
 .../selftests/kvm/x86/ucna_injection_test.c        |  2 +-
 tools/testing/selftests/kvm/x86/xapic_ipi_test.c   |  3 +-
 tools/testing/selftests/kvm/x86/xapic_state_test.c |  4 +-
 tools/testing/selftests/kvm/x86/xen_shinfo_test.c  |  5 +--
 10 files changed, 68 insertions(+), 23 deletions(-)
Merging xen-tip/linux-next (bda50f7770e5 xen: update pvcalls_front_accept prototype)
$ git merge -m Merge branch 'linux-next' of git://git.kernel.org/pub/scm/linux/kernel/git/xen/tip.git xen-tip/linux-next
Already up to date.
Merging percpu/for-next (87d6aab2389e Merge tag 'for_linus' of git://git.kernel.org/pub/scm/linux/kernel/git/mst/vhost)
$ git merge -m Merge branch 'for-next' of git://git.kernel.org/pub/scm/linux/kernel/git/dennis/percpu.git percpu/for-next
Already up to date.
Merging workqueues/for-next (e76946110137 workqueue: Put the pwq after detaching the rescuer from the pool)
$ git merge -m Merge branch 'for-next' of git://git.kernel.org/pub/scm/linux/kernel/git/tj/wq.git workqueues/for-next
Auto-merging kernel/workqueue.c
Merge made by the 'ort' strategy.
 kernel/workqueue.c | 12 ++++++------
 1 file changed, 6 insertions(+), 6 deletions(-)
Merging sched-ext/for-next (337d1b354a29 sched_ext: Move built-in idle CPU selection policy to a separate file)
$ git merge -m Merge branch 'for-next' of git://git.kernel.org/pub/scm/linux/kernel/git/tj/sched_ext.git sched-ext/for-next
Auto-merging MAINTAINERS
Auto-merging kernel/sched/autogroup.c
Auto-merging kernel/sched/core.c
Merge made by the 'ort' strategy.
 MAINTAINERS                                        |   3 +-
 kernel/sched/autogroup.c                           |   4 +-
 kernel/sched/build_policy.c                        |   1 +
 kernel/sched/core.c                                |   7 +-
 kernel/sched/ext.c                                 | 787 +--------------------
 kernel/sched/ext.h                                 |   4 +-
 kernel/sched/ext_idle.c                            | 752 ++++++++++++++++++++
 kernel/sched/ext_idle.h                            |  39 +
 kernel/sched/sched.h                               |   2 +-
 tools/sched_ext/include/scx/common.bpf.h           |  11 +
 tools/testing/selftests/sched_ext/create_dsq.c     |  10 +-
 .../selftests/sched_ext/ddsp_bogus_dsq_fail.c      |   7 +-
 .../selftests/sched_ext/ddsp_vtimelocal_fail.c     |   7 +-
 .../testing/selftests/sched_ext/dsp_local_on.bpf.c |   2 +-
 tools/testing/selftests/sched_ext/dsp_local_on.c   |   1 +
 .../selftests/sched_ext/enq_last_no_enq_fails.c    |  10 +-
 .../selftests/sched_ext/enq_select_cpu_fails.c     |  10 +-
 tools/testing/selftests/sched_ext/exit.c           |   1 +
 tools/testing/selftests/sched_ext/hotplug.c        |   6 +-
 .../selftests/sched_ext/init_enable_count.c        |  25 +-
 tools/testing/selftests/sched_ext/maximal.c        |   7 +-
 tools/testing/selftests/sched_ext/minimal.c        |  10 +-
 tools/testing/selftests/sched_ext/prog_run.c       |  10 +-
 tools/testing/selftests/sched_ext/reload_loop.c    |   9 +-
 tools/testing/selftests/sched_ext/select_cpu_dfl.c |   7 +-
 .../sched_ext/select_cpu_dfl_nodispatch.c          |   7 +-
 .../selftests/sched_ext/select_cpu_dispatch.c      |   7 +-
 .../sched_ext/select_cpu_dispatch_bad_dsq.c        |   7 +-
 .../sched_ext/select_cpu_dispatch_dbl_dsp.c        |   7 +-
 .../testing/selftests/sched_ext/select_cpu_vtime.c |   7 +-
 30 files changed, 938 insertions(+), 829 deletions(-)
 create mode 100644 kernel/sched/ext_idle.c
 create mode 100644 kernel/sched/ext_idle.h
Merging drivers-x86/for-next (05dbaf8dd8bf Merge tag 'x86-urgent-2025-01-28' of git://git.kernel.org/pub/scm/linux/kernel/git/tip/tip)
$ git merge -m Merge branch 'for-next' of git://git.kernel.org/pub/scm/linux/kernel/git/pdx86/platform-drivers-x86.git drivers-x86/for-next
Already up to date.
Merging chrome-platform/for-next (fccebbdde206 platform/chrome: cros_ec_lpc: Handle EC without CRS section)
$ git merge -m Merge branch 'for-next' of git://git.kernel.org/pub/scm/linux/kernel/git/chrome-platform/linux.git chrome-platform/for-next
Already up to date.
Merging chrome-platform-firmware/for-firmware-next (7543d5702c2c firmware: google: vpd: Use const 'struct bin_attribute' callback)
$ git merge -m Merge branch 'for-firmware-next' of git://git.kernel.org/pub/scm/linux/kernel/git/chrome-platform/linux.git chrome-platform-firmware/for-firmware-next
Already up to date.
Merging hsi/for-next (40384c840ea1 Linux 6.13-rc1)
$ git merge -m Merge branch 'for-next' of git://git.kernel.org/pub/scm/linux/kernel/git/sre/linux-hsi.git hsi/for-next
Already up to date.
Merging leds-lj/for-leds-next (daefd7fbd544 leds: triggers: Constify 'struct bin_attribute')
$ git merge -m Merge branch 'for-leds-next' of git://git.kernel.org/pub/scm/linux/kernel/git/lee/leds.git leds-lj/for-leds-next
Already up to date.
Merging ipmi/for-next (83d8c79aa958 ipmi: ssif_bmc: Fix new request loss when bmc ready for a response)
$ git merge -m Merge branch 'for-next' of git://github.com/cminyard/linux-ipmi.git ipmi/for-next
Already up to date.
Merging driver-core/driver-core-next (72deda0abee6 Merge tag 'soundwire-6.14-rc1' of git://git.kernel.org/pub/scm/linux/kernel/git/vkoul/soundwire)
$ git merge -m Merge branch 'driver-core-next' of git://git.kernel.org/pub/scm/linux/kernel/git/gregkh/driver-core.git driver-core/driver-core-next
Already up to date.
Merging usb/usb-next (72deda0abee6 Merge tag 'soundwire-6.14-rc1' of git://git.kernel.org/pub/scm/linux/kernel/git/vkoul/soundwire)
$ git merge -m Merge branch 'usb-next' of git://git.kernel.org/pub/scm/linux/kernel/git/gregkh/usb.git usb/usb-next
Already up to date.
Merging thunderbolt/next (43d84701d2aa thunderbolt: Expose router DROM through debugfs)
$ git merge -m Merge branch 'next' of git://git.kernel.org/pub/scm/linux/kernel/git/westeri/thunderbolt.git thunderbolt/next
Already up to date.
Merging usb-serial/usb-next (575a5adf48b0 USB: serial: quatech2: fix null-ptr-deref in qt2_process_read_urb())
$ git merge -m Merge branch 'usb-next' of git://git.kernel.org/pub/scm/linux/kernel/git/johan/usb-serial.git usb-serial/usb-next
Already up to date.
Merging tty/tty-next (72deda0abee6 Merge tag 'soundwire-6.14-rc1' of git://git.kernel.org/pub/scm/linux/kernel/git/vkoul/soundwire)
$ git merge -m Merge branch 'tty-next' of git://git.kernel.org/pub/scm/linux/kernel/git/gregkh/tty.git tty/tty-next
Already up to date.
Merging char-misc/char-misc-next (6d61a53dd6f5 Merge tag 'f2fs-for-6.14-rc1' of git://git.kernel.org/pub/scm/linux/kernel/git/jaegeuk/f2fs)
$ git merge -m Merge branch 'char-misc-next' of git://git.kernel.org/pub/scm/linux/kernel/git/gregkh/char-misc.git char-misc/char-misc-next
Already up to date.
Merging accel/habanalabs-next (f03eee5fc922 Merge tag 'drm-xe-next-fixes-2024-05-02' of https://gitlab.freedesktop.org/drm/xe/kernel into drm-next)
$ git merge -m Merge branch 'habanalabs-next' of git://git.kernel.org/pub/scm/linux/kernel/git/ogabbay/linux.git accel/habanalabs-next
Already up to date.
Merging coresight/next (56e14a21cee4 coresight-tpda: Optimize the function of reading element size)
$ git merge -m Merge branch 'next' of git://git.kernel.org/pub/scm/linux/kernel/git/coresight/linux.git coresight/next
Already up to date.
Merging fastrpc/for-next (40384c840ea1 Linux 6.13-rc1)
$ git merge -m Merge branch 'for-next' of git://git.kernel.org/pub/scm/linux/kernel/git/srini/fastrpc.git fastrpc/for-next
Already up to date.
Merging fpga/for-next (46b155acbf4e fpga: dfl: destroy/recreate feature platform device on port release/assign)
$ git merge -m Merge branch 'for-next' of git://git.kernel.org/pub/scm/linux/kernel/git/fpga/linux-fpga.git fpga/for-next
Already up to date.
Merging icc/icc-next (4cc004716977 Merge branch 'icc-sm8750' into icc-next)
$ git merge -m Merge branch 'icc-next' of git://git.kernel.org/pub/scm/linux/kernel/git/djakov/icc.git icc/icc-next
Already up to date.
Merging iio/togreg (577a66e2e634 iio: iio-mux: kzalloc instead of devm_kzalloc to ensure page alignment)
$ git merge -m Merge branch 'togreg' of git://git.kernel.org/pub/scm/linux/kernel/git/jic23/iio.git iio/togreg
Already up to date.
Merging phy-next/next (af1bc0ebe743 dt-bindings: phy: qcom,qmp-pcie: document the SM8350 two lanes PCIe PHY)
$ git merge -m Merge branch 'next' of git://git.kernel.org/pub/scm/linux/kernel/git/phy/linux-phy.git phy-next/next
Already up to date.
Merging soundwire/next (74148bb59e20 soundwire: amd: clear wake enable register for power off mode)
$ git merge -m Merge branch 'next' of git://git.kernel.org/pub/scm/linux/kernel/git/vkoul/soundwire.git soundwire/next
Already up to date.
Merging extcon/extcon-next (7041ed0dde83 extcon: Drop explicit initialization of struct i2c_device_id::driver_data to 0)
$ git merge -m Merge branch 'extcon-next' of git://git.kernel.org/pub/scm/linux/kernel/git/chanwoo/extcon.git extcon/extcon-next
Already up to date.
Merging gnss/gnss-next (40384c840ea1 Linux 6.13-rc1)
$ git merge -m Merge branch 'gnss-next' of git://git.kernel.org/pub/scm/linux/kernel/git/johan/gnss.git gnss/gnss-next
Already up to date.
Merging vfio/next (2bb447540e71 vfio/nvgrace-gpu: Add GB200 SKU to the devid table)
$ git merge -m Merge branch 'next' of git://github.com/awilliam/linux-vfio.git vfio/next
Already up to date.
Merging w1/for-next (419a40cc2bdd w1: core: use sysfs_emit() instead of sprintf())
$ git merge -m Merge branch 'for-next' of git://git.kernel.org/pub/scm/linux/kernel/git/krzk/linux-w1.git w1/for-next
Already up to date.
Merging spmi/spmi-next (40384c840ea1 Linux 6.13-rc1)
$ git merge -m Merge branch 'spmi-next' of git://git.kernel.org/pub/scm/linux/kernel/git/sboyd/spmi.git spmi/spmi-next
Already up to date.
Merging staging/staging-next (72deda0abee6 Merge tag 'soundwire-6.14-rc1' of git://git.kernel.org/pub/scm/linux/kernel/git/vkoul/soundwire)
$ git merge -m Merge branch 'staging-next' of git://git.kernel.org/pub/scm/linux/kernel/git/gregkh/staging.git staging/staging-next
Already up to date.
Merging counter-next/counter-next (ceb3075433d9 counter: ti-eqep: add direction support)
$ git merge -m Merge branch 'counter-next' of git://git.kernel.org/pub/scm/linux/kernel/git/wbg/counter.git counter-next/counter-next
Merge made by the 'ort' strategy.
 drivers/counter/ti-eqep.c            | 32 ++++++++++++++++++++++++++++++++
 include/uapi/linux/counter.h         |  2 ++
 tools/counter/.gitignore             |  1 +
 tools/counter/counter_watch_events.c |  5 +++++
 4 files changed, 40 insertions(+)
Merging siox/siox/for-next (db418d5f1ca5 siox: bus-gpio: Simplify using devm_siox_* functions)
$ git merge -m Merge branch 'siox/for-next' of git://git.kernel.org/pub/scm/linux/kernel/git/ukleinek/linux.git siox/siox/for-next
Already up to date.
Merging mux/for-next (59b723cd2adb Linux 6.12-rc6)
$ git merge -m Merge branch 'for-next' of https://gitlab.com/peda-linux/mux.git mux/for-next
Already up to date.
Merging dmaengine/next (98d187a98903 dmaengine: idxd: Enable Function Level Reset (FLR) for halt)
$ git merge -m Merge branch 'next' of git://git.kernel.org/pub/scm/linux/kernel/git/vkoul/dmaengine.git dmaengine/next
Already up to date.
Merging cgroup/for-next (ad6c08d8c104 cgroup/misc: Remove unused misc_cg_res_total_usage)
$ git merge -m Merge branch 'for-next' of git://git.kernel.org/pub/scm/linux/kernel/git/tj/cgroup.git cgroup/for-next
Auto-merging init/Kconfig
Merge made by the 'ort' strategy.
 include/linux/misc_cgroup.h |  6 ------
 init/Kconfig                |  5 +++--
 kernel/cgroup/cgroup.c      |  2 +-
 kernel/cgroup/cpuset-v1.c   | 41 +++++++++++++++++++++++++++++++++++++++++
 kernel/cgroup/cpuset.c      | 45 ---------------------------------------------
 kernel/cgroup/misc.c        | 16 ----------------
 6 files changed, 45 insertions(+), 70 deletions(-)
Merging scsi/for-next (c57ef5d3d7bc Merge branch 'misc' into for-next)
$ git merge -m Merge branch 'for-next' of git://git.kernel.org/pub/scm/linux/kernel/git/jejb/scsi.git scsi/for-next
Merge made by the 'ort' strategy.
Merging scsi-mkp/for-next (8c09f612b293 scsi: ufs: core: Simplify temperature exception event handling)
$ git merge -m Merge branch 'for-next' of git://git.kernel.org/pub/scm/linux/kernel/git/mkp/scsi.git scsi-mkp/for-next
Auto-merging drivers/ufs/core/ufshcd.c
Merge made by the 'ort' strategy.
 drivers/scsi/scsi_lib_test.c      |  7 +++++++
 drivers/target/target_core_stat.c |  4 ++--
 drivers/ufs/core/ufshcd.c         | 20 +-------------------
 include/ufs/ufs.h                 |  4 ++--
 4 files changed, 12 insertions(+), 23 deletions(-)
Merging vhost/linux-next (5820a3b08987 virtio_blk: Add support for transport error recovery)
$ git merge -m Merge branch 'linux-next' of git://git.kernel.org/pub/scm/linux/kernel/git/mst/vhost.git vhost/linux-next
Already up to date.
Merging rpmsg/for-next (3a53ff95b0be remoteproc: st: Use syscon_regmap_lookup_by_phandle_args)
$ git merge -m Merge branch 'for-next' of git://git.kernel.org/pub/scm/linux/kernel/git/remoteproc/linux.git rpmsg/for-next
Already up to date.
Merging gpio/for-next (0bb80ecc33a8 Linux 6.6-rc1)
$ git merge -m Merge branch 'for-next' of git://git.kernel.org/pub/scm/linux/kernel/git/linusw/linux-gpio.git gpio/for-next
Already up to date.
Merging gpio-brgl/gpio/for-next (b0fa00fe38f6 gpio: regmap: Use generic request/free ops)
$ git merge -m Merge branch 'gpio/for-next' of git://git.kernel.org/pub/scm/linux/kernel/git/brgl/linux.git gpio-brgl/gpio/for-next
Already up to date.
Merging gpio-intel/for-next (12b0e305f509 gpio: acpi: switch to device_for_each_child_node_scoped())
$ git merge -m Merge branch 'for-next' of git://git.kernel.org/pub/scm/linux/kernel/git/andy/linux-gpio-intel.git gpio-intel/for-next
Already up to date.
Merging pinctrl/for-next (dadea124cc27 Merge branch 'devel' into for-next)
$ git merge -m Merge branch 'for-next' of git://git.kernel.org/pub/scm/linux/kernel/git/linusw/linux-pinctrl.git pinctrl/for-next
Merge made by the 'ort' strategy.
Merging pinctrl-intel/for-next (40384c840ea1 Linux 6.13-rc1)
$ git merge -m Merge branch 'for-next' of git://git.kernel.org/pub/scm/linux/kernel/git/pinctrl/intel.git pinctrl-intel/for-next
Already up to date.
Merging pinctrl-renesas/renesas-pinctrl (accabfaae094 pinctrl: renesas: rzg2l: Fix PFC_MASK for RZ/V2H and RZ/G3E)
$ git merge -m Merge branch 'renesas-pinctrl' of git://git.kernel.org/pub/scm/linux/kernel/git/geert/renesas-drivers.git pinctrl-renesas/renesas-pinctrl
Already up to date.
Merging pinctrl-samsung/for-next (0ebb1e9e1b12 pinctrl: samsung: update child reference drop comment)
$ git merge -m Merge branch 'for-next' of git://git.kernel.org/pub/scm/linux/kernel/git/pinctrl/samsung.git pinctrl-samsung/for-next
Already up to date.
Merging pwm/pwm/for-next (da6b35378699 pwm: Ensure callbacks exist before calling them)
$ git merge -m Merge branch 'pwm/for-next' of git://git.kernel.org/pub/scm/linux/kernel/git/ukleinek/linux.git pwm/pwm/for-next
Already up to date.
Merging ktest/for-next (f3a30016e4b5 ktest.pl: Fix typo "accesing")
$ git merge -m Merge branch 'for-next' of git://git.kernel.org/pub/scm/linux/kernel/git/rostedt/linux-ktest.git ktest/for-next
Already up to date.
Merging kselftest/next (336d02bc4c6b selftests/rseq: Fix handling of glibc without rseq support)
$ git merge -m Merge branch 'next' of git://git.kernel.org/pub/scm/linux/kernel/git/shuah/linux-kselftest.git kselftest/next
Already up to date.
Merging kunit/test (40384c840ea1 Linux 6.13-rc1)
$ git merge -m Merge branch 'test' of git://git.kernel.org/pub/scm/linux/kernel/git/shuah/linux-kselftest.git kunit/test
Already up to date.
Merging kunit-next/kunit (31691914c392 kunit: Introduce autorun option)
$ git merge -m Merge branch 'kunit' of git://git.kernel.org/pub/scm/linux/kernel/git/shuah/linux-kselftest.git kunit-next/kunit
Already up to date.
Merging livepatching/for-next (f76ad354146d Merge branch 'for-6.14/selftests-dmesg' into for-next)
$ git merge -m Merge branch 'for-next' of git://git.kernel.org/pub/scm/linux/kernel/git/livepatching/livepatching livepatching/for-next
Merge made by the 'ort' strategy.
 tools/testing/selftests/livepatch/functions.sh | 3 ++-
 1 file changed, 2 insertions(+), 1 deletion(-)
Merging rtc/rtc-next (97274527e8dc rtc: pcf2127: add BSM support)
$ git merge -m Merge branch 'rtc-next' of git://git.kernel.org/pub/scm/linux/kernel/git/abelloni/linux.git rtc/rtc-next
Auto-merging arch/x86/kernel/hpet.c
Merge made by the 'ort' strategy.
 Documentation/devicetree/bindings/rtc/rtc-mxc.yaml | 10 ++-
 arch/x86/include/asm/hpet.h                        |  1 -
 arch/x86/kernel/hpet.c                             |  6 --
 drivers/rtc/Kconfig                                |  2 +-
 drivers/rtc/rtc-88pm80x.c                          |  2 +-
 drivers/rtc/rtc-88pm860x.c                         |  2 +-
 drivers/rtc/rtc-amlogic-a4.c                       |  6 +-
 drivers/rtc/rtc-armada38x.c                        |  2 +-
 drivers/rtc/rtc-as3722.c                           |  2 +-
 drivers/rtc/rtc-at91rm9200.c                       |  2 +-
 drivers/rtc/rtc-at91sam9.c                         |  2 +-
 drivers/rtc/rtc-cadence.c                          |  2 +-
 drivers/rtc/rtc-cmos.c                             |  7 +-
 drivers/rtc/rtc-cpcap.c                            |  2 +-
 drivers/rtc/rtc-cros-ec.c                          |  2 +-
 drivers/rtc/rtc-da9055.c                           |  2 +-
 drivers/rtc/rtc-ds3232.c                           |  2 +-
 drivers/rtc/rtc-isl1208.c                          |  2 +-
 drivers/rtc/rtc-jz4740.c                           |  2 +-
 drivers/rtc/rtc-loongson.c                         | 17 +++--
 drivers/rtc/rtc-lp8788.c                           |  2 +-
 drivers/rtc/rtc-lpc32xx.c                          |  2 +-
 drivers/rtc/rtc-max77686.c                         |  2 +-
 drivers/rtc/rtc-max8925.c                          |  2 +-
 drivers/rtc/rtc-max8997.c                          |  2 +-
 drivers/rtc/rtc-meson-vrtc.c                       |  2 +-
 drivers/rtc/rtc-mpc5121.c                          |  2 +-
 drivers/rtc/rtc-mt6397.c                           |  2 +-
 drivers/rtc/rtc-mv.c                               |  4 +-
 drivers/rtc/rtc-mxc.c                              |  2 +-
 drivers/rtc/rtc-mxc_v2.c                           |  2 +-
 drivers/rtc/rtc-omap.c                             |  2 +-
 drivers/rtc/rtc-palmas.c                           |  2 +-
 drivers/rtc/rtc-pcf2127.c                          | 82 ++++++++++++++++++++++
 drivers/rtc/rtc-pcf85063.c                         | 11 ++-
 drivers/rtc/rtc-pic32.c                            |  2 +-
 drivers/rtc/rtc-pm8xxx.c                           |  2 +-
 drivers/rtc/rtc-pxa.c                              |  2 +-
 drivers/rtc/rtc-rc5t583.c                          |  2 +-
 drivers/rtc/rtc-rc5t619.c                          |  2 +-
 drivers/rtc/rtc-renesas-rtca3.c                    |  2 +-
 drivers/rtc/rtc-rk808.c                            |  2 +-
 drivers/rtc/rtc-s3c.c                              |  2 +-
 drivers/rtc/rtc-s5m.c                              |  2 +-
 drivers/rtc/rtc-sa1100.c                           |  2 +-
 drivers/rtc/rtc-sc27xx.c                           |  4 +-
 drivers/rtc/rtc-sh.c                               |  2 +-
 drivers/rtc/rtc-spear.c                            |  4 +-
 drivers/rtc/rtc-stm32.c                            | 22 ++----
 drivers/rtc/rtc-sun6i.c                            |  2 +-
 drivers/rtc/rtc-sunplus.c                          |  4 +-
 drivers/rtc/rtc-tegra.c                            |  2 +-
 drivers/rtc/rtc-test.c                             |  2 +-
 drivers/rtc/rtc-tps6586x.c                         |  2 +-
 drivers/rtc/rtc-tps65910.c                         |  2 +-
 drivers/rtc/rtc-tps6594.c                          |  2 +-
 drivers/rtc/rtc-twl.c                              |  2 +-
 drivers/rtc/rtc-wm831x.c                           |  2 +-
 drivers/rtc/rtc-wm8350.c                           |  2 +-
 drivers/rtc/rtc-xgene.c                            |  4 +-
 drivers/rtc/rtc-zynqmp.c                           |  8 +--
 61 files changed, 180 insertions(+), 102 deletions(-)
Merging nvdimm/libnvdimm-for-next (f3dd9ae7f03a dax: Remove an unused field in struct dax_operations)
$ git merge -m Merge branch 'libnvdimm-for-next' of git://git.kernel.org/pub/scm/linux/kernel/git/nvdimm/nvdimm.git nvdimm/libnvdimm-for-next
Already up to date.
Merging at24/at24/for-next (36036a164fac dt-bindings: eeprom: at24: Add compatible for Puya P24C256C)
$ git merge -m Merge branch 'at24/for-next' of git://git.kernel.org/pub/scm/linux/kernel/git/brgl/linux.git at24/at24/for-next
Already up to date.
Merging ntb/ntb-next (c620f56c70eb MAINTAINERS: Update AMD NTB maintainers)
$ git merge -m Merge branch 'ntb-next' of https://github.com/jonmason/ntb.git ntb/ntb-next
Auto-merging MAINTAINERS
Merge made by the 'ort' strategy.
 MAINTAINERS                            | 1 -
 drivers/ntb/hw/intel/ntb_hw_gen3.c     | 3 +++
 drivers/ntb/hw/mscc/ntb_hw_switchtec.c | 2 +-
 3 files changed, 4 insertions(+), 2 deletions(-)
Merging seccomp/for-next/seccomp (f90877dd7fb5 seccomp: Stub for !CONFIG_SECCOMP)
$ git merge -m Merge branch 'for-next/seccomp' of git://git.kernel.org/pub/scm/linux/kernel/git/kees/linux.git seccomp/for-next/seccomp
Already up to date.
Merging fsi/next (c5eeb63edac9 fsi: Fix panic on scom file read)
$ git merge -m Merge branch 'next' of git://git.kernel.org/pub/scm/linux/kernel/git/joel/fsi.git fsi/next
Merge made by the 'ort' strategy.
 drivers/fsi/fsi-sbefifo.c |  9 ++++++++-
 drivers/fsi/i2cr-scom.c   | 11 ++++++++++-
 2 files changed, 18 insertions(+), 2 deletions(-)
Merging slimbus/for-next (40384c840ea1 Linux 6.13-rc1)
$ git merge -m Merge branch 'for-next' of git://git.kernel.org/pub/scm/linux/kernel/git/srini/slimbus.git slimbus/for-next
Already up to date.
Merging nvmem/for-next (40384c840ea1 Linux 6.13-rc1)
$ git merge -m Merge branch 'for-next' of git://git.kernel.org/pub/scm/linux/kernel/git/srini/nvmem.git nvmem/for-next
Already up to date.
Merging xarray/main (6684aba0780d XArray: Add extra debugging check to xas_lock and friends)
$ git merge -m Merge branch 'main' of git://git.infradead.org/users/willy/xarray.git xarray/main
Auto-merging lib/xarray.c
Merge made by the 'ort' strategy.
 include/linux/xarray.h | 60 +++++++++++++++++++++++++++-----------------------
 lib/xarray.c           |  3 +--
 2 files changed, 34 insertions(+), 29 deletions(-)
Merging hyperv/hyperv-next (2e03358be78b Documentation: hyperv: Add overview of guest VM hibernation)
$ git merge -m Merge branch 'hyperv-next' of git://git.kernel.org/pub/scm/linux/kernel/git/hyperv/linux.git hyperv/hyperv-next
Already up to date.
Merging auxdisplay/for-next (93b216cb312d auxdisplay: img-ascii-lcd: Constify struct img_ascii_lcd_config)
$ git merge -m Merge branch 'for-next' of git://git.kernel.org/pub/scm/linux/kernel/git/andy/linux-auxdisplay.git auxdisplay/for-next
Already up to date.
Merging kgdb/kgdb/for-next (6beaa75cd24d kdb: Remove unused flags stack)
$ git merge -m Merge branch 'kgdb/for-next' of git://git.kernel.org/pub/scm/linux/kernel/git/danielt/linux.git kgdb/kgdb/for-next
Already up to date.
Merging hmm/hmm (40384c840ea1 Linux 6.13-rc1)
$ git merge -m Merge branch 'hmm' of git://git.kernel.org/pub/scm/linux/kernel/git/rdma/rdma.git hmm/hmm
Already up to date.
Merging cfi/cfi/next (40384c840ea1 Linux 6.13-rc1)
$ git merge -m Merge branch 'cfi/next' of git://git.kernel.org/pub/scm/linux/kernel/git/mtd/linux.git cfi/cfi/next
Already up to date.
Merging mhi/mhi-next (29904a40127c bus: mhi: host: pci_generic: Enable MSI-X if the endpoint supports)
$ git merge -m Merge branch 'mhi-next' of git://git.kernel.org/pub/scm/linux/kernel/git/mani/mhi.git mhi/mhi-next
Already up to date.
Merging memblock/for-next (98b7beba1ee6 memblock: uniformly initialize all reserved pages to MIGRATE_MOVABLE)
$ git merge -m Merge branch 'for-next' of git://git.kernel.org/pub/scm/linux/kernel/git/rppt/memblock.git memblock/for-next
Already up to date.
Merging cxl/next (448a60e85ae2 cxl/core/regs: Refactor out functions to count regblocks of given type)
$ git merge -m Merge branch 'next' of git://git.kernel.org/pub/scm/linux/kernel/git/cxl/cxl.git cxl/next
Already up to date.
Merging zstd/zstd-next (3f832dfb8a8e zstd: fix g_debuglevel export warning)
$ git merge -m Merge branch 'zstd-next' of https://github.com/terrelln/linux.git zstd/zstd-next
Auto-merging include/linux/zstd.h
Auto-merging lib/zstd/common/mem.h
Auto-merging lib/zstd/compress/zstd_compress.c
Auto-merging lib/zstd/zstd_compress_module.c
Auto-merging lib/zstd/zstd_decompress_module.c
Merge made by the 'ort' strategy.
 include/linux/zstd.h                           |    2 +-
 include/linux/zstd_errors.h                    |   23 +-
 include/linux/zstd_lib.h                       |  697 ++++++++--
 lib/zstd/Makefile                              |    2 +-
 lib/zstd/common/allocations.h                  |   56 +
 lib/zstd/common/bits.h                         |  149 ++
 lib/zstd/common/bitstream.h                    |   53 +-
 lib/zstd/common/compiler.h                     |   14 +-
 lib/zstd/common/cpu.h                          |    3 +-
 lib/zstd/common/debug.c                        |    5 +-
 lib/zstd/common/debug.h                        |    3 +-
 lib/zstd/common/entropy_common.c               |   42 +-
 lib/zstd/common/error_private.c                |   12 +-
 lib/zstd/common/error_private.h                |    3 +-
 lib/zstd/common/fse.h                          |   89 +-
 lib/zstd/common/fse_decompress.c               |   94 +-
 lib/zstd/common/huf.h                          |  234 +---
 lib/zstd/common/mem.h                          |    2 +-
 lib/zstd/common/portability_macros.h           |   26 +-
 lib/zstd/common/zstd_common.c                  |   38 +-
 lib/zstd/common/zstd_deps.h                    |   16 +-
 lib/zstd/common/zstd_internal.h                |   99 +-
 lib/zstd/compress/clevels.h                    |    3 +-
 lib/zstd/compress/fse_compress.c               |   59 +-
 lib/zstd/compress/hist.c                       |    3 +-
 lib/zstd/compress/hist.h                       |    3 +-
 lib/zstd/compress/huf_compress.c               |  372 +++--
 lib/zstd/compress/zstd_compress.c              | 1758 +++++++++++++++++-------
 lib/zstd/compress/zstd_compress_internal.h     |  333 +++--
 lib/zstd/compress/zstd_compress_literals.c     |  155 ++-
 lib/zstd/compress/zstd_compress_literals.h     |   25 +-
 lib/zstd/compress/zstd_compress_sequences.c    |    7 +-
 lib/zstd/compress/zstd_compress_sequences.h    |    3 +-
 lib/zstd/compress/zstd_compress_superblock.c   |   47 +-
 lib/zstd/compress/zstd_compress_superblock.h   |    3 +-
 lib/zstd/compress/zstd_cwksp.h                 |  149 +-
 lib/zstd/compress/zstd_double_fast.c           |  129 +-
 lib/zstd/compress/zstd_double_fast.h           |    6 +-
 lib/zstd/compress/zstd_fast.c                  |  578 ++++++--
 lib/zstd/compress/zstd_fast.h                  |    6 +-
 lib/zstd/compress/zstd_lazy.c                  |  518 +++----
 lib/zstd/compress/zstd_lazy.h                  |    7 +-
 lib/zstd/compress/zstd_ldm.c                   |   11 +-
 lib/zstd/compress/zstd_ldm.h                   |    3 +-
 lib/zstd/compress/zstd_ldm_geartab.h           |    3 +-
 lib/zstd/compress/zstd_opt.c                   |  187 +--
 lib/zstd/compress/zstd_opt.h                   |    3 +-
 lib/zstd/decompress/huf_decompress.c           |  772 +++++++----
 lib/zstd/decompress/zstd_ddict.c               |    9 +-
 lib/zstd/decompress/zstd_ddict.h               |    3 +-
 lib/zstd/decompress/zstd_decompress.c          |  259 +++-
 lib/zstd/decompress/zstd_decompress_block.c    |  283 ++--
 lib/zstd/decompress/zstd_decompress_block.h    |    8 +-
 lib/zstd/decompress/zstd_decompress_internal.h |    7 +-
 lib/zstd/decompress_sources.h                  |    2 +-
 lib/zstd/zstd_common_module.c                  |    5 +-
 lib/zstd/zstd_compress_module.c                |    2 +-
 lib/zstd/zstd_decompress_module.c              |    4 +-
 58 files changed, 4791 insertions(+), 2596 deletions(-)
 create mode 100644 lib/zstd/common/allocations.h
 create mode 100644 lib/zstd/common/bits.h
Merging efi/next (64b45dd46e15 x86/efi: skip memattr table on kexec boot)
$ git merge -m Merge branch 'next' of git://git.kernel.org/pub/scm/linux/kernel/git/efi/efi.git efi/next
Already up to date.
Merging unicode/for-next (6b56a63d286f MAINTAINERS: Add Unicode tree)
$ git merge -m Merge branch 'for-next' of git://git.kernel.org/pub/scm/linux/kernel/git/krisman/unicode.git unicode/for-next
Already up to date.
Merging slab/slab/for-next (e492fac3657b Merge branch 'slab/for-6.14/kfree_rcu_move' into slab/for-next)
$ git merge -m Merge branch 'slab/for-next' of git://git.kernel.org/pub/scm/linux/kernel/git/vbabka/slab.git slab/slab/for-next
Already up to date.
Merging random/master (d18c13697b4d prandom: Include <linux/percpu.h> in <linux/prandom.h>)
$ git merge -m Merge branch 'master' of git://git.kernel.org/pub/scm/linux/kernel/git/crng/random.git random/master
Already up to date.
Merging landlock/next (24a8e44deae4 landlock: Fix grammar error)
$ git merge -m Merge branch 'next' of git://git.kernel.org/pub/scm/linux/kernel/git/mic/linux.git landlock/next
Merge made by the 'ort' strategy.
 security/landlock/ruleset.c | 2 +-
 1 file changed, 1 insertion(+), 1 deletion(-)
Merging rust/rust-next (ceff0757f5da kbuild: rust: add PROCMACROLDFLAGS)
$ git merge -m Merge branch 'rust-next' of https://github.com/Rust-for-Linux/linux.git rust/rust-next
Already up to date.
Merging sysctl/sysctl-next (9c738dae9534 sysctl: Reduce dput(child) calls in proc_sys_fill_cache())
$ git merge -m Merge branch 'sysctl-next' of git://git.kernel.org/pub/scm/linux/kernel/git/sysctl/sysctl.git sysctl/sysctl-next
Already up to date.
Merging execve/for-next/execve (87dd41e7faf2 Merge branch 'for-next/topic/execve/AT_EXECVE_CHECK' into for-next/execve)
$ git merge -m Merge branch 'for-next/execve' of git://git.kernel.org/pub/scm/linux/kernel/git/kees/linux.git execve/for-next/execve
Auto-merging include/linux/binfmts.h
CONFLICT (content): Merge conflict in include/linux/binfmts.h
Auto-merging tools/testing/selftests/landlock/fs_test.c
Resolved 'include/linux/binfmts.h' using previous resolution.
Automatic merge failed; fix conflicts and then commit the result.
$ git commit --no-edit -v -a
[master 68c7cfeed15f] Merge branch 'for-next/execve' of git://git.kernel.org/pub/scm/linux/kernel/git/kees/linux.git
$ git diff -M --stat --summary HEAD^..
 samples/check-exec/inc.c                   | 11 +++++++++--
 tools/testing/selftests/exec/check-exec.c  | 11 +++++++++--
 tools/testing/selftests/landlock/fs_test.c | 10 ++++++++--
 3 files changed, 26 insertions(+), 6 deletions(-)
Merging bitmap/bitmap-for-next (6d61a53dd6f5 Merge tag 'f2fs-for-6.14-rc1' of git://git.kernel.org/pub/scm/linux/kernel/git/jaegeuk/f2fs)
$ git merge -m Merge branch 'bitmap-for-next' of https://github.com/norov/linux.git bitmap/bitmap-for-next
Already up to date.
Merging hte/for-next (9e4259716f60 hte: tegra-194: add missing MODULE_DESCRIPTION() macro)
$ git merge -m Merge branch 'for-next' of git://git.kernel.org/pub/scm/linux/kernel/git/pateldipen1984/linux.git hte/for-next
Already up to date.
Merging kspp/for-next/kspp (dce4aab8441d kbuild: Use -fzero-init-padding-bits=all)
$ git merge -m Merge branch 'for-next/kspp' of git://git.kernel.org/pub/scm/linux/kernel/git/kees/linux.git kspp/for-next/kspp
Merge made by the 'ort' strategy.
 lib/stackinit_kunit.c      | 106 +++++++++++++++++++++++++++++++++++++++++++++
 scripts/Makefile.extrawarn |   3 ++
 2 files changed, 109 insertions(+)
Merging kspp-gustavo/for-next/kspp (6613476e225e Linux 6.8-rc1)
$ git merge -m Merge branch 'for-next/kspp' of git://git.kernel.org/pub/scm/linux/kernel/git/gustavoars/linux.git kspp-gustavo/for-next/kspp
Already up to date.
Merging nolibc/nolibc (24728b70b036 Merge tag 'nolibc-20250113-for-6.14-1' of https://git.kernel.org/pub/scm/linux/kernel/git/nolibc/linux-nolibc into nolibc)
$ git merge -m Merge branch 'nolibc' of git://git.kernel.org/pub/scm/linux/kernel/git/shuah/linux-kselftest.git nolibc/nolibc
Already up to date.
Merging tsm/tsm-next (f4738f56d1dc virt: tdx-guest: Add Quote generation support using TSM_REPORTS)
$ git merge -m Merge branch 'tsm-next' of git://git.kernel.org/pub/scm/linux/kernel/git/djbw/linux tsm/tsm-next
Already up to date.
Merging iommufd/for-next (e721f619e3ec iommufd: Fix struct iommu_hwpt_pgfault init and padding)
$ git merge -m Merge branch 'for-next' of git://git.kernel.org/pub/scm/linux/kernel/git/jgg/iommufd.git iommufd/for-next
Already up to date.
Merging turbostat/next (971f40ef6299 tools/power turbostat: Add tcore clock PMT type)
$ git merge -m Merge branch 'next' of git://git.kernel.org/pub/scm/linux/kernel/git/lenb/linux.git turbostat/next
Merge made by the 'ort' strategy.
 tools/power/x86/turbostat/turbostat.8 |  32 ++-
 tools/power/x86/turbostat/turbostat.c | 503 ++++++++++++++++++++++++++++------
 2 files changed, 443 insertions(+), 92 deletions(-)
Merging pwrseq/pwrseq/for-next (29da3e8748f9 power: sequencing: qcom-wcn: explain why we need the WLAN_EN GPIO hack)
$ git merge -m Merge branch 'pwrseq/for-next' of git://git.kernel.org/pub/scm/linux/kernel/git/brgl/linux.git pwrseq/pwrseq/for-next
Already up to date.
Merging capabilities-next/caps-next (d48da4d5ed7b security: add trace event for cap_capable)
$ git merge -m Merge branch 'caps-next' of git://git.kernel.org/pub/scm/linux/kernel/git/sergeh/linux.git capabilities-next/caps-next
Already up to date.
Merging ipe/next (aefadf03b3e3 ipe: policy_fs: fix kernel-doc warnings)
$ git merge -m Merge branch 'next' of https://git.kernel.org/pub/scm/linux/kernel/git/wufan/ipe.git ipe/next
Merge made by the 'ort' strategy.
 security/ipe/policy_fs.c | 8 ++++++--
 1 file changed, 6 insertions(+), 2 deletions(-)
Merging kcsan/next (9d89551994a4 Linux 6.13-rc6)
$ git merge -m Merge branch 'next' of git://git.kernel.org/pub/scm/linux/kernel/git/melver/linux.git kcsan/next
Already up to date.
Merging crc/crc-next (5e3c1c48fac3 lib/crc32: remove other generic implementations)
$ git merge -m Merge branch 'crc-next' of git://git.kernel.org/pub/scm/linux/kernel/git/ebiggers/linux.git crc/crc-next
Already up to date.
Merging kthread/for-next (d8b4bf4ea04d kthread: modify kernel-doc function name to match code)
$ git merge -m Merge branch 'for-next' of git://git.kernel.org/pub/scm/linux/kernel/git/frederic/linux-dynticks.git kthread/for-next
Already up to date.
Merging header_cleanup/header_cleanup (5f4c01f1e3c7 spinlock: Fix failing build for PREEMPT_RT)
$ git merge -m Merge branch 'header_cleanup' of git://evilpiepirate.org/bcachefs.git header_cleanup/header_cleanup
Already up to date.
